mode: set
github.com/moedahpos/backend/internal/repository/postgres/activity_log_repo.go:18.55,20.2 1 1
github.com/moedahpos/backend/internal/repository/postgres/activity_log_repo.go:22.86,31.16 3 1
github.com/moedahpos/backend/internal/repository/postgres/activity_log_repo.go:31.16,33.3 1 0
github.com/moedahpos/backend/internal/repository/postgres/activity_log_repo.go:34.2,34.12 1 1
github.com/moedahpos/backend/internal/repository/postgres/activity_log_repo.go:37.138,43.19 3 1
github.com/moedahpos/backend/internal/repository/postgres/activity_log_repo.go:43.19,46.3 2 1
github.com/moedahpos/backend/internal/repository/postgres/activity_log_repo.go:48.2,48.25 1 1
github.com/moedahpos/backend/internal/repository/postgres/activity_log_repo.go:48.25,51.3 2 0
github.com/moedahpos/backend/internal/repository/postgres/activity_log_repo.go:52.2,52.25 1 1
github.com/moedahpos/backend/internal/repository/postgres/activity_log_repo.go:52.25,55.3 2 0
github.com/moedahpos/backend/internal/repository/postgres/activity_log_repo.go:56.2,56.29 1 1
github.com/moedahpos/backend/internal/repository/postgres/activity_log_repo.go:56.29,59.3 2 0
github.com/moedahpos/backend/internal/repository/postgres/activity_log_repo.go:60.2,60.28 1 1
github.com/moedahpos/backend/internal/repository/postgres/activity_log_repo.go:60.28,63.3 2 0
github.com/moedahpos/backend/internal/repository/postgres/activity_log_repo.go:64.2,64.26 1 1
github.com/moedahpos/backend/internal/repository/postgres/activity_log_repo.go:64.26,67.3 2 0
github.com/moedahpos/backend/internal/repository/postgres/activity_log_repo.go:69.2,75.16 5 1
github.com/moedahpos/backend/internal/repository/postgres/activity_log_repo.go:75.16,77.3 1 1
github.com/moedahpos/backend/internal/repository/postgres/activity_log_repo.go:78.2,78.60 1 0
github.com/moedahpos/backend/internal/repository/postgres/activity_log_repo.go:78.60,80.3 1 0
github.com/moedahpos/backend/internal/repository/postgres/activity_log_repo.go:83.2,98.16 6 0
github.com/moedahpos/backend/internal/repository/postgres/activity_log_repo.go:98.16,100.3 1 0
github.com/moedahpos/backend/internal/repository/postgres/activity_log_repo.go:101.2,101.62 1 0
github.com/moedahpos/backend/internal/repository/postgres/activity_log_repo.go:101.62,103.3 1 0
github.com/moedahpos/backend/internal/repository/postgres/activity_log_repo.go:105.2,105.25 1 0
github.com/moedahpos/backend/internal/repository/postgres/batch_repo.go:17.43,17.72 1 1
github.com/moedahpos/backend/internal/repository/postgres/batch_repo.go:20.86,29.16 3 1
github.com/moedahpos/backend/internal/repository/postgres/batch_repo.go:29.16,31.3 1 0
github.com/moedahpos/backend/internal/repository/postgres/batch_repo.go:32.2,32.12 1 1
github.com/moedahpos/backend/internal/repository/postgres/batch_repo.go:37.119,47.81 3 1
github.com/moedahpos/backend/internal/repository/postgres/batch_repo.go:47.81,49.3 1 0
github.com/moedahpos/backend/internal/repository/postgres/batch_repo.go:50.2,50.21 1 1
github.com/moedahpos/backend/internal/repository/postgres/batch_repo.go:55.113,64.23 3 1
github.com/moedahpos/backend/internal/repository/postgres/batch_repo.go:64.23,68.3 2 1
github.com/moedahpos/backend/internal/repository/postgres/batch_repo.go:69.2,71.70 3 1
github.com/moedahpos/backend/internal/repository/postgres/batch_repo.go:71.70,73.3 1 0
github.com/moedahpos/backend/internal/repository/postgres/batch_repo.go:74.2,74.21 1 1
github.com/moedahpos/backend/internal/repository/postgres/batch_repo.go:79.111,94.67 3 1
github.com/moedahpos/backend/internal/repository/postgres/batch_repo.go:94.67,96.3 1 0
github.com/moedahpos/backend/internal/repository/postgres/batch_repo.go:97.2,97.18 1 1
github.com/moedahpos/backend/internal/repository/postgres/batch_repo.go:107.99,109.16 2 1
github.com/moedahpos/backend/internal/repository/postgres/batch_repo.go:109.16,111.3 1 0
github.com/moedahpos/backend/internal/repository/postgres/batch_repo.go:112.2,112.15 1 1
github.com/moedahpos/backend/internal/repository/postgres/batch_repo.go:112.15,112.36 1 1
github.com/moedahpos/backend/internal/repository/postgres/batch_repo.go:116.2,129.85 4 1
github.com/moedahpos/backend/internal/repository/postgres/batch_repo.go:129.85,131.3 1 0
github.com/moedahpos/backend/internal/repository/postgres/batch_repo.go:134.2,135.28 2 1
github.com/moedahpos/backend/internal/repository/postgres/batch_repo.go:135.28,137.3 1 1
github.com/moedahpos/backend/internal/repository/postgres/batch_repo.go:138.2,138.22 1 1
github.com/moedahpos/backend/internal/repository/postgres/batch_repo.go:138.22,141.3 1 1
github.com/moedahpos/backend/internal/repository/postgres/batch_repo.go:144.2,145.28 2 1
github.com/moedahpos/backend/internal/repository/postgres/batch_repo.go:145.28,146.21 1 1
github.com/moedahpos/backend/internal/repository/postgres/batch_repo.go:146.21,147.9 1 0
github.com/moedahpos/backend/internal/repository/postgres/batch_repo.go:150.3,151.25 2 1
github.com/moedahpos/backend/internal/repository/postgres/batch_repo.go:151.25,153.4 1 1
github.com/moedahpos/backend/internal/repository/postgres/batch_repo.go:154.3,158.17 2 1
github.com/moedahpos/backend/internal/repository/postgres/batch_repo.go:158.17,160.4 1 0
github.com/moedahpos/backend/internal/repository/postgres/batch_repo.go:161.3,161.22 1 1
github.com/moedahpos/backend/internal/repository/postgres/batch_repo.go:165.2,165.20 1 1
github.com/moedahpos/backend/internal/repository/postgres/customer_repo.go:19.49,19.81 1 1
github.com/moedahpos/backend/internal/repository/postgres/customer_repo.go:21.98,29.32 3 1
github.com/moedahpos/backend/internal/repository/postgres/customer_repo.go:29.32,31.3 1 0
github.com/moedahpos/backend/internal/repository/postgres/customer_repo.go:32.2,32.17 1 1
github.com/moedahpos/backend/internal/repository/postgres/customer_repo.go:35.112,39.20 4 1
github.com/moedahpos/backend/internal/repository/postgres/customer_repo.go:39.20,43.3 3 0
github.com/moedahpos/backend/internal/repository/postgres/customer_repo.go:44.2,47.130 3 1
github.com/moedahpos/backend/internal/repository/postgres/customer_repo.go:47.130,49.3 1 0
github.com/moedahpos/backend/internal/repository/postgres/customer_repo.go:51.2,54.67 4 1
github.com/moedahpos/backend/internal/repository/postgres/customer_repo.go:54.67,56.3 1 0
github.com/moedahpos/backend/internal/repository/postgres/customer_repo.go:57.2,57.25 1 1
github.com/moedahpos/backend/internal/repository/postgres/customer_repo.go:60.91,63.72 3 1
github.com/moedahpos/backend/internal/repository/postgres/customer_repo.go:63.72,64.36 1 0
github.com/moedahpos/backend/internal/repository/postgres/customer_repo.go:64.36,66.4 1 0
github.com/moedahpos/backend/internal/repository/postgres/customer_repo.go:67.3,67.59 1 0
github.com/moedahpos/backend/internal/repository/postgres/customer_repo.go:69.2,69.15 1 1
github.com/moedahpos/backend/internal/repository/postgres/customer_repo.go:72.98,78.122 3 1
github.com/moedahpos/backend/internal/repository/postgres/customer_repo.go:78.122,79.36 1 0
github.com/moedahpos/backend/internal/repository/postgres/customer_repo.go:79.36,81.4 1 0
github.com/moedahpos/backend/internal/repository/postgres/customer_repo.go:82.3,82.57 1 0
github.com/moedahpos/backend/internal/repository/postgres/customer_repo.go:84.2,84.17 1 1
github.com/moedahpos/backend/internal/repository/postgres/customer_repo.go:87.73,89.16 2 1
github.com/moedahpos/backend/internal/repository/postgres/customer_repo.go:89.16,91.3 1 0
github.com/moedahpos/backend/internal/repository/postgres/customer_repo.go:92.2,92.40 1 1
github.com/moedahpos/backend/internal/repository/postgres/customer_repo.go:92.40,94.3 1 0
github.com/moedahpos/backend/internal/repository/postgres/customer_repo.go:95.2,95.12 1 1
github.com/moedahpos/backend/internal/repository/postgres/customer_repo.go:99.110,102.78 3 1
github.com/moedahpos/backend/internal/repository/postgres/customer_repo.go:102.78,104.3 1 0
github.com/moedahpos/backend/internal/repository/postgres/customer_repo.go:105.2,105.18 1 1
github.com/moedahpos/backend/internal/repository/postgres/expense_repo.go:18.47,18.78 1 1
github.com/moedahpos/backend/internal/repository/postgres/expense_repo.go:22.115,24.21 2 1
github.com/moedahpos/backend/internal/repository/postgres/expense_repo.go:24.21,26.3 1 1
github.com/moedahpos/backend/internal/repository/postgres/expense_repo.go:27.2,29.58 3 1
github.com/moedahpos/backend/internal/repository/postgres/expense_repo.go:29.58,31.3 1 0
github.com/moedahpos/backend/internal/repository/postgres/expense_repo.go:32.2,32.18 1 1
github.com/moedahpos/backend/internal/repository/postgres/expense_repo.go:35.119,41.93 3 1
github.com/moedahpos/backend/internal/repository/postgres/expense_repo.go:41.93,43.3 1 0
github.com/moedahpos/backend/internal/repository/postgres/expense_repo.go:44.2,44.17 1 1
github.com/moedahpos/backend/internal/repository/postgres/expense_repo.go:47.104,50.74 3 1
github.com/moedahpos/backend/internal/repository/postgres/expense_repo.go:50.74,51.36 1 0
github.com/moedahpos/backend/internal/repository/postgres/expense_repo.go:51.36,53.4 1 0
github.com/moedahpos/backend/internal/repository/postgres/expense_repo.go:54.3,54.65 1 0
github.com/moedahpos/backend/internal/repository/postgres/expense_repo.go:56.2,56.17 1 1
github.com/moedahpos/backend/internal/repository/postgres/expense_repo.go:59.137,66.96 3 1
github.com/moedahpos/backend/internal/repository/postgres/expense_repo.go:66.96,67.36 1 0
github.com/moedahpos/backend/internal/repository/postgres/expense_repo.go:67.36,69.4 1 0
github.com/moedahpos/backend/internal/repository/postgres/expense_repo.go:70.3,70.64 1 0
github.com/moedahpos/backend/internal/repository/postgres/expense_repo.go:72.2,72.17 1 1
github.com/moedahpos/backend/internal/repository/postgres/expense_repo.go:75.80,81.16 3 1
github.com/moedahpos/backend/internal/repository/postgres/expense_repo.go:81.16,83.3 1 0
github.com/moedahpos/backend/internal/repository/postgres/expense_repo.go:84.2,84.40 1 1
github.com/moedahpos/backend/internal/repository/postgres/expense_repo.go:84.40,86.3 1 0
github.com/moedahpos/backend/internal/repository/postgres/expense_repo.go:87.2,87.12 1 1
github.com/moedahpos/backend/internal/repository/postgres/expense_repo.go:92.102,98.180 3 1
github.com/moedahpos/backend/internal/repository/postgres/expense_repo.go:98.180,100.3 1 0
github.com/moedahpos/backend/internal/repository/postgres/expense_repo.go:102.2,103.17 2 1
github.com/moedahpos/backend/internal/repository/postgres/expense_repo.go:106.109,111.24 4 1
github.com/moedahpos/backend/internal/repository/postgres/expense_repo.go:111.24,115.3 3 0
github.com/moedahpos/backend/internal/repository/postgres/expense_repo.go:116.2,116.22 1 1
github.com/moedahpos/backend/internal/repository/postgres/expense_repo.go:116.22,120.3 3 0
github.com/moedahpos/backend/internal/repository/postgres/expense_repo.go:121.2,121.20 1 1
github.com/moedahpos/backend/internal/repository/postgres/expense_repo.go:121.20,125.3 3 0
github.com/moedahpos/backend/internal/repository/postgres/expense_repo.go:127.2,130.131 3 1
github.com/moedahpos/backend/internal/repository/postgres/expense_repo.go:130.131,132.3 1 0
github.com/moedahpos/backend/internal/repository/postgres/expense_repo.go:134.2,144.71 4 1
github.com/moedahpos/backend/internal/repository/postgres/expense_repo.go:144.71,146.3 1 0
github.com/moedahpos/backend/internal/repository/postgres/expense_repo.go:147.2,147.25 1 1
github.com/moedahpos/backend/internal/repository/postgres/expense_repo.go:150.97,157.83 3 1
github.com/moedahpos/backend/internal/repository/postgres/expense_repo.go:157.83,158.36 1 0
github.com/moedahpos/backend/internal/repository/postgres/expense_repo.go:158.36,160.4 1 0
github.com/moedahpos/backend/internal/repository/postgres/expense_repo.go:161.3,161.57 1 0
github.com/moedahpos/backend/internal/repository/postgres/expense_repo.go:163.2,163.17 1 1
github.com/moedahpos/backend/internal/repository/postgres/expense_repo.go:166.95,172.156 3 1
github.com/moedahpos/backend/internal/repository/postgres/expense_repo.go:172.156,173.36 1 0
github.com/moedahpos/backend/internal/repository/postgres/expense_repo.go:173.36,175.4 1 0
github.com/moedahpos/backend/internal/repository/postgres/expense_repo.go:176.3,176.56 1 0
github.com/moedahpos/backend/internal/repository/postgres/expense_repo.go:178.2,179.17 2 1
github.com/moedahpos/backend/internal/repository/postgres/expense_repo.go:182.77,185.16 3 1
github.com/moedahpos/backend/internal/repository/postgres/expense_repo.go:185.16,187.3 1 0
github.com/moedahpos/backend/internal/repository/postgres/expense_repo.go:188.2,188.40 1 1
github.com/moedahpos/backend/internal/repository/postgres/expense_repo.go:188.40,190.3 1 0
github.com/moedahpos/backend/internal/repository/postgres/expense_repo.go:191.2,191.12 1 1
github.com/moedahpos/backend/internal/repository/postgres/expense_repo.go:194.117,200.91 3 1
github.com/moedahpos/backend/internal/repository/postgres/expense_repo.go:200.91,201.36 1 0
github.com/moedahpos/backend/internal/repository/postgres/expense_repo.go:201.36,203.4 1 0
github.com/moedahpos/backend/internal/repository/postgres/expense_repo.go:204.3,204.69 1 0
github.com/moedahpos/backend/internal/repository/postgres/expense_repo.go:206.2,207.17 2 1
github.com/moedahpos/backend/internal/repository/postgres/expense_repo.go:212.129,221.65 3 1
github.com/moedahpos/backend/internal/repository/postgres/expense_repo.go:221.65,223.3 1 0
github.com/moedahpos/backend/internal/repository/postgres/expense_repo.go:224.2,225.17 2 1
github.com/moedahpos/backend/internal/repository/postgres/expense_repo.go:228.127,233.24 4 1
github.com/moedahpos/backend/internal/repository/postgres/expense_repo.go:233.24,237.3 3 0
github.com/moedahpos/backend/internal/repository/postgres/expense_repo.go:239.2,242.142 3 1
github.com/moedahpos/backend/internal/repository/postgres/expense_repo.go:242.142,244.3 1 0
github.com/moedahpos/backend/internal/repository/postgres/expense_repo.go:246.2,256.71 4 1
github.com/moedahpos/backend/internal/repository/postgres/expense_repo.go:256.71,258.3 1 0
github.com/moedahpos/backend/internal/repository/postgres/expense_repo.go:259.2,259.25 1 1
github.com/moedahpos/backend/internal/repository/postgres/expense_repo.go:262.115,269.83 3 1
github.com/moedahpos/backend/internal/repository/postgres/expense_repo.go:269.83,270.36 1 0
github.com/moedahpos/backend/internal/repository/postgres/expense_repo.go:270.36,272.4 1 0
github.com/moedahpos/backend/internal/repository/postgres/expense_repo.go:273.3,273.66 1 0
github.com/moedahpos/backend/internal/repository/postgres/expense_repo.go:275.2,275.17 1 1
github.com/moedahpos/backend/internal/repository/postgres/expense_repo.go:278.122,288.48 3 1
github.com/moedahpos/backend/internal/repository/postgres/expense_repo.go:288.48,289.36 1 0
github.com/moedahpos/backend/internal/repository/postgres/expense_repo.go:289.36,291.4 1 0
github.com/moedahpos/backend/internal/repository/postgres/expense_repo.go:292.3,292.65 1 0
github.com/moedahpos/backend/internal/repository/postgres/expense_repo.go:294.2,295.17 2 1
github.com/moedahpos/backend/internal/repository/postgres/expense_repo.go:298.86,301.16 3 1
github.com/moedahpos/backend/internal/repository/postgres/expense_repo.go:301.16,303.3 1 0
github.com/moedahpos/backend/internal/repository/postgres/expense_repo.go:304.2,304.40 1 1
github.com/moedahpos/backend/internal/repository/postgres/expense_repo.go:304.40,306.3 1 0
github.com/moedahpos/backend/internal/repository/postgres/expense_repo.go:307.2,307.12 1 1
github.com/moedahpos/backend/internal/repository/postgres/expense_repo.go:310.104,320.58 3 1
github.com/moedahpos/backend/internal/repository/postgres/expense_repo.go:320.58,322.3 1 0
github.com/moedahpos/backend/internal/repository/postgres/expense_repo.go:323.2,323.18 1 1
github.com/moedahpos/backend/internal/repository/postgres/expense_repo.go:326.98,330.2 3 1
github.com/moedahpos/backend/internal/repository/postgres/income_repo.go:20.45,20.75 1 1
github.com/moedahpos/backend/internal/repository/postgres/income_repo.go:24.113,26.21 2 1
github.com/moedahpos/backend/internal/repository/postgres/income_repo.go:26.21,28.3 1 1
github.com/moedahpos/backend/internal/repository/postgres/income_repo.go:29.2,31.58 3 1
github.com/moedahpos/backend/internal/repository/postgres/income_repo.go:31.58,33.3 1 0
github.com/moedahpos/backend/internal/repository/postgres/income_repo.go:34.2,34.18 1 1
github.com/moedahpos/backend/internal/repository/postgres/income_repo.go:37.118,43.97 3 1
github.com/moedahpos/backend/internal/repository/postgres/income_repo.go:43.97,45.3 1 0
github.com/moedahpos/backend/internal/repository/postgres/income_repo.go:46.2,46.17 1 1
github.com/moedahpos/backend/internal/repository/postgres/income_repo.go:49.102,52.74 3 1
github.com/moedahpos/backend/internal/repository/postgres/income_repo.go:52.74,53.36 1 0
github.com/moedahpos/backend/internal/repository/postgres/income_repo.go:53.36,55.4 1 0
github.com/moedahpos/backend/internal/repository/postgres/income_repo.go:56.3,56.64 1 0
github.com/moedahpos/backend/internal/repository/postgres/income_repo.go:58.2,58.17 1 1
github.com/moedahpos/backend/internal/repository/postgres/income_repo.go:61.135,68.96 3 1
github.com/moedahpos/backend/internal/repository/postgres/income_repo.go:68.96,69.36 1 0
github.com/moedahpos/backend/internal/repository/postgres/income_repo.go:69.36,71.4 1 0
github.com/moedahpos/backend/internal/repository/postgres/income_repo.go:72.3,72.63 1 0
github.com/moedahpos/backend/internal/repository/postgres/income_repo.go:74.2,74.17 1 1
github.com/moedahpos/backend/internal/repository/postgres/income_repo.go:77.79,83.16 3 1
github.com/moedahpos/backend/internal/repository/postgres/income_repo.go:83.16,85.3 1 0
github.com/moedahpos/backend/internal/repository/postgres/income_repo.go:86.2,86.40 1 1
github.com/moedahpos/backend/internal/repository/postgres/income_repo.go:86.40,88.3 1 0
github.com/moedahpos/backend/internal/repository/postgres/income_repo.go:89.2,89.12 1 1
github.com/moedahpos/backend/internal/repository/postgres/income_repo.go:94.94,103.32 3 1
github.com/moedahpos/backend/internal/repository/postgres/income_repo.go:103.32,105.3 1 0
github.com/moedahpos/backend/internal/repository/postgres/income_repo.go:107.2,107.32 1 1
github.com/moedahpos/backend/internal/repository/postgres/income_repo.go:110.106,116.24 5 1
github.com/moedahpos/backend/internal/repository/postgres/income_repo.go:116.24,120.3 3 0
github.com/moedahpos/backend/internal/repository/postgres/income_repo.go:121.2,121.22 1 1
github.com/moedahpos/backend/internal/repository/postgres/income_repo.go:121.22,125.3 3 0
github.com/moedahpos/backend/internal/repository/postgres/income_repo.go:126.2,126.20 1 1
github.com/moedahpos/backend/internal/repository/postgres/income_repo.go:126.20,130.3 3 0
github.com/moedahpos/backend/internal/repository/postgres/income_repo.go:132.2,137.29 3 1
github.com/moedahpos/backend/internal/repository/postgres/income_repo.go:137.29,139.3 1 0
github.com/moedahpos/backend/internal/repository/postgres/income_repo.go:141.2,157.71 5 1
github.com/moedahpos/backend/internal/repository/postgres/income_repo.go:157.71,159.3 1 0
github.com/moedahpos/backend/internal/repository/postgres/income_repo.go:160.2,160.25 1 1
github.com/moedahpos/backend/internal/repository/postgres/income_repo.go:163.87,175.74 3 1
github.com/moedahpos/backend/internal/repository/postgres/income_repo.go:175.74,176.36 1 0
github.com/moedahpos/backend/internal/repository/postgres/income_repo.go:176.36,178.4 1 0
github.com/moedahpos/backend/internal/repository/postgres/income_repo.go:179.3,179.57 1 0
github.com/moedahpos/backend/internal/repository/postgres/income_repo.go:181.2,181.17 1 1
github.com/moedahpos/backend/internal/repository/postgres/income_repo.go:184.94,195.26 3 1
github.com/moedahpos/backend/internal/repository/postgres/income_repo.go:195.26,196.36 1 0
github.com/moedahpos/backend/internal/repository/postgres/income_repo.go:196.36,198.4 1 0
github.com/moedahpos/backend/internal/repository/postgres/income_repo.go:199.3,199.55 1 0
github.com/moedahpos/backend/internal/repository/postgres/income_repo.go:201.2,201.28 1 1
github.com/moedahpos/backend/internal/repository/postgres/income_repo.go:204.76,207.16 3 1
github.com/moedahpos/backend/internal/repository/postgres/income_repo.go:207.16,209.3 1 0
github.com/moedahpos/backend/internal/repository/postgres/income_repo.go:210.2,210.40 1 1
github.com/moedahpos/backend/internal/repository/postgres/income_repo.go:210.40,212.3 1 0
github.com/moedahpos/backend/internal/repository/postgres/income_repo.go:213.2,213.12 1 1
github.com/moedahpos/backend/internal/repository/postgres/income_repo.go:217.111,223.128 3 1
github.com/moedahpos/backend/internal/repository/postgres/income_repo.go:223.128,225.3 1 0
github.com/moedahpos/backend/internal/repository/postgres/income_repo.go:226.2,226.19 1 1
github.com/moedahpos/backend/internal/repository/postgres/payment_record_repo.go:16.59,16.96 1 1
github.com/moedahpos/backend/internal/repository/postgres/payment_record_repo.go:19.114,35.16 3 1
github.com/moedahpos/backend/internal/repository/postgres/payment_record_repo.go:35.16,37.3 1 0
github.com/moedahpos/backend/internal/repository/postgres/payment_record_repo.go:38.2,38.17 1 1
github.com/moedahpos/backend/internal/repository/postgres/payment_record_repo.go:42.113,51.71 3 1
github.com/moedahpos/backend/internal/repository/postgres/payment_record_repo.go:51.71,53.3 1 0
github.com/moedahpos/backend/internal/repository/postgres/payment_record_repo.go:54.2,54.21 1 1
github.com/moedahpos/backend/internal/repository/postgres/po_payment_repo.go:17.51,17.84 1 0
github.com/moedahpos/backend/internal/repository/postgres/po_payment_repo.go:20.100,28.33 3 0
github.com/moedahpos/backend/internal/repository/postgres/po_payment_repo.go:28.33,30.3 1 0
github.com/moedahpos/backend/internal/repository/postgres/po_payment_repo.go:32.2,33.18 2 0
github.com/moedahpos/backend/internal/repository/postgres/po_payment_repo.go:37.97,57.64 3 0
github.com/moedahpos/backend/internal/repository/postgres/po_payment_repo.go:57.64,59.3 1 0
github.com/moedahpos/backend/internal/repository/postgres/po_payment_repo.go:60.2,60.18 1 0
github.com/moedahpos/backend/internal/repository/postgres/po_payment_repo.go:64.119,71.72 3 0
github.com/moedahpos/backend/internal/repository/postgres/po_payment_repo.go:71.72,73.3 1 0
github.com/moedahpos/backend/internal/repository/postgres/po_payment_repo.go:74.2,75.26 2 0
github.com/moedahpos/backend/internal/repository/postgres/po_payment_repo.go:79.106,116.16 3 0
github.com/moedahpos/backend/internal/repository/postgres/po_payment_repo.go:116.16,118.3 1 0
github.com/moedahpos/backend/internal/repository/postgres/po_payment_repo.go:119.2,119.16 1 0
github.com/moedahpos/backend/internal/repository/postgres/po_payment_repo.go:122.48,123.9 1 0
github.com/moedahpos/backend/internal/repository/postgres/po_payment_repo.go:124.17,125.18 1 0
github.com/moedahpos/backend/internal/repository/postgres/po_payment_repo.go:126.21,127.16 1 0
github.com/moedahpos/backend/internal/repository/postgres/po_payment_repo.go:128.10,129.19 1 0
github.com/moedahpos/backend/internal/repository/postgres/po_payment_repo.go:134.94,135.19 1 0
github.com/moedahpos/backend/internal/repository/postgres/po_payment_repo.go:135.19,137.3 1 0
github.com/moedahpos/backend/internal/repository/postgres/po_payment_repo.go:138.2,139.25 2 0
github.com/moedahpos/backend/internal/repository/postgres/po_payment_repo.go:139.25,141.3 1 0
github.com/moedahpos/backend/internal/repository/postgres/po_payment_repo.go:142.2,158.25 7 0
github.com/moedahpos/backend/internal/repository/postgres/po_payment_repo.go:158.25,160.3 1 0
github.com/moedahpos/backend/internal/repository/postgres/po_payment_repo.go:161.2,161.25 1 0
github.com/moedahpos/backend/internal/repository/postgres/po_payment_repo.go:161.25,165.3 3 0
github.com/moedahpos/backend/internal/repository/postgres/po_payment_repo.go:166.2,166.16 1 0
github.com/moedahpos/backend/internal/repository/postgres/po_repo.go:19.37,19.63 1 1
github.com/moedahpos/backend/internal/repository/postgres/po_repo.go:21.126,23.16 2 1
github.com/moedahpos/backend/internal/repository/postgres/po_repo.go:23.16,25.3 1 0
github.com/moedahpos/backend/internal/repository/postgres/po_repo.go:26.2,26.15 1 1
github.com/moedahpos/backend/internal/repository/postgres/po_repo.go:26.15,26.36 1 1
github.com/moedahpos/backend/internal/repository/postgres/po_repo.go:28.2,36.35 3 1
github.com/moedahpos/backend/internal/repository/postgres/po_repo.go:36.35,38.3 1 0
github.com/moedahpos/backend/internal/repository/postgres/po_repo.go:40.2,41.16 2 1
github.com/moedahpos/backend/internal/repository/postgres/po_repo.go:41.16,43.3 1 0
github.com/moedahpos/backend/internal/repository/postgres/po_repo.go:45.2,45.36 1 1
github.com/moedahpos/backend/internal/repository/postgres/po_repo.go:45.36,47.3 1 0
github.com/moedahpos/backend/internal/repository/postgres/po_repo.go:48.2,49.20 2 1
github.com/moedahpos/backend/internal/repository/postgres/po_repo.go:52.125,58.29 3 1
github.com/moedahpos/backend/internal/repository/postgres/po_repo.go:58.29,60.137 2 1
github.com/moedahpos/backend/internal/repository/postgres/po_repo.go:60.137,62.4 1 0
github.com/moedahpos/backend/internal/repository/postgres/po_repo.go:63.3,63.31 1 1
github.com/moedahpos/backend/internal/repository/postgres/po_repo.go:65.2,65.20 1 1
github.com/moedahpos/backend/internal/repository/postgres/po_repo.go:68.105,72.20 4 1
github.com/moedahpos/backend/internal/repository/postgres/po_repo.go:72.20,76.3 3 0
github.com/moedahpos/backend/internal/repository/postgres/po_repo.go:77.2,77.22 1 1
github.com/moedahpos/backend/internal/repository/postgres/po_repo.go:77.22,81.3 3 0
github.com/moedahpos/backend/internal/repository/postgres/po_repo.go:82.2,82.20 1 1
github.com/moedahpos/backend/internal/repository/postgres/po_repo.go:82.20,86.3 3 0
github.com/moedahpos/backend/internal/repository/postgres/po_repo.go:87.2,92.29 3 1
github.com/moedahpos/backend/internal/repository/postgres/po_repo.go:92.29,94.3 1 0
github.com/moedahpos/backend/internal/repository/postgres/po_repo.go:96.2,129.70 4 1
github.com/moedahpos/backend/internal/repository/postgres/po_repo.go:129.70,131.3 1 0
github.com/moedahpos/backend/internal/repository/postgres/po_repo.go:132.2,132.24 1 1
github.com/moedahpos/backend/internal/repository/postgres/po_repo.go:135.90,149.75 3 1
github.com/moedahpos/backend/internal/repository/postgres/po_repo.go:149.75,150.36 1 1
github.com/moedahpos/backend/internal/repository/postgres/po_repo.go:150.36,152.4 1 1
github.com/moedahpos/backend/internal/repository/postgres/po_repo.go:153.3,153.53 1 0
github.com/moedahpos/backend/internal/repository/postgres/po_repo.go:156.2,162.70 2 1
github.com/moedahpos/backend/internal/repository/postgres/po_repo.go:162.70,164.3 1 0
github.com/moedahpos/backend/internal/repository/postgres/po_repo.go:165.2,165.16 1 1
github.com/moedahpos/backend/internal/repository/postgres/po_repo.go:168.126,170.16 2 0
github.com/moedahpos/backend/internal/repository/postgres/po_repo.go:170.16,172.3 1 0
github.com/moedahpos/backend/internal/repository/postgres/po_repo.go:173.2,173.15 1 0
github.com/moedahpos/backend/internal/repository/postgres/po_repo.go:173.15,173.36 1 0
github.com/moedahpos/backend/internal/repository/postgres/po_repo.go:175.2,181.119 3 0
github.com/moedahpos/backend/internal/repository/postgres/po_repo.go:181.119,182.36 1 0
github.com/moedahpos/backend/internal/repository/postgres/po_repo.go:182.36,184.4 1 0
github.com/moedahpos/backend/internal/repository/postgres/po_repo.go:185.3,185.51 1 0
github.com/moedahpos/backend/internal/repository/postgres/po_repo.go:189.2,189.107 1 0
github.com/moedahpos/backend/internal/repository/postgres/po_repo.go:189.107,191.3 1 0
github.com/moedahpos/backend/internal/repository/postgres/po_repo.go:192.2,193.16 2 0
github.com/moedahpos/backend/internal/repository/postgres/po_repo.go:193.16,195.3 1 0
github.com/moedahpos/backend/internal/repository/postgres/po_repo.go:197.2,197.36 1 0
github.com/moedahpos/backend/internal/repository/postgres/po_repo.go:197.36,199.3 1 0
github.com/moedahpos/backend/internal/repository/postgres/po_repo.go:200.2,201.20 2 0
github.com/moedahpos/backend/internal/repository/postgres/po_repo.go:204.68,210.16 3 1
github.com/moedahpos/backend/internal/repository/postgres/po_repo.go:210.16,212.3 1 0
github.com/moedahpos/backend/internal/repository/postgres/po_repo.go:213.2,213.40 1 1
github.com/moedahpos/backend/internal/repository/postgres/po_repo.go:213.40,215.3 1 1
github.com/moedahpos/backend/internal/repository/postgres/po_repo.go:216.2,216.12 1 1
github.com/moedahpos/backend/internal/repository/postgres/po_repo.go:220.74,230.16 3 1
github.com/moedahpos/backend/internal/repository/postgres/po_repo.go:230.16,232.3 1 0
github.com/moedahpos/backend/internal/repository/postgres/po_repo.go:234.2,235.126 2 1
github.com/moedahpos/backend/internal/repository/postgres/po_repo.go:235.126,237.3 1 0
github.com/moedahpos/backend/internal/repository/postgres/po_repo.go:239.2,240.16 2 1
github.com/moedahpos/backend/internal/repository/postgres/po_repo.go:240.16,242.3 1 0
github.com/moedahpos/backend/internal/repository/postgres/po_repo.go:243.2,243.15 1 1
github.com/moedahpos/backend/internal/repository/postgres/po_repo.go:243.15,243.36 1 1
github.com/moedahpos/backend/internal/repository/postgres/po_repo.go:246.2,250.16 2 1
github.com/moedahpos/backend/internal/repository/postgres/po_repo.go:250.16,252.3 1 0
github.com/moedahpos/backend/internal/repository/postgres/po_repo.go:253.2,253.40 1 1
github.com/moedahpos/backend/internal/repository/postgres/po_repo.go:253.40,255.3 1 0
github.com/moedahpos/backend/internal/repository/postgres/po_repo.go:258.2,260.16 1 1
github.com/moedahpos/backend/internal/repository/postgres/po_repo.go:260.16,262.3 1 0
github.com/moedahpos/backend/internal/repository/postgres/po_repo.go:264.2,283.29 5 1
github.com/moedahpos/backend/internal/repository/postgres/po_repo.go:283.29,284.107 1 1
github.com/moedahpos/backend/internal/repository/postgres/po_repo.go:284.107,286.4 1 0
github.com/moedahpos/backend/internal/repository/postgres/po_repo.go:287.3,287.93 1 1
github.com/moedahpos/backend/internal/repository/postgres/po_repo.go:287.93,289.4 1 0
github.com/moedahpos/backend/internal/repository/postgres/po_repo.go:291.3,291.84 1 1
github.com/moedahpos/backend/internal/repository/postgres/po_repo.go:291.84,293.4 1 0
github.com/moedahpos/backend/internal/repository/postgres/po_repo.go:295.3,295.117 1 1
github.com/moedahpos/backend/internal/repository/postgres/po_repo.go:295.117,297.4 1 0
github.com/moedahpos/backend/internal/repository/postgres/po_repo.go:300.2,300.20 1 1
github.com/moedahpos/backend/internal/repository/postgres/po_repo.go:303.65,309.16 4 1
github.com/moedahpos/backend/internal/repository/postgres/po_repo.go:309.16,311.3 1 0
github.com/moedahpos/backend/internal/repository/postgres/po_repo.go:312.2,312.40 1 1
github.com/moedahpos/backend/internal/repository/postgres/po_repo.go:312.40,314.3 1 0
github.com/moedahpos/backend/internal/repository/postgres/po_repo.go:315.2,315.12 1 1
github.com/moedahpos/backend/internal/repository/postgres/po_repo.go:318.79,336.2 6 1
github.com/moedahpos/backend/internal/repository/postgres/price_history_repo.go:16.57,16.93 1 0
github.com/moedahpos/backend/internal/repository/postgres/price_history_repo.go:19.85,29.16 3 0
github.com/moedahpos/backend/internal/repository/postgres/price_history_repo.go:29.16,31.3 1 0
github.com/moedahpos/backend/internal/repository/postgres/price_history_repo.go:32.2,32.12 1 0
github.com/moedahpos/backend/internal/repository/postgres/price_history_repo.go:36.144,39.83 3 0
github.com/moedahpos/backend/internal/repository/postgres/price_history_repo.go:39.83,41.3 1 0
github.com/moedahpos/backend/internal/repository/postgres/price_history_repo.go:43.2,58.92 3 0
github.com/moedahpos/backend/internal/repository/postgres/price_history_repo.go:58.92,60.3 1 0
github.com/moedahpos/backend/internal/repository/postgres/price_history_repo.go:61.2,61.25 1 0
github.com/moedahpos/backend/internal/repository/postgres/price_history_repo.go:65.140,70.23 4 0
github.com/moedahpos/backend/internal/repository/postgres/price_history_repo.go:70.23,74.3 3 0
github.com/moedahpos/backend/internal/repository/postgres/price_history_repo.go:75.2,75.20 1 0
github.com/moedahpos/backend/internal/repository/postgres/price_history_repo.go:75.20,79.3 3 0
github.com/moedahpos/backend/internal/repository/postgres/price_history_repo.go:81.2,84.29 2 0
github.com/moedahpos/backend/internal/repository/postgres/price_history_repo.go:84.29,86.3 1 0
github.com/moedahpos/backend/internal/repository/postgres/price_history_repo.go:88.2,104.67 4 0
github.com/moedahpos/backend/internal/repository/postgres/price_history_repo.go:104.67,106.3 1 0
github.com/moedahpos/backend/internal/repository/postgres/price_history_repo.go:107.2,107.25 1 0
github.com/moedahpos/backend/internal/repository/postgres/restaurant_repo.go:18.43,18.72 1 0
github.com/moedahpos/backend/internal/repository/postgres/restaurant_repo.go:20.108,27.69 3 0
github.com/moedahpos/backend/internal/repository/postgres/restaurant_repo.go:27.69,29.3 1 0
github.com/moedahpos/backend/internal/repository/postgres/restaurant_repo.go:30.2,30.20 1 0
github.com/moedahpos/backend/internal/repository/postgres/restaurant_repo.go:33.95,38.72 3 0
github.com/moedahpos/backend/internal/repository/postgres/restaurant_repo.go:38.72,39.36 1 0
github.com/moedahpos/backend/internal/repository/postgres/restaurant_repo.go:39.36,41.4 1 0
github.com/moedahpos/backend/internal/repository/postgres/restaurant_repo.go:42.3,42.56 1 0
github.com/moedahpos/backend/internal/repository/postgres/restaurant_repo.go:44.2,44.15 1 0
github.com/moedahpos/backend/internal/repository/postgres/restaurant_repo.go:47.109,56.16 4 0
github.com/moedahpos/backend/internal/repository/postgres/restaurant_repo.go:56.16,58.3 1 0
github.com/moedahpos/backend/internal/repository/postgres/restaurant_repo.go:59.2,59.17 1 0
github.com/moedahpos/backend/internal/repository/postgres/restaurant_repo.go:62.109,70.16 4 0
github.com/moedahpos/backend/internal/repository/postgres/restaurant_repo.go:70.16,71.36 1 0
github.com/moedahpos/backend/internal/repository/postgres/restaurant_repo.go:71.36,73.4 1 0
github.com/moedahpos/backend/internal/repository/postgres/restaurant_repo.go:74.3,74.54 1 0
github.com/moedahpos/backend/internal/repository/postgres/restaurant_repo.go:76.2,76.17 1 0
github.com/moedahpos/backend/internal/repository/postgres/restaurant_repo.go:79.99,82.16 3 0
github.com/moedahpos/backend/internal/repository/postgres/restaurant_repo.go:82.16,84.3 1 0
github.com/moedahpos/backend/internal/repository/postgres/restaurant_repo.go:85.2,85.40 1 0
github.com/moedahpos/backend/internal/repository/postgres/restaurant_repo.go:85.40,87.3 1 0
github.com/moedahpos/backend/internal/repository/postgres/restaurant_repo.go:88.2,88.12 1 0
github.com/moedahpos/backend/internal/repository/postgres/restaurant_repo.go:91.70,94.16 3 0
github.com/moedahpos/backend/internal/repository/postgres/restaurant_repo.go:94.16,96.3 1 0
github.com/moedahpos/backend/internal/repository/postgres/restaurant_repo.go:97.2,97.40 1 0
github.com/moedahpos/backend/internal/repository/postgres/restaurant_repo.go:97.40,99.3 1 0
github.com/moedahpos/backend/internal/repository/postgres/restaurant_repo.go:100.2,100.12 1 0
github.com/moedahpos/backend/internal/repository/postgres/restaurant_repo.go:107.49,107.81 1 0
github.com/moedahpos/backend/internal/repository/postgres/restaurant_repo.go:109.104,122.68 3 0
github.com/moedahpos/backend/internal/repository/postgres/restaurant_repo.go:122.68,124.3 1 0
github.com/moedahpos/backend/internal/repository/postgres/restaurant_repo.go:127.2,127.21 1 0
github.com/moedahpos/backend/internal/repository/postgres/restaurant_repo.go:127.21,129.3 1 0
github.com/moedahpos/backend/internal/repository/postgres/restaurant_repo.go:130.2,131.29 2 0
github.com/moedahpos/backend/internal/repository/postgres/restaurant_repo.go:131.29,133.3 1 0
github.com/moedahpos/backend/internal/repository/postgres/restaurant_repo.go:134.2,135.16 2 0
github.com/moedahpos/backend/internal/repository/postgres/restaurant_repo.go:135.16,137.3 1 0
github.com/moedahpos/backend/internal/repository/postgres/restaurant_repo.go:138.2,138.29 1 0
github.com/moedahpos/backend/internal/repository/postgres/restaurant_repo.go:138.29,140.3 1 0
github.com/moedahpos/backend/internal/repository/postgres/restaurant_repo.go:141.2,141.19 1 0
github.com/moedahpos/backend/internal/repository/postgres/restaurant_repo.go:144.91,156.75 3 0
github.com/moedahpos/backend/internal/repository/postgres/restaurant_repo.go:156.75,157.36 1 0
github.com/moedahpos/backend/internal/repository/postgres/restaurant_repo.go:157.36,159.4 1 0
github.com/moedahpos/backend/internal/repository/postgres/restaurant_repo.go:160.3,160.59 1 0
github.com/moedahpos/backend/internal/repository/postgres/restaurant_repo.go:162.2,163.16 2 0
github.com/moedahpos/backend/internal/repository/postgres/restaurant_repo.go:163.16,165.3 1 0
github.com/moedahpos/backend/internal/repository/postgres/restaurant_repo.go:166.2,167.18 2 0
github.com/moedahpos/backend/internal/repository/postgres/restaurant_repo.go:170.123,171.19 1 0
github.com/moedahpos/backend/internal/repository/postgres/restaurant_repo.go:171.19,173.3 1 0
github.com/moedahpos/backend/internal/repository/postgres/restaurant_repo.go:174.2,181.16 2 0
github.com/moedahpos/backend/internal/repository/postgres/restaurant_repo.go:181.16,183.3 1 0
github.com/moedahpos/backend/internal/repository/postgres/restaurant_repo.go:184.2,186.71 3 0
github.com/moedahpos/backend/internal/repository/postgres/restaurant_repo.go:186.71,188.3 1 0
github.com/moedahpos/backend/internal/repository/postgres/restaurant_repo.go:189.2,190.27 2 0
github.com/moedahpos/backend/internal/repository/postgres/restaurant_repo.go:190.27,192.3 1 0
github.com/moedahpos/backend/internal/repository/postgres/restaurant_repo.go:193.2,193.15 1 0
github.com/moedahpos/backend/internal/repository/postgres/restaurant_repo.go:196.101,207.16 4 0
github.com/moedahpos/backend/internal/repository/postgres/restaurant_repo.go:207.16,209.3 1 0
github.com/moedahpos/backend/internal/repository/postgres/restaurant_repo.go:210.2,210.17 1 0
github.com/moedahpos/backend/internal/repository/postgres/restaurant_repo.go:213.101,228.16 4 0
github.com/moedahpos/backend/internal/repository/postgres/restaurant_repo.go:228.16,229.36 1 0
github.com/moedahpos/backend/internal/repository/postgres/restaurant_repo.go:229.36,231.4 1 0
github.com/moedahpos/backend/internal/repository/postgres/restaurant_repo.go:232.3,232.57 1 0
github.com/moedahpos/backend/internal/repository/postgres/restaurant_repo.go:234.2,234.17 1 0
github.com/moedahpos/backend/internal/repository/postgres/restaurant_repo.go:237.123,239.16 2 0
github.com/moedahpos/backend/internal/repository/postgres/restaurant_repo.go:239.16,241.3 1 0
github.com/moedahpos/backend/internal/repository/postgres/restaurant_repo.go:242.2,242.15 1 0
github.com/moedahpos/backend/internal/repository/postgres/restaurant_repo.go:242.15,242.36 1 0
github.com/moedahpos/backend/internal/repository/postgres/restaurant_repo.go:244.2,244.120 1 0
github.com/moedahpos/backend/internal/repository/postgres/restaurant_repo.go:244.120,246.3 1 0
github.com/moedahpos/backend/internal/repository/postgres/restaurant_repo.go:247.2,247.27 1 0
github.com/moedahpos/backend/internal/repository/postgres/restaurant_repo.go:247.27,250.59 1 0
github.com/moedahpos/backend/internal/repository/postgres/restaurant_repo.go:250.59,252.4 1 0
github.com/moedahpos/backend/internal/repository/postgres/restaurant_repo.go:254.2,254.20 1 0
github.com/moedahpos/backend/internal/repository/postgres/restaurant_repo.go:257.73,260.16 3 0
github.com/moedahpos/backend/internal/repository/postgres/restaurant_repo.go:260.16,262.3 1 0
github.com/moedahpos/backend/internal/repository/postgres/restaurant_repo.go:263.2,263.40 1 0
github.com/moedahpos/backend/internal/repository/postgres/restaurant_repo.go:263.40,265.3 1 0
github.com/moedahpos/backend/internal/repository/postgres/restaurant_repo.go:266.2,266.12 1 0
github.com/moedahpos/backend/internal/repository/postgres/role_repo.go:17.41,17.69 1 0
github.com/moedahpos/backend/internal/repository/postgres/role_repo.go:20.75,23.64 3 0
github.com/moedahpos/backend/internal/repository/postgres/role_repo.go:23.64,25.3 1 0
github.com/moedahpos/backend/internal/repository/postgres/role_repo.go:28.2,35.16 3 0
github.com/moedahpos/backend/internal/repository/postgres/role_repo.go:35.16,37.3 1 0
github.com/moedahpos/backend/internal/repository/postgres/role_repo.go:38.2,38.15 1 0
github.com/moedahpos/backend/internal/repository/postgres/role_repo.go:38.15,39.40 1 0
github.com/moedahpos/backend/internal/repository/postgres/role_repo.go:39.40,41.4 1 0
github.com/moedahpos/backend/internal/repository/postgres/role_repo.go:44.2,45.18 2 0
github.com/moedahpos/backend/internal/repository/postgres/role_repo.go:45.18,47.55 2 0
github.com/moedahpos/backend/internal/repository/postgres/role_repo.go:47.55,49.4 1 0
github.com/moedahpos/backend/internal/repository/postgres/role_repo.go:50.3,50.54 1 0
github.com/moedahpos/backend/internal/repository/postgres/role_repo.go:53.2,53.29 1 0
github.com/moedahpos/backend/internal/repository/postgres/role_repo.go:53.29,55.3 1 0
github.com/moedahpos/backend/internal/repository/postgres/role_repo.go:56.2,56.19 1 0
github.com/moedahpos/backend/internal/repository/postgres/stock_adjustment_repo.go:17.63,19.2 1 1
github.com/moedahpos/backend/internal/repository/postgres/stock_adjustment_repo.go:22.135,24.16 2 1
github.com/moedahpos/backend/internal/repository/postgres/stock_adjustment_repo.go:24.16,26.3 1 0
github.com/moedahpos/backend/internal/repository/postgres/stock_adjustment_repo.go:27.2,27.15 1 1
github.com/moedahpos/backend/internal/repository/postgres/stock_adjustment_repo.go:27.15,27.36 1 1
github.com/moedahpos/backend/internal/repository/postgres/stock_adjustment_repo.go:29.2,36.155 3 1
github.com/moedahpos/backend/internal/repository/postgres/stock_adjustment_repo.go:36.155,38.3 1 0
github.com/moedahpos/backend/internal/repository/postgres/stock_adjustment_repo.go:40.2,40.25 1 1
github.com/moedahpos/backend/internal/repository/postgres/stock_adjustment_repo.go:40.25,55.92 4 1
github.com/moedahpos/backend/internal/repository/postgres/stock_adjustment_repo.go:55.92,57.4 1 0
github.com/moedahpos/backend/internal/repository/postgres/stock_adjustment_repo.go:60.3,61.29 2 1
github.com/moedahpos/backend/internal/repository/postgres/stock_adjustment_repo.go:61.29,63.4 1 1
github.com/moedahpos/backend/internal/repository/postgres/stock_adjustment_repo.go:64.3,64.34 1 1
github.com/moedahpos/backend/internal/repository/postgres/stock_adjustment_repo.go:64.34,66.4 1 1
github.com/moedahpos/backend/internal/repository/postgres/stock_adjustment_repo.go:68.3,69.29 2 1
github.com/moedahpos/backend/internal/repository/postgres/stock_adjustment_repo.go:69.29,70.22 1 1
github.com/moedahpos/backend/internal/repository/postgres/stock_adjustment_repo.go:70.22,71.10 1 0
github.com/moedahpos/backend/internal/repository/postgres/stock_adjustment_repo.go:73.4,74.26 2 1
github.com/moedahpos/backend/internal/repository/postgres/stock_adjustment_repo.go:74.26,76.5 1 1
github.com/moedahpos/backend/internal/repository/postgres/stock_adjustment_repo.go:77.4,80.129 2 1
github.com/moedahpos/backend/internal/repository/postgres/stock_adjustment_repo.go:80.129,82.5 1 0
github.com/moedahpos/backend/internal/repository/postgres/stock_adjustment_repo.go:85.4,86.192 2 1
github.com/moedahpos/backend/internal/repository/postgres/stock_adjustment_repo.go:86.192,88.5 1 0
github.com/moedahpos/backend/internal/repository/postgres/stock_adjustment_repo.go:90.4,90.23 1 1
github.com/moedahpos/backend/internal/repository/postgres/stock_adjustment_repo.go:94.3,94.182 1 1
github.com/moedahpos/backend/internal/repository/postgres/stock_adjustment_repo.go:94.182,96.4 1 0
github.com/moedahpos/backend/internal/repository/postgres/stock_adjustment_repo.go:99.3,101.99 2 1
github.com/moedahpos/backend/internal/repository/postgres/stock_adjustment_repo.go:101.99,103.4 1 0
github.com/moedahpos/backend/internal/repository/postgres/stock_adjustment_repo.go:105.8,105.31 1 1
github.com/moedahpos/backend/internal/repository/postgres/stock_adjustment_repo.go:105.31,111.23 3 1
github.com/moedahpos/backend/internal/repository/postgres/stock_adjustment_repo.go:111.23,114.4 1 0
github.com/moedahpos/backend/internal/repository/postgres/stock_adjustment_repo.go:116.3,118.83 2 1
github.com/moedahpos/backend/internal/repository/postgres/stock_adjustment_repo.go:118.83,120.4 1 0
github.com/moedahpos/backend/internal/repository/postgres/stock_adjustment_repo.go:123.3,124.200 2 1
github.com/moedahpos/backend/internal/repository/postgres/stock_adjustment_repo.go:124.200,126.4 1 0
github.com/moedahpos/backend/internal/repository/postgres/stock_adjustment_repo.go:129.3,133.76 1 1
github.com/moedahpos/backend/internal/repository/postgres/stock_adjustment_repo.go:133.76,135.4 1 0
github.com/moedahpos/backend/internal/repository/postgres/stock_adjustment_repo.go:138.3,140.98 2 1
github.com/moedahpos/backend/internal/repository/postgres/stock_adjustment_repo.go:140.98,142.4 1 0
github.com/moedahpos/backend/internal/repository/postgres/stock_adjustment_repo.go:145.2,145.20 1 1
github.com/moedahpos/backend/internal/repository/postgres/stock_adjustment_repo.go:148.148,161.42 3 0
github.com/moedahpos/backend/internal/repository/postgres/stock_adjustment_repo.go:161.42,164.3 2 0
github.com/moedahpos/backend/internal/repository/postgres/stock_adjustment_repo.go:166.2,169.74 3 0
github.com/moedahpos/backend/internal/repository/postgres/stock_adjustment_repo.go:169.74,171.3 1 0
github.com/moedahpos/backend/internal/repository/postgres/stock_adjustment_repo.go:173.2,173.25 1 0
github.com/moedahpos/backend/internal/repository/postgres/store_product_stock_repo.go:22.43,22.72 1 1
github.com/moedahpos/backend/internal/repository/postgres/store_product_stock_repo.go:24.89,31.16 4 1
github.com/moedahpos/backend/internal/repository/postgres/store_product_stock_repo.go:31.16,33.3 1 0
github.com/moedahpos/backend/internal/repository/postgres/store_product_stock_repo.go:34.2,34.17 1 1
github.com/moedahpos/backend/internal/repository/postgres/store_product_stock_repo.go:37.108,42.25 4 1
github.com/moedahpos/backend/internal/repository/postgres/store_product_stock_repo.go:42.25,46.3 3 1
github.com/moedahpos/backend/internal/repository/postgres/store_product_stock_repo.go:47.2,47.28 1 1
github.com/moedahpos/backend/internal/repository/postgres/store_product_stock_repo.go:47.28,51.3 3 0
github.com/moedahpos/backend/internal/repository/postgres/store_product_stock_repo.go:53.2,58.81 4 1
github.com/moedahpos/backend/internal/repository/postgres/store_product_stock_repo.go:58.81,60.3 1 0
github.com/moedahpos/backend/internal/repository/postgres/store_product_stock_repo.go:63.2,71.73 4 1
github.com/moedahpos/backend/internal/repository/postgres/store_product_stock_repo.go:71.73,73.3 1 0
github.com/moedahpos/backend/internal/repository/postgres/store_product_stock_repo.go:74.2,74.27 1 1
github.com/moedahpos/backend/internal/repository/postgres/store_product_stock_repo.go:77.85,82.72 3 0
github.com/moedahpos/backend/internal/repository/postgres/store_product_stock_repo.go:82.72,83.36 1 0
github.com/moedahpos/backend/internal/repository/postgres/store_product_stock_repo.go:83.36,85.4 1 0
github.com/moedahpos/backend/internal/repository/postgres/store_product_stock_repo.go:86.3,86.56 1 0
github.com/moedahpos/backend/internal/repository/postgres/store_product_stock_repo.go:88.2,88.15 1 0
github.com/moedahpos/backend/internal/repository/postgres/store_product_stock_repo.go:91.89,99.16 4 1
github.com/moedahpos/backend/internal/repository/postgres/store_product_stock_repo.go:99.16,100.36 1 0
github.com/moedahpos/backend/internal/repository/postgres/store_product_stock_repo.go:100.36,102.4 1 0
github.com/moedahpos/backend/internal/repository/postgres/store_product_stock_repo.go:103.3,103.54 1 0
github.com/moedahpos/backend/internal/repository/postgres/store_product_stock_repo.go:105.2,105.17 1 1
github.com/moedahpos/backend/internal/repository/postgres/store_product_stock_repo.go:109.70,112.16 3 0
github.com/moedahpos/backend/internal/repository/postgres/store_product_stock_repo.go:112.16,114.3 1 0
github.com/moedahpos/backend/internal/repository/postgres/store_product_stock_repo.go:115.2,115.40 1 0
github.com/moedahpos/backend/internal/repository/postgres/store_product_stock_repo.go:115.40,117.3 1 0
github.com/moedahpos/backend/internal/repository/postgres/store_product_stock_repo.go:118.2,118.12 1 0
github.com/moedahpos/backend/internal/repository/postgres/store_product_stock_repo.go:123.104,128.86 3 1
github.com/moedahpos/backend/internal/repository/postgres/store_product_stock_repo.go:128.86,129.36 1 0
github.com/moedahpos/backend/internal/repository/postgres/store_product_stock_repo.go:129.36,131.4 1 0
github.com/moedahpos/backend/internal/repository/postgres/store_product_stock_repo.go:132.3,132.58 1 0
github.com/moedahpos/backend/internal/repository/postgres/store_product_stock_repo.go:134.2,134.16 1 1
github.com/moedahpos/backend/internal/repository/postgres/store_product_stock_repo.go:137.101,154.70 3 1
github.com/moedahpos/backend/internal/repository/postgres/store_product_stock_repo.go:154.70,156.3 1 0
github.com/moedahpos/backend/internal/repository/postgres/store_product_stock_repo.go:157.2,157.21 1 1
github.com/moedahpos/backend/internal/repository/postgres/store_product_stock_repo.go:160.80,165.86 2 1
github.com/moedahpos/backend/internal/repository/postgres/store_product_stock_repo.go:165.86,167.3 1 0
github.com/moedahpos/backend/internal/repository/postgres/store_product_stock_repo.go:168.2,168.12 1 1
github.com/moedahpos/backend/internal/repository/postgres/store_product_stock_repo.go:171.97,173.77 2 1
github.com/moedahpos/backend/internal/repository/postgres/store_product_stock_repo.go:173.77,175.3 1 0
github.com/moedahpos/backend/internal/repository/postgres/store_product_stock_repo.go:176.2,176.12 1 1
github.com/moedahpos/backend/internal/repository/postgres/store_product_stock_repo.go:180.89,183.16 3 1
github.com/moedahpos/backend/internal/repository/postgres/store_product_stock_repo.go:183.16,185.3 1 0
github.com/moedahpos/backend/internal/repository/postgres/store_product_stock_repo.go:186.2,186.40 1 1
github.com/moedahpos/backend/internal/repository/postgres/store_product_stock_repo.go:186.40,188.3 1 0
github.com/moedahpos/backend/internal/repository/postgres/store_product_stock_repo.go:189.2,189.12 1 1
github.com/moedahpos/backend/internal/repository/postgres/store_product_stock_repo.go:196.49,196.81 1 1
github.com/moedahpos/backend/internal/repository/postgres/store_product_stock_repo.go:198.98,204.101 3 1
github.com/moedahpos/backend/internal/repository/postgres/store_product_stock_repo.go:204.101,206.3 1 0
github.com/moedahpos/backend/internal/repository/postgres/store_product_stock_repo.go:207.2,207.17 1 1
github.com/moedahpos/backend/internal/repository/postgres/store_product_stock_repo.go:210.104,219.67 3 1
github.com/moedahpos/backend/internal/repository/postgres/store_product_stock_repo.go:219.67,221.3 1 0
github.com/moedahpos/backend/internal/repository/postgres/store_product_stock_repo.go:222.2,222.18 1 1
github.com/moedahpos/backend/internal/repository/postgres/store_product_stock_repo.go:225.91,230.72 3 0
github.com/moedahpos/backend/internal/repository/postgres/store_product_stock_repo.go:230.72,231.36 1 0
github.com/moedahpos/backend/internal/repository/postgres/store_product_stock_repo.go:231.36,233.4 1 0
github.com/moedahpos/backend/internal/repository/postgres/store_product_stock_repo.go:234.3,234.59 1 0
github.com/moedahpos/backend/internal/repository/postgres/store_product_stock_repo.go:236.2,236.15 1 0
github.com/moedahpos/backend/internal/repository/postgres/store_product_stock_repo.go:239.98,245.96 3 1
github.com/moedahpos/backend/internal/repository/postgres/store_product_stock_repo.go:245.96,246.36 1 0
github.com/moedahpos/backend/internal/repository/postgres/store_product_stock_repo.go:246.36,248.4 1 0
github.com/moedahpos/backend/internal/repository/postgres/store_product_stock_repo.go:249.3,249.57 1 0
github.com/moedahpos/backend/internal/repository/postgres/store_product_stock_repo.go:251.2,251.17 1 1
github.com/moedahpos/backend/internal/repository/postgres/store_product_stock_repo.go:254.73,257.16 3 1
github.com/moedahpos/backend/internal/repository/postgres/store_product_stock_repo.go:257.16,259.3 1 0
github.com/moedahpos/backend/internal/repository/postgres/store_product_stock_repo.go:260.2,260.40 1 1
github.com/moedahpos/backend/internal/repository/postgres/store_product_stock_repo.go:260.40,262.3 1 0
github.com/moedahpos/backend/internal/repository/postgres/store_product_stock_repo.go:263.2,263.12 1 1
github.com/moedahpos/backend/internal/repository/postgres/store_product_stock_repo.go:270.47,270.78 1 1
github.com/moedahpos/backend/internal/repository/postgres/store_product_stock_repo.go:272.95,284.16 4 1
github.com/moedahpos/backend/internal/repository/postgres/store_product_stock_repo.go:284.16,286.3 1 0
github.com/moedahpos/backend/internal/repository/postgres/store_product_stock_repo.go:287.2,287.17 1 1
github.com/moedahpos/backend/internal/repository/postgres/store_product_stock_repo.go:290.109,296.20 5 0
github.com/moedahpos/backend/internal/repository/postgres/store_product_stock_repo.go:296.20,300.3 3 0
github.com/moedahpos/backend/internal/repository/postgres/store_product_stock_repo.go:301.2,301.24 1 0
github.com/moedahpos/backend/internal/repository/postgres/store_product_stock_repo.go:301.24,305.3 3 0
github.com/moedahpos/backend/internal/repository/postgres/store_product_stock_repo.go:306.2,306.23 1 0
github.com/moedahpos/backend/internal/repository/postgres/store_product_stock_repo.go:306.23,310.3 3 0
github.com/moedahpos/backend/internal/repository/postgres/store_product_stock_repo.go:312.2,317.29 3 0
github.com/moedahpos/backend/internal/repository/postgres/store_product_stock_repo.go:317.29,319.3 1 0
github.com/moedahpos/backend/internal/repository/postgres/store_product_stock_repo.go:321.2,324.17 4 0
github.com/moedahpos/backend/internal/repository/postgres/store_product_stock_repo.go:324.17,327.3 2 0
github.com/moedahpos/backend/internal/repository/postgres/store_product_stock_repo.go:329.2,344.75 3 0
github.com/moedahpos/backend/internal/repository/postgres/store_product_stock_repo.go:344.75,346.3 1 0
github.com/moedahpos/backend/internal/repository/postgres/store_product_stock_repo.go:347.2,347.29 1 0
github.com/moedahpos/backend/internal/repository/postgres/store_product_stock_repo.go:350.89,361.72 3 1
github.com/moedahpos/backend/internal/repository/postgres/store_product_stock_repo.go:361.72,362.36 1 0
github.com/moedahpos/backend/internal/repository/postgres/store_product_stock_repo.go:362.36,364.4 1 0
github.com/moedahpos/backend/internal/repository/postgres/store_product_stock_repo.go:365.3,365.58 1 0
github.com/moedahpos/backend/internal/repository/postgres/store_product_stock_repo.go:367.2,367.15 1 1
github.com/moedahpos/backend/internal/repository/postgres/store_product_stock_repo.go:370.108,381.86 3 0
github.com/moedahpos/backend/internal/repository/postgres/store_product_stock_repo.go:381.86,382.36 1 0
github.com/moedahpos/backend/internal/repository/postgres/store_product_stock_repo.go:382.36,384.4 1 0
github.com/moedahpos/backend/internal/repository/postgres/store_product_stock_repo.go:385.3,385.63 1 0
github.com/moedahpos/backend/internal/repository/postgres/store_product_stock_repo.go:387.2,387.15 1 0
github.com/moedahpos/backend/internal/repository/postgres/store_product_stock_repo.go:390.102,393.21 3 1
github.com/moedahpos/backend/internal/repository/postgres/store_product_stock_repo.go:393.21,396.3 2 0
github.com/moedahpos/backend/internal/repository/postgres/store_product_stock_repo.go:397.2,399.77 3 1
github.com/moedahpos/backend/internal/repository/postgres/store_product_stock_repo.go:399.77,401.3 1 0
github.com/moedahpos/backend/internal/repository/postgres/store_product_stock_repo.go:402.2,402.20 1 1
github.com/moedahpos/backend/internal/repository/postgres/store_product_stock_repo.go:405.95,418.16 4 1
github.com/moedahpos/backend/internal/repository/postgres/store_product_stock_repo.go:418.16,419.36 1 0
github.com/moedahpos/backend/internal/repository/postgres/store_product_stock_repo.go:419.36,421.4 1 0
github.com/moedahpos/backend/internal/repository/postgres/store_product_stock_repo.go:422.3,422.56 1 0
github.com/moedahpos/backend/internal/repository/postgres/store_product_stock_repo.go:424.2,424.17 1 1
github.com/moedahpos/backend/internal/repository/postgres/store_product_stock_repo.go:427.72,430.16 3 1
github.com/moedahpos/backend/internal/repository/postgres/store_product_stock_repo.go:430.16,432.3 1 0
github.com/moedahpos/backend/internal/repository/postgres/store_product_stock_repo.go:433.2,433.40 1 1
github.com/moedahpos/backend/internal/repository/postgres/store_product_stock_repo.go:433.40,435.3 1 0
github.com/moedahpos/backend/internal/repository/postgres/store_product_stock_repo.go:436.2,436.12 1 1
github.com/moedahpos/backend/internal/repository/postgres/store_product_stock_repo.go:443.43,443.72 1 1
github.com/moedahpos/backend/internal/repository/postgres/store_product_stock_repo.go:445.125,452.18 2 1
github.com/moedahpos/backend/internal/repository/postgres/store_product_stock_repo.go:452.18,454.3 1 1
github.com/moedahpos/backend/internal/repository/postgres/store_product_stock_repo.go:455.2,458.69 3 1
github.com/moedahpos/backend/internal/repository/postgres/store_product_stock_repo.go:458.69,460.3 1 0
github.com/moedahpos/backend/internal/repository/postgres/store_product_stock_repo.go:461.2,461.20 1 1
github.com/moedahpos/backend/internal/repository/postgres/store_product_stock_repo.go:464.116,472.89 3 1
github.com/moedahpos/backend/internal/repository/postgres/store_product_stock_repo.go:472.89,473.36 1 1
github.com/moedahpos/backend/internal/repository/postgres/store_product_stock_repo.go:473.36,475.4 1 1
github.com/moedahpos/backend/internal/repository/postgres/store_product_stock_repo.go:476.3,476.66 1 0
github.com/moedahpos/backend/internal/repository/postgres/store_product_stock_repo.go:478.2,478.16 1 1
github.com/moedahpos/backend/internal/repository/postgres/store_product_stock_repo.go:481.103,486.77 2 1
github.com/moedahpos/backend/internal/repository/postgres/store_product_stock_repo.go:486.77,488.3 1 0
github.com/moedahpos/backend/internal/repository/postgres/store_product_stock_repo.go:489.2,489.12 1 1
github.com/moedahpos/backend/internal/repository/postgres/store_product_stock_repo.go:493.103,495.16 2 1
github.com/moedahpos/backend/internal/repository/postgres/store_product_stock_repo.go:495.16,497.3 1 0
github.com/moedahpos/backend/internal/repository/postgres/store_product_stock_repo.go:498.2,498.15 1 1
github.com/moedahpos/backend/internal/repository/postgres/store_product_stock_repo.go:498.15,498.36 1 1
github.com/moedahpos/backend/internal/repository/postgres/store_product_stock_repo.go:501.2,507.16 2 1
github.com/moedahpos/backend/internal/repository/postgres/store_product_stock_repo.go:507.16,509.3 1 1
github.com/moedahpos/backend/internal/repository/postgres/store_product_stock_repo.go:512.2,519.114 3 1
github.com/moedahpos/backend/internal/repository/postgres/store_product_stock_repo.go:519.114,521.3 1 0
github.com/moedahpos/backend/internal/repository/postgres/store_product_stock_repo.go:523.2,523.36 1 1
github.com/moedahpos/backend/internal/repository/postgres/store_product_stock_repo.go:523.36,525.3 1 0
github.com/moedahpos/backend/internal/repository/postgres/store_product_stock_repo.go:528.2,531.16 3 1
github.com/moedahpos/backend/internal/repository/postgres/store_product_stock_repo.go:534.121,540.23 5 1
github.com/moedahpos/backend/internal/repository/postgres/store_product_stock_repo.go:540.23,544.3 3 0
github.com/moedahpos/backend/internal/repository/postgres/store_product_stock_repo.go:545.2,545.21 1 1
github.com/moedahpos/backend/internal/repository/postgres/store_product_stock_repo.go:545.21,549.3 3 0
github.com/moedahpos/backend/internal/repository/postgres/store_product_stock_repo.go:551.2,556.29 3 1
github.com/moedahpos/backend/internal/repository/postgres/store_product_stock_repo.go:556.29,558.3 1 0
github.com/moedahpos/backend/internal/repository/postgres/store_product_stock_repo.go:560.2,573.76 4 1
github.com/moedahpos/backend/internal/repository/postgres/store_product_stock_repo.go:573.76,575.3 1 0
github.com/moedahpos/backend/internal/repository/postgres/store_product_stock_repo.go:576.2,576.30 1 1
github.com/moedahpos/backend/internal/repository/postgres/store_product_stock_repo.go:581.125,583.16 2 1
github.com/moedahpos/backend/internal/repository/postgres/store_product_stock_repo.go:583.16,585.3 1 0
github.com/moedahpos/backend/internal/repository/postgres/store_product_stock_repo.go:586.2,586.15 1 1
github.com/moedahpos/backend/internal/repository/postgres/store_product_stock_repo.go:586.15,586.36 1 1
github.com/moedahpos/backend/internal/repository/postgres/store_product_stock_repo.go:588.2,591.96 2 1
github.com/moedahpos/backend/internal/repository/postgres/store_product_stock_repo.go:591.96,593.3 1 0
github.com/moedahpos/backend/internal/repository/postgres/store_product_stock_repo.go:595.2,599.77 2 1
github.com/moedahpos/backend/internal/repository/postgres/store_product_stock_repo.go:599.77,601.3 1 0
github.com/moedahpos/backend/internal/repository/postgres/store_product_stock_repo.go:603.2,603.20 1 1
github.com/moedahpos/backend/internal/repository/postgres/supplier_report_repo.go:21.49,21.81 1 1
github.com/moedahpos/backend/internal/repository/postgres/supplier_report_repo.go:23.98,29.122 3 1
github.com/moedahpos/backend/internal/repository/postgres/supplier_report_repo.go:29.122,31.3 1 0
github.com/moedahpos/backend/internal/repository/postgres/supplier_report_repo.go:32.2,32.17 1 1
github.com/moedahpos/backend/internal/repository/postgres/supplier_report_repo.go:35.112,40.20 4 1
github.com/moedahpos/backend/internal/repository/postgres/supplier_report_repo.go:40.20,44.3 3 1
github.com/moedahpos/backend/internal/repository/postgres/supplier_report_repo.go:45.2,45.23 1 1
github.com/moedahpos/backend/internal/repository/postgres/supplier_report_repo.go:45.23,49.3 3 1
github.com/moedahpos/backend/internal/repository/postgres/supplier_report_repo.go:50.2,55.29 3 1
github.com/moedahpos/backend/internal/repository/postgres/supplier_report_repo.go:55.29,57.3 1 0
github.com/moedahpos/backend/internal/repository/postgres/supplier_report_repo.go:59.2,66.76 4 1
github.com/moedahpos/backend/internal/repository/postgres/supplier_report_repo.go:66.76,68.3 1 0
github.com/moedahpos/backend/internal/repository/postgres/supplier_report_repo.go:69.2,69.30 1 1
github.com/moedahpos/backend/internal/repository/postgres/supplier_report_repo.go:72.91,77.72 3 1
github.com/moedahpos/backend/internal/repository/postgres/supplier_report_repo.go:77.72,78.36 1 1
github.com/moedahpos/backend/internal/repository/postgres/supplier_report_repo.go:78.36,80.4 1 1
github.com/moedahpos/backend/internal/repository/postgres/supplier_report_repo.go:81.3,81.59 1 0
github.com/moedahpos/backend/internal/repository/postgres/supplier_report_repo.go:83.2,83.15 1 1
github.com/moedahpos/backend/internal/repository/postgres/supplier_report_repo.go:86.98,92.140 3 1
github.com/moedahpos/backend/internal/repository/postgres/supplier_report_repo.go:92.140,93.36 1 0
github.com/moedahpos/backend/internal/repository/postgres/supplier_report_repo.go:93.36,95.4 1 0
github.com/moedahpos/backend/internal/repository/postgres/supplier_report_repo.go:96.3,96.57 1 0
github.com/moedahpos/backend/internal/repository/postgres/supplier_report_repo.go:98.2,98.17 1 1
github.com/moedahpos/backend/internal/repository/postgres/supplier_report_repo.go:101.73,104.16 3 1
github.com/moedahpos/backend/internal/repository/postgres/supplier_report_repo.go:104.16,106.3 1 0
github.com/moedahpos/backend/internal/repository/postgres/supplier_report_repo.go:107.2,107.40 1 1
github.com/moedahpos/backend/internal/repository/postgres/supplier_report_repo.go:107.40,109.3 1 1
github.com/moedahpos/backend/internal/repository/postgres/supplier_report_repo.go:110.2,110.12 1 1
github.com/moedahpos/backend/internal/repository/postgres/supplier_report_repo.go:117.45,117.75 1 1
github.com/moedahpos/backend/internal/repository/postgres/supplier_report_repo.go:119.123,187.77 3 1
github.com/moedahpos/backend/internal/repository/postgres/supplier_report_repo.go:187.77,189.3 1 0
github.com/moedahpos/backend/internal/repository/postgres/supplier_report_repo.go:190.2,190.18 1 1
github.com/moedahpos/backend/internal/repository/postgres/supplier_report_repo.go:193.127,214.77 3 1
github.com/moedahpos/backend/internal/repository/postgres/supplier_report_repo.go:214.77,216.3 1 0
github.com/moedahpos/backend/internal/repository/postgres/supplier_report_repo.go:217.2,217.18 1 1
github.com/moedahpos/backend/internal/repository/postgres/supplier_report_repo.go:220.127,234.77 3 1
github.com/moedahpos/backend/internal/repository/postgres/supplier_report_repo.go:234.77,236.3 1 0
github.com/moedahpos/backend/internal/repository/postgres/supplier_report_repo.go:237.2,237.18 1 1
github.com/moedahpos/backend/internal/repository/postgres/supplier_report_repo.go:240.107,255.67 3 1
github.com/moedahpos/backend/internal/repository/postgres/supplier_report_repo.go:255.67,257.3 1 0
github.com/moedahpos/backend/internal/repository/postgres/supplier_report_repo.go:258.2,258.18 1 1
github.com/moedahpos/backend/internal/repository/postgres/supplier_report_repo.go:268.51,274.36 2 1
github.com/moedahpos/backend/internal/repository/postgres/supplier_report_repo.go:274.36,276.3 1 1
github.com/moedahpos/backend/internal/repository/postgres/supplier_report_repo.go:277.2,277.21 1 0
github.com/moedahpos/backend/internal/repository/postgres/supplier_report_repo.go:280.53,286.36 2 1
github.com/moedahpos/backend/internal/repository/postgres/supplier_report_repo.go:286.36,288.3 1 1
github.com/moedahpos/backend/internal/repository/postgres/supplier_report_repo.go:289.2,289.21 1 0
github.com/moedahpos/backend/internal/repository/postgres/supplier_report_repo.go:292.55,298.36 2 1
github.com/moedahpos/backend/internal/repository/postgres/supplier_report_repo.go:298.36,300.3 1 1
github.com/moedahpos/backend/internal/repository/postgres/supplier_report_repo.go:301.2,301.21 1 0
github.com/moedahpos/backend/internal/repository/postgres/supplier_report_repo.go:304.59,310.36 2 1
github.com/moedahpos/backend/internal/repository/postgres/supplier_report_repo.go:310.36,312.3 1 1
github.com/moedahpos/backend/internal/repository/postgres/supplier_report_repo.go:313.2,313.21 1 0
github.com/moedahpos/backend/internal/repository/postgres/supplier_report_repo.go:316.65,323.2 1 1
github.com/moedahpos/backend/internal/repository/postgres/supplier_report_repo.go:325.68,391.2 1 1
github.com/moedahpos/backend/internal/repository/postgres/supplier_report_repo.go:395.140,398.77 3 1
github.com/moedahpos/backend/internal/repository/postgres/supplier_report_repo.go:398.77,400.3 1 0
github.com/moedahpos/backend/internal/repository/postgres/supplier_report_repo.go:401.2,401.18 1 1
github.com/moedahpos/backend/internal/repository/postgres/supplier_report_repo.go:477.113,481.29 3 1
github.com/moedahpos/backend/internal/repository/postgres/supplier_report_repo.go:481.29,484.10 3 1
github.com/moedahpos/backend/internal/repository/postgres/supplier_report_repo.go:484.10,487.4 2 1
github.com/moedahpos/backend/internal/repository/postgres/supplier_report_repo.go:488.3,490.52 3 1
github.com/moedahpos/backend/internal/repository/postgres/supplier_report_repo.go:492.2,492.33 1 1
github.com/moedahpos/backend/internal/repository/postgres/supplier_report_repo.go:492.33,495.10 3 1
github.com/moedahpos/backend/internal/repository/postgres/supplier_report_repo.go:495.10,498.4 2 0
github.com/moedahpos/backend/internal/repository/postgres/supplier_report_repo.go:499.3,500.27 2 1
github.com/moedahpos/backend/internal/repository/postgres/supplier_report_repo.go:502.2,502.30 1 1
github.com/moedahpos/backend/internal/repository/postgres/supplier_report_repo.go:502.30,505.10 3 1
github.com/moedahpos/backend/internal/repository/postgres/supplier_report_repo.go:505.10,508.4 2 0
github.com/moedahpos/backend/internal/repository/postgres/supplier_report_repo.go:509.3,509.27 1 1
github.com/moedahpos/backend/internal/repository/postgres/supplier_report_repo.go:512.2,513.26 2 1
github.com/moedahpos/backend/internal/repository/postgres/supplier_report_repo.go:513.26,515.3 1 1
github.com/moedahpos/backend/internal/repository/postgres/supplier_report_repo.go:517.2,517.23 1 1
github.com/moedahpos/backend/internal/repository/postgres/supplier_report_repo.go:517.23,518.39 1 1
github.com/moedahpos/backend/internal/repository/postgres/supplier_report_repo.go:518.39,519.27 1 0
github.com/moedahpos/backend/internal/repository/postgres/supplier_report_repo.go:519.27,521.5 1 0
github.com/moedahpos/backend/internal/repository/postgres/supplier_report_repo.go:525.2,526.26 2 1
github.com/moedahpos/backend/internal/repository/postgres/supplier_report_repo.go:526.26,537.3 2 1
github.com/moedahpos/backend/internal/repository/postgres/supplier_report_repo.go:538.2,538.15 1 1
github.com/moedahpos/backend/internal/repository/postgres/supplier_report_repo.go:553.125,555.85 2 1
github.com/moedahpos/backend/internal/repository/postgres/supplier_report_repo.go:555.85,557.3 1 0
github.com/moedahpos/backend/internal/repository/postgres/supplier_report_repo.go:558.2,559.87 2 1
github.com/moedahpos/backend/internal/repository/postgres/supplier_report_repo.go:559.87,561.3 1 0
github.com/moedahpos/backend/internal/repository/postgres/supplier_report_repo.go:562.2,563.91 2 1
github.com/moedahpos/backend/internal/repository/postgres/supplier_report_repo.go:563.91,565.3 1 0
github.com/moedahpos/backend/internal/repository/postgres/supplier_report_repo.go:566.2,566.60 1 1
github.com/moedahpos/backend/internal/repository/postgres/supplier_report_repo.go:569.129,643.77 3 1
github.com/moedahpos/backend/internal/repository/postgres/supplier_report_repo.go:643.77,645.3 1 0
github.com/moedahpos/backend/internal/repository/postgres/supplier_report_repo.go:646.2,646.18 1 1
github.com/moedahpos/backend/internal/repository/postgres/termin_repo.go:17.45,17.75 1 1
github.com/moedahpos/backend/internal/repository/postgres/termin_repo.go:22.104,24.16 2 1
github.com/moedahpos/backend/internal/repository/postgres/termin_repo.go:24.16,26.3 1 0
github.com/moedahpos/backend/internal/repository/postgres/termin_repo.go:27.2,27.15 1 1
github.com/moedahpos/backend/internal/repository/postgres/termin_repo.go:27.15,27.36 1 1
github.com/moedahpos/backend/internal/repository/postgres/termin_repo.go:30.2,32.16 1 1
github.com/moedahpos/backend/internal/repository/postgres/termin_repo.go:32.16,34.3 1 0
github.com/moedahpos/backend/internal/repository/postgres/termin_repo.go:36.2,41.28 2 1
github.com/moedahpos/backend/internal/repository/postgres/termin_repo.go:41.28,44.17 1 1
github.com/moedahpos/backend/internal/repository/postgres/termin_repo.go:44.17,46.4 1 0
github.com/moedahpos/backend/internal/repository/postgres/termin_repo.go:49.2,49.20 1 1
github.com/moedahpos/backend/internal/repository/postgres/termin_repo.go:53.93,65.67 3 1
github.com/moedahpos/backend/internal/repository/postgres/termin_repo.go:65.67,67.3 1 0
github.com/moedahpos/backend/internal/repository/postgres/termin_repo.go:68.2,68.21 1 1
github.com/moedahpos/backend/internal/repository/postgres/termin_repo.go:72.95,83.62 3 1
github.com/moedahpos/backend/internal/repository/postgres/termin_repo.go:83.62,85.3 1 0
github.com/moedahpos/backend/internal/repository/postgres/termin_repo.go:86.2,86.16 1 1
github.com/moedahpos/backend/internal/repository/postgres/termin_repo.go:96.79,113.62 2 1
github.com/moedahpos/backend/internal/repository/postgres/termin_repo.go:113.62,115.3 1 0
github.com/moedahpos/backend/internal/repository/postgres/termin_repo.go:116.2,116.12 1 1
github.com/moedahpos/backend/internal/repository/postgres/termin_repo.go:120.120,139.71 3 1
github.com/moedahpos/backend/internal/repository/postgres/termin_repo.go:139.71,141.3 1 0
github.com/moedahpos/backend/internal/repository/postgres/termin_repo.go:144.2,144.9 1 1
github.com/moedahpos/backend/internal/repository/postgres/termin_repo.go:145.60,146.21 1 0
github.com/moedahpos/backend/internal/repository/postgres/termin_repo.go:147.24,148.24 1 1
github.com/moedahpos/backend/internal/repository/postgres/termin_repo.go:149.10,150.23 1 0
github.com/moedahpos/backend/internal/repository/postgres/termin_repo.go:153.2,153.16 1 1
github.com/moedahpos/backend/internal/repository/postgres/transaction_repo.go:23.55,23.90 1 1
github.com/moedahpos/backend/internal/repository/postgres/transaction_repo.go:27.121,29.16 2 1
github.com/moedahpos/backend/internal/repository/postgres/transaction_repo.go:29.16,31.3 1 0
github.com/moedahpos/backend/internal/repository/postgres/transaction_repo.go:32.2,32.15 1 1
github.com/moedahpos/backend/internal/repository/postgres/transaction_repo.go:32.15,32.36 1 1
github.com/moedahpos/backend/internal/repository/postgres/transaction_repo.go:34.2,35.18 2 1
github.com/moedahpos/backend/internal/repository/postgres/transaction_repo.go:35.18,37.3 1 0
github.com/moedahpos/backend/internal/repository/postgres/transaction_repo.go:40.2,64.16 4 1
github.com/moedahpos/backend/internal/repository/postgres/transaction_repo.go:64.16,66.3 1 0
github.com/moedahpos/backend/internal/repository/postgres/transaction_repo.go:69.2,89.35 4 1
github.com/moedahpos/backend/internal/repository/postgres/transaction_repo.go:89.35,97.32 2 1
github.com/moedahpos/backend/internal/repository/postgres/transaction_repo.go:97.32,99.4 1 0
github.com/moedahpos/backend/internal/repository/postgres/transaction_repo.go:100.3,103.57 2 1
github.com/moedahpos/backend/internal/repository/postgres/transaction_repo.go:103.57,106.18 1 1
github.com/moedahpos/backend/internal/repository/postgres/transaction_repo.go:106.18,108.5 1 0
github.com/moedahpos/backend/internal/repository/postgres/transaction_repo.go:109.4,109.102 1 1
github.com/moedahpos/backend/internal/repository/postgres/transaction_repo.go:109.102,111.5 1 0
github.com/moedahpos/backend/internal/repository/postgres/transaction_repo.go:115.2,115.36 1 1
github.com/moedahpos/backend/internal/repository/postgres/transaction_repo.go:115.36,117.3 1 0
github.com/moedahpos/backend/internal/repository/postgres/transaction_repo.go:120.2,122.17 2 1
github.com/moedahpos/backend/internal/repository/postgres/transaction_repo.go:126.118,142.88 3 1
github.com/moedahpos/backend/internal/repository/postgres/transaction_repo.go:142.88,143.36 1 0
github.com/moedahpos/backend/internal/repository/postgres/transaction_repo.go:143.36,145.4 1 0
github.com/moedahpos/backend/internal/repository/postgres/transaction_repo.go:146.3,146.69 1 0
github.com/moedahpos/backend/internal/repository/postgres/transaction_repo.go:149.2,155.75 2 1
github.com/moedahpos/backend/internal/repository/postgres/transaction_repo.go:155.75,157.3 1 0
github.com/moedahpos/backend/internal/repository/postgres/transaction_repo.go:158.2,158.17 1 1
github.com/moedahpos/backend/internal/repository/postgres/transaction_repo.go:165.105,168.16 2 1
github.com/moedahpos/backend/internal/repository/postgres/transaction_repo.go:168.16,170.3 1 0
github.com/moedahpos/backend/internal/repository/postgres/transaction_repo.go:171.2,171.15 1 1
github.com/moedahpos/backend/internal/repository/postgres/transaction_repo.go:171.15,171.36 1 1
github.com/moedahpos/backend/internal/repository/postgres/transaction_repo.go:174.2,179.119 2 1
github.com/moedahpos/backend/internal/repository/postgres/transaction_repo.go:179.119,181.3 1 0
github.com/moedahpos/backend/internal/repository/postgres/transaction_repo.go:184.2,185.211 2 1
github.com/moedahpos/backend/internal/repository/postgres/transaction_repo.go:185.211,187.3 1 0
github.com/moedahpos/backend/internal/repository/postgres/transaction_repo.go:189.2,194.52 2 1
github.com/moedahpos/backend/internal/repository/postgres/transaction_repo.go:194.52,195.20 1 1
github.com/moedahpos/backend/internal/repository/postgres/transaction_repo.go:195.20,197.4 1 0
github.com/moedahpos/backend/internal/repository/postgres/transaction_repo.go:198.3,198.23 1 1
github.com/moedahpos/backend/internal/repository/postgres/transaction_repo.go:198.23,200.4 1 1
github.com/moedahpos/backend/internal/repository/postgres/transaction_repo.go:201.3,201.19 1 0
github.com/moedahpos/backend/internal/repository/postgres/transaction_repo.go:205.2,206.27 2 1
github.com/moedahpos/backend/internal/repository/postgres/transaction_repo.go:206.27,208.41 2 1
github.com/moedahpos/backend/internal/repository/postgres/transaction_repo.go:208.41,211.4 2 0
github.com/moedahpos/backend/internal/repository/postgres/transaction_repo.go:211.9,213.4 1 1
github.com/moedahpos/backend/internal/repository/postgres/transaction_repo.go:217.2,218.35 2 1
github.com/moedahpos/backend/internal/repository/postgres/transaction_repo.go:218.35,221.3 2 1
github.com/moedahpos/backend/internal/repository/postgres/transaction_repo.go:224.2,224.37 1 1
github.com/moedahpos/backend/internal/repository/postgres/transaction_repo.go:224.37,227.29 3 1
github.com/moedahpos/backend/internal/repository/postgres/transaction_repo.go:227.29,229.4 1 1
github.com/moedahpos/backend/internal/repository/postgres/transaction_repo.go:231.3,232.15 2 1
github.com/moedahpos/backend/internal/repository/postgres/transaction_repo.go:232.15,250.18 5 1
github.com/moedahpos/backend/internal/repository/postgres/transaction_repo.go:250.18,252.5 1 0
github.com/moedahpos/backend/internal/repository/postgres/transaction_repo.go:253.9,253.22 1 0
github.com/moedahpos/backend/internal/repository/postgres/transaction_repo.go:253.22,256.36 2 0
github.com/moedahpos/backend/internal/repository/postgres/transaction_repo.go:256.36,257.31 1 0
github.com/moedahpos/backend/internal/repository/postgres/transaction_repo.go:257.31,258.24 1 0
github.com/moedahpos/backend/internal/repository/postgres/transaction_repo.go:258.24,259.12 1 0
github.com/moedahpos/backend/internal/repository/postgres/transaction_repo.go:261.6,262.63 2 0
github.com/moedahpos/backend/internal/repository/postgres/transaction_repo.go:262.63,263.15 1 0
github.com/moedahpos/backend/internal/repository/postgres/transaction_repo.go:266.6,266.33 1 0
github.com/moedahpos/backend/internal/repository/postgres/transaction_repo.go:266.33,267.105 1 0
github.com/moedahpos/backend/internal/repository/postgres/transaction_repo.go:267.105,269.8 1 0
github.com/moedahpos/backend/internal/repository/postgres/transaction_repo.go:270.7,270.30 1 0
github.com/moedahpos/backend/internal/repository/postgres/transaction_repo.go:271.12,275.154 4 0
github.com/moedahpos/backend/internal/repository/postgres/transaction_repo.go:275.154,277.8 1 0
github.com/moedahpos/backend/internal/repository/postgres/transaction_repo.go:278.7,278.20 1 0
github.com/moedahpos/backend/internal/repository/postgres/transaction_repo.go:286.2,286.41 1 1
github.com/moedahpos/backend/internal/repository/postgres/transaction_repo.go:286.41,287.35 1 1
github.com/moedahpos/backend/internal/repository/postgres/transaction_repo.go:287.35,288.30 1 0
github.com/moedahpos/backend/internal/repository/postgres/transaction_repo.go:288.30,289.103 1 0
github.com/moedahpos/backend/internal/repository/postgres/transaction_repo.go:289.103,291.6 1 0
github.com/moedahpos/backend/internal/repository/postgres/transaction_repo.go:296.2,296.36 1 1
github.com/moedahpos/backend/internal/repository/postgres/transaction_repo.go:296.36,298.3 1 0
github.com/moedahpos/backend/internal/repository/postgres/transaction_repo.go:300.2,300.31 1 1
github.com/moedahpos/backend/internal/repository/postgres/transaction_repo.go:304.141,312.87 4 1
github.com/moedahpos/backend/internal/repository/postgres/transaction_repo.go:312.87,314.3 1 0
github.com/moedahpos/backend/internal/repository/postgres/transaction_repo.go:316.2,317.16 2 1
github.com/moedahpos/backend/internal/repository/postgres/transaction_repo.go:317.16,319.3 1 0
github.com/moedahpos/backend/internal/repository/postgres/transaction_repo.go:320.2,320.15 1 1
github.com/moedahpos/backend/internal/repository/postgres/transaction_repo.go:320.15,320.36 1 1
github.com/moedahpos/backend/internal/repository/postgres/transaction_repo.go:323.2,334.16 3 1
github.com/moedahpos/backend/internal/repository/postgres/transaction_repo.go:334.16,336.3 1 0
github.com/moedahpos/backend/internal/repository/postgres/transaction_repo.go:337.2,337.40 1 1
github.com/moedahpos/backend/internal/repository/postgres/transaction_repo.go:337.40,339.3 1 0
github.com/moedahpos/backend/internal/repository/postgres/transaction_repo.go:342.2,351.32 3 1
github.com/moedahpos/backend/internal/repository/postgres/transaction_repo.go:351.32,352.28 1 1
github.com/moedahpos/backend/internal/repository/postgres/transaction_repo.go:352.28,353.12 1 0
github.com/moedahpos/backend/internal/repository/postgres/transaction_repo.go:355.3,355.127 1 1
github.com/moedahpos/backend/internal/repository/postgres/transaction_repo.go:355.127,357.4 1 0
github.com/moedahpos/backend/internal/repository/postgres/transaction_repo.go:358.3,358.95 1 1
github.com/moedahpos/backend/internal/repository/postgres/transaction_repo.go:358.95,360.4 1 0
github.com/moedahpos/backend/internal/repository/postgres/transaction_repo.go:363.2,363.36 1 1
github.com/moedahpos/backend/internal/repository/postgres/transaction_repo.go:363.36,365.3 1 0
github.com/moedahpos/backend/internal/repository/postgres/transaction_repo.go:367.2,367.45 1 1
github.com/moedahpos/backend/internal/repository/postgres/transaction_repo.go:371.121,376.20 4 1
github.com/moedahpos/backend/internal/repository/postgres/transaction_repo.go:376.20,380.3 3 1
github.com/moedahpos/backend/internal/repository/postgres/transaction_repo.go:381.2,381.23 1 1
github.com/moedahpos/backend/internal/repository/postgres/transaction_repo.go:381.23,385.3 3 0
github.com/moedahpos/backend/internal/repository/postgres/transaction_repo.go:386.2,386.21 1 1
github.com/moedahpos/backend/internal/repository/postgres/transaction_repo.go:386.21,390.3 3 0
github.com/moedahpos/backend/internal/repository/postgres/transaction_repo.go:391.2,391.22 1 1
github.com/moedahpos/backend/internal/repository/postgres/transaction_repo.go:391.22,395.3 3 0
github.com/moedahpos/backend/internal/repository/postgres/transaction_repo.go:396.2,396.20 1 1
github.com/moedahpos/backend/internal/repository/postgres/transaction_repo.go:396.20,400.3 3 0
github.com/moedahpos/backend/internal/repository/postgres/transaction_repo.go:402.2,407.29 3 1
github.com/moedahpos/backend/internal/repository/postgres/transaction_repo.go:407.29,409.3 1 0
github.com/moedahpos/backend/internal/repository/postgres/transaction_repo.go:411.2,427.71 4 1
github.com/moedahpos/backend/internal/repository/postgres/transaction_repo.go:427.71,429.3 1 0
github.com/moedahpos/backend/internal/repository/postgres/transaction_repo.go:430.2,430.25 1 1
github.com/moedahpos/backend/internal/repository/postgres/transaction_repo.go:434.97,448.77 3 1
github.com/moedahpos/backend/internal/repository/postgres/transaction_repo.go:448.77,449.36 1 0
github.com/moedahpos/backend/internal/repository/postgres/transaction_repo.go:449.36,451.4 1 0
github.com/moedahpos/backend/internal/repository/postgres/transaction_repo.go:452.3,452.62 1 0
github.com/moedahpos/backend/internal/repository/postgres/transaction_repo.go:455.2,461.71 2 1
github.com/moedahpos/backend/internal/repository/postgres/transaction_repo.go:461.71,463.3 1 0
github.com/moedahpos/backend/internal/repository/postgres/transaction_repo.go:464.2,464.17 1 1
github.com/moedahpos/backend/internal/repository/postgres/transaction_repo.go:468.81,476.70 4 1
github.com/moedahpos/backend/internal/repository/postgres/transaction_repo.go:476.70,478.3 1 0
github.com/moedahpos/backend/internal/repository/postgres/transaction_repo.go:480.2,481.124 2 1
github.com/moedahpos/backend/internal/repository/postgres/transaction_repo.go:481.124,483.3 1 0
github.com/moedahpos/backend/internal/repository/postgres/transaction_repo.go:485.2,486.16 2 1
github.com/moedahpos/backend/internal/repository/postgres/transaction_repo.go:486.16,488.3 1 0
github.com/moedahpos/backend/internal/repository/postgres/transaction_repo.go:489.2,489.15 1 1
github.com/moedahpos/backend/internal/repository/postgres/transaction_repo.go:489.15,489.36 1 1
github.com/moedahpos/backend/internal/repository/postgres/transaction_repo.go:491.2,493.16 1 1
github.com/moedahpos/backend/internal/repository/postgres/transaction_repo.go:493.16,495.3 1 0
github.com/moedahpos/backend/internal/repository/postgres/transaction_repo.go:497.2,506.29 3 1
github.com/moedahpos/backend/internal/repository/postgres/transaction_repo.go:506.29,507.28 1 1
github.com/moedahpos/backend/internal/repository/postgres/transaction_repo.go:507.28,508.12 1 0
github.com/moedahpos/backend/internal/repository/postgres/transaction_repo.go:510.3,510.109 1 1
github.com/moedahpos/backend/internal/repository/postgres/transaction_repo.go:510.109,512.4 1 0
github.com/moedahpos/backend/internal/repository/postgres/transaction_repo.go:513.3,513.94 1 1
github.com/moedahpos/backend/internal/repository/postgres/transaction_repo.go:513.94,515.4 1 0
github.com/moedahpos/backend/internal/repository/postgres/transaction_repo.go:518.2,518.20 1 1
github.com/moedahpos/backend/internal/repository/postgres/transaction_repo.go:522.109,543.67 3 1
github.com/moedahpos/backend/internal/repository/postgres/transaction_repo.go:543.67,545.3 1 0
github.com/moedahpos/backend/internal/repository/postgres/transaction_repo.go:547.2,547.20 1 1
github.com/moedahpos/backend/internal/repository/postgres/transaction_repo.go:547.20,549.3 1 0
github.com/moedahpos/backend/internal/repository/postgres/transaction_repo.go:551.2,552.25 2 1
github.com/moedahpos/backend/internal/repository/postgres/transaction_repo.go:552.25,554.3 1 1
github.com/moedahpos/backend/internal/repository/postgres/transaction_repo.go:556.2,562.16 2 1
github.com/moedahpos/backend/internal/repository/postgres/transaction_repo.go:562.16,564.3 1 0
github.com/moedahpos/backend/internal/repository/postgres/transaction_repo.go:565.2,568.76 3 1
github.com/moedahpos/backend/internal/repository/postgres/transaction_repo.go:568.76,570.3 1 0
github.com/moedahpos/backend/internal/repository/postgres/transaction_repo.go:572.2,573.30 2 1
github.com/moedahpos/backend/internal/repository/postgres/transaction_repo.go:573.30,575.3 1 1
github.com/moedahpos/backend/internal/repository/postgres/transaction_repo.go:577.2,577.25 1 1
github.com/moedahpos/backend/internal/repository/postgres/transaction_repo.go:577.25,579.3 1 1
github.com/moedahpos/backend/internal/repository/postgres/transaction_repo.go:581.2,581.18 1 1
github.com/moedahpos/backend/internal/repository/postgres/transaction_repo.go:585.97,586.31 1 1
github.com/moedahpos/backend/internal/repository/postgres/transaction_repo.go:586.31,589.3 2 1
github.com/moedahpos/backend/internal/repository/postgres/transaction_repo.go:590.2,591.12 2 1
github.com/moedahpos/backend/internal/repository/postgres/user_repo.go:21.41,23.2 1 1
github.com/moedahpos/backend/internal/repository/postgres/user_repo.go:26.86,33.103 3 1
github.com/moedahpos/backend/internal/repository/postgres/user_repo.go:33.103,35.3 1 0
github.com/moedahpos/backend/internal/repository/postgres/user_repo.go:36.2,36.17 1 1
github.com/moedahpos/backend/internal/repository/postgres/user_repo.go:40.83,47.75 3 1
github.com/moedahpos/backend/internal/repository/postgres/user_repo.go:47.75,48.36 1 1
github.com/moedahpos/backend/internal/repository/postgres/user_repo.go:48.36,50.4 1 1
github.com/moedahpos/backend/internal/repository/postgres/user_repo.go:51.3,51.55 1 0
github.com/moedahpos/backend/internal/repository/postgres/user_repo.go:53.2,53.18 1 1
github.com/moedahpos/backend/internal/repository/postgres/user_repo.go:57.89,64.78 3 0
github.com/moedahpos/backend/internal/repository/postgres/user_repo.go:64.78,65.36 1 0
github.com/moedahpos/backend/internal/repository/postgres/user_repo.go:65.36,67.4 1 0
github.com/moedahpos/backend/internal/repository/postgres/user_repo.go:68.3,68.58 1 0
github.com/moedahpos/backend/internal/repository/postgres/user_repo.go:70.2,70.18 1 0
github.com/moedahpos/backend/internal/repository/postgres/user_repo.go:74.83,77.75 3 0
github.com/moedahpos/backend/internal/repository/postgres/user_repo.go:77.75,79.3 1 0
github.com/moedahpos/backend/internal/repository/postgres/user_repo.go:80.2,80.20 1 0
github.com/moedahpos/backend/internal/repository/postgres/user_repo.go:84.103,102.68 3 0
github.com/moedahpos/backend/internal/repository/postgres/user_repo.go:102.68,104.3 1 0
github.com/moedahpos/backend/internal/repository/postgres/user_repo.go:105.2,105.20 1 0
github.com/moedahpos/backend/internal/repository/postgres/user_repo.go:111.134,117.22 5 0
github.com/moedahpos/backend/internal/repository/postgres/user_repo.go:117.22,119.3 1 0
github.com/moedahpos/backend/internal/repository/postgres/user_repo.go:120.2,120.18 1 0
github.com/moedahpos/backend/internal/repository/postgres/user_repo.go:120.18,125.3 4 0
github.com/moedahpos/backend/internal/repository/postgres/user_repo.go:128.2,130.77 3 0
github.com/moedahpos/backend/internal/repository/postgres/user_repo.go:130.77,132.3 1 0
github.com/moedahpos/backend/internal/repository/postgres/user_repo.go:135.2,143.68 4 0
github.com/moedahpos/backend/internal/repository/postgres/user_repo.go:143.68,145.3 1 0
github.com/moedahpos/backend/internal/repository/postgres/user_repo.go:146.2,146.26 1 0
github.com/moedahpos/backend/internal/repository/postgres/user_repo.go:150.94,156.85 3 0
github.com/moedahpos/backend/internal/repository/postgres/user_repo.go:156.85,157.36 1 0
github.com/moedahpos/backend/internal/repository/postgres/user_repo.go:157.36,159.4 1 0
github.com/moedahpos/backend/internal/repository/postgres/user_repo.go:160.3,160.53 1 0
github.com/moedahpos/backend/internal/repository/postgres/user_repo.go:162.2,162.15 1 0
github.com/moedahpos/backend/internal/repository/postgres/user_repo.go:166.69,169.16 2 0
github.com/moedahpos/backend/internal/repository/postgres/user_repo.go:169.16,171.3 1 0
github.com/moedahpos/backend/internal/repository/postgres/user_repo.go:172.2,172.40 1 0
github.com/moedahpos/backend/internal/repository/postgres/user_repo.go:172.40,174.3 1 0
github.com/moedahpos/backend/internal/repository/postgres/user_repo.go:175.2,175.12 1 0
github.com/moedahpos/backend/internal/repository/postgres/user_repo.go:179.69,182.16 2 0
github.com/moedahpos/backend/internal/repository/postgres/user_repo.go:182.16,184.3 1 0
github.com/moedahpos/backend/internal/repository/postgres/user_repo.go:185.2,185.40 1 0
github.com/moedahpos/backend/internal/repository/postgres/user_repo.go:185.40,187.3 1 0
github.com/moedahpos/backend/internal/repository/postgres/user_repo.go:188.2,188.12 1 0
github.com/moedahpos/backend/internal/repository/postgres/user_repo.go:192.78,195.16 2 0
github.com/moedahpos/backend/internal/repository/postgres/user_repo.go:195.16,197.3 1 0
github.com/moedahpos/backend/internal/repository/postgres/user_repo.go:198.2,198.40 1 0
github.com/moedahpos/backend/internal/repository/postgres/user_repo.go:198.40,200.3 1 0
github.com/moedahpos/backend/internal/repository/postgres/user_repo.go:201.2,201.12 1 0
github.com/moedahpos/backend/internal/repository/postgres/user_repo.go:206.110,208.16 2 0
github.com/moedahpos/backend/internal/repository/postgres/user_repo.go:208.16,210.3 1 0
github.com/moedahpos/backend/internal/repository/postgres/user_repo.go:211.2,211.15 1 0
github.com/moedahpos/backend/internal/repository/postgres/user_repo.go:211.15,211.36 1 0
github.com/moedahpos/backend/internal/repository/postgres/user_repo.go:214.2,214.113 1 0
github.com/moedahpos/backend/internal/repository/postgres/user_repo.go:214.113,216.3 1 0
github.com/moedahpos/backend/internal/repository/postgres/user_repo.go:219.2,219.32 1 0
github.com/moedahpos/backend/internal/repository/postgres/user_repo.go:219.32,226.17 2 0
github.com/moedahpos/backend/internal/repository/postgres/user_repo.go:226.17,228.4 1 0
github.com/moedahpos/backend/internal/repository/postgres/user_repo.go:230.2,230.20 1 0
github.com/moedahpos/backend/internal/repository/postgres/user_repo.go:241.57,243.2 1 1
github.com/moedahpos/backend/internal/repository/postgres/user_repo.go:246.86,250.88 2 1
github.com/moedahpos/backend/internal/repository/postgres/user_repo.go:250.88,252.3 1 0
github.com/moedahpos/backend/internal/repository/postgres/user_repo.go:253.2,253.12 1 1
github.com/moedahpos/backend/internal/repository/postgres/user_repo.go:257.108,264.79 3 1
github.com/moedahpos/backend/internal/repository/postgres/user_repo.go:264.79,265.36 1 0
github.com/moedahpos/backend/internal/repository/postgres/user_repo.go:265.36,267.4 1 0
github.com/moedahpos/backend/internal/repository/postgres/user_repo.go:268.3,268.65 1 0
github.com/moedahpos/backend/internal/repository/postgres/user_repo.go:270.2,270.15 1 1
github.com/moedahpos/backend/internal/repository/postgres/user_repo.go:274.77,276.56 2 0
github.com/moedahpos/backend/internal/repository/postgres/user_repo.go:276.56,278.3 1 0
github.com/moedahpos/backend/internal/repository/postgres/user_repo.go:279.2,279.12 1 0
github.com/moedahpos/backend/internal/repository/postgres/user_repo.go:283.88,285.60 2 0
github.com/moedahpos/backend/internal/repository/postgres/user_repo.go:285.60,287.3 1 0
github.com/moedahpos/backend/internal/repository/postgres/user_repo.go:288.2,288.12 1 0
github.com/moedahpos/backend/internal/repository/postgres/user_repo.go:292.87,294.60 2 0
github.com/moedahpos/backend/internal/repository/postgres/user_repo.go:294.60,296.3 1 0
github.com/moedahpos/backend/internal/repository/postgres/user_repo.go:297.2,297.12 1 0
