=== RUN   TestBatchRepo_Lifecycle
=== RUN   TestBatchRepo_Lifecycle/CreateBatch
=== RUN   TestBatchRepo_Lifecycle/GetBatchesByProduct
=== RUN   TestBatchRepo_Lifecycle/GetBatchesByStore
    batch_repo_test.go:74: 
        	Error Trace:	/Users/pertadima/Downloads/moedah-pos/backend/internal/repository/postgres/batch_repo_test.go:74
        	Error:      	Received unexpected error:
        	            	BatchRepo.GetBatchesByStore: Query: could not match actual sql: "SELECT sb.id, sb.product_id, sb.store_id, sb.po_id, sb.quantity_remaining, sb.purchase_price, sb.received_at, sb.created_at, p.name AS product_name, p.sku AS product_sku, p.unit FROM stock_batches sb JOIN products p ON p.id = sb.product_id WHERE sb.store_id = $1 AND sb.quantity_remaining > 0 AND sb.product_id = $2 ORDER BY p.name, sb.received_at ASC" with expected regexp "SELECT .* FROM stock_batches .* WHERE sb.store_id = \$1 AND sb.product_id = \$2"
        	Test:       	TestBatchRepo_Lifecycle/GetBatchesByStore
    batch_repo_test.go:75: 
        	Error Trace:	/Users/pertadima/Downloads/moedah-pos/backend/internal/repository/postgres/batch_repo_test.go:75
        	Error:      	"[]" should have 1 item(s), but has 0
        	Test:       	TestBatchRepo_Lifecycle/GetBatchesByStore
=== RUN   TestBatchRepo_Lifecycle/GetStockSummary
--- FAIL: TestBatchRepo_Lifecycle (0.00s)
    --- PASS: TestBatchRepo_Lifecycle/CreateBatch (0.00s)
    --- PASS: TestBatchRepo_Lifecycle/GetBatchesByProduct (0.00s)
    --- FAIL: TestBatchRepo_Lifecycle/GetBatchesByStore (0.00s)
    --- PASS: TestBatchRepo_Lifecycle/GetStockSummary (0.00s)
=== RUN   TestBatchRepo_DeductFIFO
=== RUN   TestBatchRepo_DeductFIFO/Success_Multiple_Batches
=== RUN   TestBatchRepo_DeductFIFO/Insufficient_Stock
--- PASS: TestBatchRepo_DeductFIFO (0.00s)
    --- PASS: TestBatchRepo_DeductFIFO/Success_Multiple_Batches (0.00s)
    --- PASS: TestBatchRepo_DeductFIFO/Insufficient_Stock (0.00s)
=== RUN   TestCustomerRepo_FindAll
=== RUN   TestCustomerRepo_FindAll/success
--- PASS: TestCustomerRepo_FindAll (0.00s)
    --- PASS: TestCustomerRepo_FindAll/success (0.00s)
=== RUN   TestCustomerRepo_Create
=== RUN   TestCustomerRepo_Create/success
--- PASS: TestCustomerRepo_Create (0.00s)
    --- PASS: TestCustomerRepo_Create/success (0.00s)
=== RUN   TestCustomerRepo_Update
=== RUN   TestCustomerRepo_Update/success
--- PASS: TestCustomerRepo_Update (0.00s)
    --- PASS: TestCustomerRepo_Update/success (0.00s)
=== RUN   TestCustomerRepo_SoftDelete
=== RUN   TestCustomerRepo_SoftDelete/success
--- PASS: TestCustomerRepo_SoftDelete (0.00s)
    --- PASS: TestCustomerRepo_SoftDelete/success (0.00s)
=== RUN   TestExpenseRepo_CreateCategory
=== RUN   TestExpenseRepo_CreateCategory/success
--- PASS: TestExpenseRepo_CreateCategory (0.00s)
    --- PASS: TestExpenseRepo_CreateCategory/success (0.00s)
=== RUN   TestExpenseRepo_CreateExpense
=== RUN   TestExpenseRepo_CreateExpense/success
--- PASS: TestExpenseRepo_CreateExpense (0.00s)
    --- PASS: TestExpenseRepo_CreateExpense/success (0.00s)
=== RUN   TestExpenseRepo_FindAll
=== RUN   TestExpenseRepo_FindAll/success
--- PASS: TestExpenseRepo_FindAll (0.00s)
    --- PASS: TestExpenseRepo_FindAll/success (0.00s)
=== RUN   TestIncomeRepo_CreateCategory
=== RUN   TestIncomeRepo_CreateCategory/success
--- PASS: TestIncomeRepo_CreateCategory (0.00s)
    --- PASS: TestIncomeRepo_CreateCategory/success (0.00s)
=== RUN   TestIncomeRepo_Create
=== RUN   TestIncomeRepo_Create/success
--- PASS: TestIncomeRepo_Create (0.00s)
    --- PASS: TestIncomeRepo_Create/success (0.00s)
=== RUN   TestPaymentRecordRepo_Create
--- PASS: TestPaymentRecordRepo_Create (0.00s)
=== RUN   TestPaymentRecordRepo_FindByTermin
--- PASS: TestPaymentRecordRepo_FindByTermin (0.00s)
=== RUN   TestPORepo_Create
--- PASS: TestPORepo_Create (0.00s)
=== RUN   TestPORepo_FindByID
--- PASS: TestPORepo_FindByID (0.00s)
=== RUN   TestPORepo_Submit
--- PASS: TestPORepo_Submit (0.00s)
=== RUN   TestPORepo_Receive
--- PASS: TestPORepo_Receive (0.00s)
=== RUN   TestPORepo_Cancel
--- PASS: TestPORepo_Cancel (0.00s)
=== RUN   TestPORepo_FindAll
--- PASS: TestPORepo_FindAll (0.00s)
=== RUN   TestProductRepo_Create
--- PASS: TestProductRepo_Create (0.00s)
=== RUN   TestCategoryRepo_Create
--- PASS: TestCategoryRepo_Create (0.00s)
=== RUN   TestProductRepo_FindByID
--- PASS: TestProductRepo_FindByID (0.00s)
=== RUN   TestProductRepo_ExistsBySKU
--- PASS: TestProductRepo_ExistsBySKU (0.00s)
=== RUN   TestReportRepo_StockValuation
--- PASS: TestReportRepo_StockValuation (0.00s)
=== RUN   TestReportRepo_SalesByProduct
--- PASS: TestReportRepo_SalesByProduct (0.00s)
=== RUN   TestReportRepo_CashFlow
=== RUN   TestReportRepo_CashFlow/CashFlowSummary
=== RUN   TestReportRepo_CashFlow/CashFlowDetail
--- PASS: TestReportRepo_CashFlow (0.00s)
    --- PASS: TestReportRepo_CashFlow/CashFlowSummary (0.00s)
    --- PASS: TestReportRepo_CashFlow/CashFlowDetail (0.00s)
=== RUN   TestStockAdjustmentRepo_CreateAdjustment_IN
=== RUN   TestStockAdjustmentRepo_CreateAdjustment_IN/success_IN
--- PASS: TestStockAdjustmentRepo_CreateAdjustment_IN (0.00s)
    --- PASS: TestStockAdjustmentRepo_CreateAdjustment_IN/success_IN (0.00s)
=== RUN   TestStockAdjustmentRepo_CreateAdjustment_OUT
=== RUN   TestStockAdjustmentRepo_CreateAdjustment_OUT/success_OUT
=== RUN   TestStockAdjustmentRepo_CreateAdjustment_OUT/insufficient_stock
--- PASS: TestStockAdjustmentRepo_CreateAdjustment_OUT (0.00s)
    --- PASS: TestStockAdjustmentRepo_CreateAdjustment_OUT/success_OUT (0.00s)
    --- PASS: TestStockAdjustmentRepo_CreateAdjustment_OUT/insufficient_stock (0.00s)
=== RUN   TestStockRepo_FindLevelsByStore
=== RUN   TestStockRepo_FindLevelsByStore/success_all
=== RUN   TestStockRepo_FindLevelsByStore/success_low_stock
--- PASS: TestStockRepo_FindLevelsByStore (0.00s)
    --- PASS: TestStockRepo_FindLevelsByStore/success_all (0.00s)
    --- PASS: TestStockRepo_FindLevelsByStore/success_low_stock (0.00s)
=== RUN   TestStockRepo_FindLevelByProduct
=== RUN   TestStockRepo_FindLevelByProduct/success
=== RUN   TestStockRepo_FindLevelByProduct/not_found
--- PASS: TestStockRepo_FindLevelByProduct (0.00s)
    --- PASS: TestStockRepo_FindLevelByProduct/success (0.00s)
    --- PASS: TestStockRepo_FindLevelByProduct/not_found (0.00s)
=== RUN   TestStockRepo_SetMinQuantity
=== RUN   TestStockRepo_SetMinQuantity/success
--- PASS: TestStockRepo_SetMinQuantity (0.00s)
    --- PASS: TestStockRepo_SetMinQuantity/success (0.00s)
=== RUN   TestStockRepo_Adjust
=== RUN   TestStockRepo_Adjust/success
=== RUN   TestStockRepo_Adjust/rollback_on_error
--- PASS: TestStockRepo_Adjust (0.00s)
    --- PASS: TestStockRepo_Adjust/success (0.00s)
    --- PASS: TestStockRepo_Adjust/rollback_on_error (0.00s)
=== RUN   TestStockRepo_FindMovements
=== RUN   TestStockRepo_FindMovements/success
--- PASS: TestStockRepo_FindMovements (0.00s)
    --- PASS: TestStockRepo_FindMovements/success (0.00s)
=== RUN   TestStockRepo_DeductStock
=== RUN   TestStockRepo_DeductStock/success
--- PASS: TestStockRepo_DeductStock (0.00s)
    --- PASS: TestStockRepo_DeductStock/success (0.00s)
=== RUN   TestSupplierRepo_Create
=== RUN   TestSupplierRepo_Create/success
--- PASS: TestSupplierRepo_Create (0.00s)
    --- PASS: TestSupplierRepo_Create/success (0.00s)
=== RUN   TestSupplierRepo_FindAll
=== RUN   TestSupplierRepo_FindAll/success
--- PASS: TestSupplierRepo_FindAll (0.00s)
    --- PASS: TestSupplierRepo_FindAll/success (0.00s)
=== RUN   TestSupplierRepo_FindByID
=== RUN   TestSupplierRepo_FindByID/success
=== RUN   TestSupplierRepo_FindByID/not_found
--- PASS: TestSupplierRepo_FindByID (0.00s)
    --- PASS: TestSupplierRepo_FindByID/success (0.00s)
    --- PASS: TestSupplierRepo_FindByID/not_found (0.00s)
=== RUN   TestSupplierRepo_Update
=== RUN   TestSupplierRepo_Update/success
--- PASS: TestSupplierRepo_Update (0.00s)
    --- PASS: TestSupplierRepo_Update/success (0.00s)
=== RUN   TestSupplierRepo_SoftDelete
=== RUN   TestSupplierRepo_SoftDelete/success
=== RUN   TestSupplierRepo_SoftDelete/not_found
--- PASS: TestSupplierRepo_SoftDelete (0.00s)
    --- PASS: TestSupplierRepo_SoftDelete/success (0.00s)
    --- PASS: TestSupplierRepo_SoftDelete/not_found (0.00s)
=== RUN   TestTerminRepo_CreateSchedule
--- PASS: TestTerminRepo_CreateSchedule (0.00s)
=== RUN   TestTerminRepo_FindByPO
--- PASS: TestTerminRepo_FindByPO (0.00s)
=== RUN   TestTerminRepo_FindByID
--- PASS: TestTerminRepo_FindByID (0.00s)
=== RUN   TestTerminRepo_UpdateStatus
--- PASS: TestTerminRepo_UpdateStatus (0.00s)
=== RUN   TestTerminRepo_DebtSummary
--- PASS: TestTerminRepo_DebtSummary (0.00s)
=== RUN   TestTransactionRepo_Create
--- PASS: TestTransactionRepo_Create (0.00s)
=== RUN   TestTransactionRepo_FindByID
--- PASS: TestTransactionRepo_FindByID (0.00s)
=== RUN   TestTransactionRepo_FindAll
--- PASS: TestTransactionRepo_FindAll (0.00s)
=== RUN   TestTransactionRepo_Void
--- PASS: TestTransactionRepo_Void (0.00s)
=== RUN   TestTransactionRepo_UpdateKDSItemStatus
--- PASS: TestTransactionRepo_UpdateKDSItemStatus (0.00s)
=== RUN   TestTransactionRepo_GetKDSTickets
--- PASS: TestTransactionRepo_GetKDSTickets (0.00s)
=== RUN   TestUserRepo_Create
--- PASS: TestUserRepo_Create (0.00s)
=== RUN   TestUserRepo_FindByID
=== RUN   TestUserRepo_FindByID/Success
=== RUN   TestUserRepo_FindByID/NotFound
--- PASS: TestUserRepo_FindByID (0.00s)
    --- PASS: TestUserRepo_FindByID/Success (0.00s)
    --- PASS: TestUserRepo_FindByID/NotFound (0.00s)
=== RUN   TestRefreshTokenRepo_Create
--- PASS: TestRefreshTokenRepo_Create (0.00s)
=== RUN   TestRefreshTokenRepo_FindByHash
=== RUN   TestRefreshTokenRepo_FindByHash/Success
--- PASS: TestRefreshTokenRepo_FindByHash (0.00s)
    --- PASS: TestRefreshTokenRepo_FindByHash/Success (0.00s)
FAIL
FAIL	github.com/moedahpos/backend/internal/repository/postgres	0.646s
FAIL
