mode: set
github.com/moedahpos/backend/internal/service/activity_log_service.go:21.107,23.2 1 1
github.com/moedahpos/backend/internal/service/activity_log_service.go:25.179,27.16 2 1
github.com/moedahpos/backend/internal/service/activity_log_service.go:27.16,30.3 2 0
github.com/moedahpos/backend/internal/service/activity_log_service.go:32.2,33.19 2 1
github.com/moedahpos/backend/internal/service/activity_log_service.go:33.19,35.3 1 1
github.com/moedahpos/backend/internal/service/activity_log_service.go:37.2,38.17 2 1
github.com/moedahpos/backend/internal/service/activity_log_service.go:38.17,40.3 1 1
github.com/moedahpos/backend/internal/service/activity_log_service.go:42.2,51.53 2 1
github.com/moedahpos/backend/internal/service/activity_log_service.go:51.53,53.3 1 0
github.com/moedahpos/backend/internal/service/activity_log_service.go:56.168,59.16 3 1
github.com/moedahpos/backend/internal/service/activity_log_service.go:59.16,61.3 1 0
github.com/moedahpos/backend/internal/service/activity_log_service.go:63.2,64.25 2 1
github.com/moedahpos/backend/internal/service/activity_log_service.go:64.25,79.3 3 1
github.com/moedahpos/backend/internal/service/activity_log_service.go:81.2,81.62 1 1
github.com/moedahpos/backend/internal/service/auth_service.go:44.16,53.2 1 1
github.com/moedahpos/backend/internal/service/auth_service.go:56.110,59.16 2 1
github.com/moedahpos/backend/internal/service/auth_service.go:59.16,61.3 1 1
github.com/moedahpos/backend/internal/service/auth_service.go:62.2,62.11 1 1
github.com/moedahpos/backend/internal/service/auth_service.go:62.11,64.3 1 1
github.com/moedahpos/backend/internal/service/auth_service.go:67.2,68.16 2 1
github.com/moedahpos/backend/internal/service/auth_service.go:68.16,70.3 1 0
github.com/moedahpos/backend/internal/service/auth_service.go:73.2,78.16 2 1
github.com/moedahpos/backend/internal/service/auth_service.go:78.16,80.3 1 1
github.com/moedahpos/backend/internal/service/auth_service.go:82.2,89.8 2 1
github.com/moedahpos/backend/internal/service/auth_service.go:93.101,95.16 2 1
github.com/moedahpos/backend/internal/service/auth_service.go:95.16,97.3 1 0
github.com/moedahpos/backend/internal/service/auth_service.go:98.2,98.17 1 1
github.com/moedahpos/backend/internal/service/auth_service.go:98.17,100.3 1 1
github.com/moedahpos/backend/internal/service/auth_service.go:101.2,101.20 1 1
github.com/moedahpos/backend/internal/service/auth_service.go:101.20,103.3 1 1
github.com/moedahpos/backend/internal/service/auth_service.go:106.2,106.76 1 1
github.com/moedahpos/backend/internal/service/auth_service.go:106.76,108.3 1 1
github.com/moedahpos/backend/internal/service/auth_service.go:111.2,112.16 2 1
github.com/moedahpos/backend/internal/service/auth_service.go:112.16,114.3 1 0
github.com/moedahpos/backend/internal/service/auth_service.go:116.2,117.16 2 1
github.com/moedahpos/backend/internal/service/auth_service.go:117.16,119.3 1 0
github.com/moedahpos/backend/internal/service/auth_service.go:122.2,126.17 1 1
github.com/moedahpos/backend/internal/service/auth_service.go:126.17,128.3 1 0
github.com/moedahpos/backend/internal/service/auth_service.go:130.2,146.8 3 1
github.com/moedahpos/backend/internal/service/auth_service.go:150.107,154.16 3 1
github.com/moedahpos/backend/internal/service/auth_service.go:154.16,156.3 1 0
github.com/moedahpos/backend/internal/service/auth_service.go:157.2,157.19 1 1
github.com/moedahpos/backend/internal/service/auth_service.go:157.19,159.3 1 1
github.com/moedahpos/backend/internal/service/auth_service.go:162.2,163.16 2 1
github.com/moedahpos/backend/internal/service/auth_service.go:163.16,165.3 1 0
github.com/moedahpos/backend/internal/service/auth_service.go:166.2,166.35 1 1
github.com/moedahpos/backend/internal/service/auth_service.go:166.35,168.3 1 0
github.com/moedahpos/backend/internal/service/auth_service.go:171.2,171.63 1 1
github.com/moedahpos/backend/internal/service/auth_service.go:171.63,173.3 1 0
github.com/moedahpos/backend/internal/service/auth_service.go:176.2,177.16 2 1
github.com/moedahpos/backend/internal/service/auth_service.go:177.16,179.3 1 0
github.com/moedahpos/backend/internal/service/auth_service.go:181.2,184.8 1 1
github.com/moedahpos/backend/internal/service/auth_service.go:188.72,189.67 1 1
github.com/moedahpos/backend/internal/service/auth_service.go:189.67,191.3 1 0
github.com/moedahpos/backend/internal/service/auth_service.go:192.2,196.12 3 1
github.com/moedahpos/backend/internal/service/auth_service.go:200.87,202.16 2 1
github.com/moedahpos/backend/internal/service/auth_service.go:202.16,204.3 1 0
github.com/moedahpos/backend/internal/service/auth_service.go:205.2,205.17 1 1
github.com/moedahpos/backend/internal/service/auth_service.go:205.17,207.3 1 1
github.com/moedahpos/backend/internal/service/auth_service.go:209.2,210.16 2 1
github.com/moedahpos/backend/internal/service/auth_service.go:210.16,212.3 1 0
github.com/moedahpos/backend/internal/service/auth_service.go:214.2,215.28 2 1
github.com/moedahpos/backend/internal/service/auth_service.go:215.28,222.3 1 1
github.com/moedahpos/backend/internal/service/auth_service.go:224.2,229.8 1 1
github.com/moedahpos/backend/internal/service/batch_stock_service.go:27.104,29.2 1 1
github.com/moedahpos/backend/internal/service/batch_stock_service.go:36.124,37.29 1 1
github.com/moedahpos/backend/internal/service/batch_stock_service.go:37.29,46.61 2 1
github.com/moedahpos/backend/internal/service/batch_stock_service.go:46.61,48.4 1 0
github.com/moedahpos/backend/internal/service/batch_stock_service.go:50.2,55.12 2 1
github.com/moedahpos/backend/internal/service/batch_stock_service.go:66.112,67.77 1 1
github.com/moedahpos/backend/internal/service/batch_stock_service.go:67.77,69.3 1 0
github.com/moedahpos/backend/internal/service/batch_stock_service.go:70.2,75.12 2 1
github.com/moedahpos/backend/internal/service/batch_stock_service.go:82.119,84.2 1 1
github.com/moedahpos/backend/internal/service/batch_stock_service.go:88.127,90.2 1 1
github.com/moedahpos/backend/internal/service/batch_stock_service.go:94.121,96.2 1 1
github.com/moedahpos/backend/internal/service/customer_service.go:24.98,26.2 1 1
github.com/moedahpos/backend/internal/service/customer_service.go:28.132,31.16 3 1
github.com/moedahpos/backend/internal/service/customer_service.go:31.16,33.3 1 0
github.com/moedahpos/backend/internal/service/customer_service.go:34.2,35.25 2 1
github.com/moedahpos/backend/internal/service/customer_service.go:35.25,37.3 1 1
github.com/moedahpos/backend/internal/service/customer_service.go:38.2,38.57 1 1
github.com/moedahpos/backend/internal/service/customer_service.go:41.94,43.16 2 0
github.com/moedahpos/backend/internal/service/customer_service.go:43.16,45.3 1 0
github.com/moedahpos/backend/internal/service/customer_service.go:46.2,46.14 1 0
github.com/moedahpos/backend/internal/service/customer_service.go:46.14,48.3 1 0
github.com/moedahpos/backend/internal/service/customer_service.go:49.2,49.35 1 0
github.com/moedahpos/backend/internal/service/customer_service.go:52.133,57.21 2 1
github.com/moedahpos/backend/internal/service/customer_service.go:57.21,59.3 1 0
github.com/moedahpos/backend/internal/service/customer_service.go:60.2,60.21 1 1
github.com/moedahpos/backend/internal/service/customer_service.go:60.21,62.3 1 0
github.com/moedahpos/backend/internal/service/customer_service.go:63.2,63.23 1 1
github.com/moedahpos/backend/internal/service/customer_service.go:63.23,65.3 1 0
github.com/moedahpos/backend/internal/service/customer_service.go:66.2,66.21 1 1
github.com/moedahpos/backend/internal/service/customer_service.go:66.21,68.3 1 0
github.com/moedahpos/backend/internal/service/customer_service.go:70.2,71.16 2 1
github.com/moedahpos/backend/internal/service/customer_service.go:71.16,73.3 1 0
github.com/moedahpos/backend/internal/service/customer_service.go:74.2,75.37 2 1
github.com/moedahpos/backend/internal/service/customer_service.go:78.128,80.16 2 1
github.com/moedahpos/backend/internal/service/customer_service.go:80.16,82.3 1 0
github.com/moedahpos/backend/internal/service/customer_service.go:83.2,83.21 1 1
github.com/moedahpos/backend/internal/service/customer_service.go:83.21,85.3 1 1
github.com/moedahpos/backend/internal/service/customer_service.go:86.2,87.21 2 1
github.com/moedahpos/backend/internal/service/customer_service.go:87.21,89.3 1 0
github.com/moedahpos/backend/internal/service/customer_service.go:89.8,91.3 1 1
github.com/moedahpos/backend/internal/service/customer_service.go:92.2,92.21 1 1
github.com/moedahpos/backend/internal/service/customer_service.go:92.21,94.3 1 0
github.com/moedahpos/backend/internal/service/customer_service.go:94.8,96.3 1 1
github.com/moedahpos/backend/internal/service/customer_service.go:97.2,97.23 1 1
github.com/moedahpos/backend/internal/service/customer_service.go:97.23,99.3 1 0
github.com/moedahpos/backend/internal/service/customer_service.go:99.8,101.3 1 1
github.com/moedahpos/backend/internal/service/customer_service.go:102.2,102.21 1 1
github.com/moedahpos/backend/internal/service/customer_service.go:102.21,104.3 1 0
github.com/moedahpos/backend/internal/service/customer_service.go:104.8,106.3 1 1
github.com/moedahpos/backend/internal/service/customer_service.go:108.2,109.16 2 1
github.com/moedahpos/backend/internal/service/customer_service.go:109.16,111.3 1 0
github.com/moedahpos/backend/internal/service/customer_service.go:112.2,112.16 1 1
github.com/moedahpos/backend/internal/service/customer_service.go:112.16,114.3 1 0
github.com/moedahpos/backend/internal/service/customer_service.go:115.2,115.37 1 1
github.com/moedahpos/backend/internal/service/customer_service.go:118.72,119.51 1 1
github.com/moedahpos/backend/internal/service/customer_service.go:119.51,120.42 1 1
github.com/moedahpos/backend/internal/service/customer_service.go:120.42,122.4 1 1
github.com/moedahpos/backend/internal/service/customer_service.go:123.3,123.50 1 0
github.com/moedahpos/backend/internal/service/customer_service.go:125.2,125.12 1 1
github.com/moedahpos/backend/internal/service/customer_service.go:129.114,132.16 3 0
github.com/moedahpos/backend/internal/service/customer_service.go:132.16,134.3 1 0
github.com/moedahpos/backend/internal/service/customer_service.go:135.2,136.25 2 0
github.com/moedahpos/backend/internal/service/customer_service.go:136.25,138.3 1 0
github.com/moedahpos/backend/internal/service/customer_service.go:139.2,139.18 1 0
github.com/moedahpos/backend/internal/service/customer_service.go:142.67,154.2 1 1
github.com/moedahpos/backend/internal/service/expense_service.go:21.143,23.2 1 1
github.com/moedahpos/backend/internal/service/expense_service.go:27.122,29.16 2 1
github.com/moedahpos/backend/internal/service/expense_service.go:29.16,31.3 1 0
github.com/moedahpos/backend/internal/service/expense_service.go:33.2,34.25 2 1
github.com/moedahpos/backend/internal/service/expense_service.go:34.25,43.3 1 1
github.com/moedahpos/backend/internal/service/expense_service.go:44.2,44.18 1 1
github.com/moedahpos/backend/internal/service/expense_service.go:47.139,52.16 2 1
github.com/moedahpos/backend/internal/service/expense_service.go:52.16,54.3 1 0
github.com/moedahpos/backend/internal/service/expense_service.go:55.2,62.8 1 1
github.com/moedahpos/backend/internal/service/expense_service.go:65.150,67.16 2 0
github.com/moedahpos/backend/internal/service/expense_service.go:67.16,69.3 1 0
github.com/moedahpos/backend/internal/service/expense_service.go:70.2,70.14 1 0
github.com/moedahpos/backend/internal/service/expense_service.go:70.14,72.3 1 0
github.com/moedahpos/backend/internal/service/expense_service.go:73.2,80.8 1 0
github.com/moedahpos/backend/internal/service/expense_service.go:83.83,85.2 1 0
github.com/moedahpos/backend/internal/service/expense_service.go:89.146,91.16 2 1
github.com/moedahpos/backend/internal/service/expense_service.go:91.16,93.3 1 0
github.com/moedahpos/backend/internal/service/expense_service.go:95.2,104.16 2 1
github.com/moedahpos/backend/internal/service/expense_service.go:104.16,106.3 1 0
github.com/moedahpos/backend/internal/service/expense_service.go:108.2,109.26 2 1
github.com/moedahpos/backend/internal/service/expense_service.go:109.26,111.3 1 0
github.com/moedahpos/backend/internal/service/expense_service.go:112.2,113.18 2 1
github.com/moedahpos/backend/internal/service/expense_service.go:113.18,115.3 1 1
github.com/moedahpos/backend/internal/service/expense_service.go:117.2,122.36 2 1
github.com/moedahpos/backend/internal/service/expense_service.go:125.142,128.16 3 0
github.com/moedahpos/backend/internal/service/expense_service.go:128.16,130.3 1 0
github.com/moedahpos/backend/internal/service/expense_service.go:132.2,133.29 2 0
github.com/moedahpos/backend/internal/service/expense_service.go:133.29,135.3 1 0
github.com/moedahpos/backend/internal/service/expense_service.go:136.2,136.62 1 0
github.com/moedahpos/backend/internal/service/expense_service.go:139.142,141.16 2 0
github.com/moedahpos/backend/internal/service/expense_service.go:141.16,143.3 1 0
github.com/moedahpos/backend/internal/service/expense_service.go:145.2,153.16 2 0
github.com/moedahpos/backend/internal/service/expense_service.go:153.16,155.3 1 0
github.com/moedahpos/backend/internal/service/expense_service.go:156.2,156.14 1 0
github.com/moedahpos/backend/internal/service/expense_service.go:156.14,158.3 1 0
github.com/moedahpos/backend/internal/service/expense_service.go:160.2,165.36 2 0
github.com/moedahpos/backend/internal/service/expense_service.go:168.87,171.63 2 0
github.com/moedahpos/backend/internal/service/expense_service.go:171.63,173.3 1 0
github.com/moedahpos/backend/internal/service/expense_service.go:175.2,175.31 1 0
github.com/moedahpos/backend/internal/service/expense_service.go:175.31,180.3 1 0
github.com/moedahpos/backend/internal/service/expense_service.go:181.2,181.12 1 0
github.com/moedahpos/backend/internal/service/expense_service.go:184.84,198.2 1 1
github.com/moedahpos/backend/internal/service/expense_service.go:200.154,202.16 2 0
github.com/moedahpos/backend/internal/service/expense_service.go:202.16,204.3 1 0
github.com/moedahpos/backend/internal/service/expense_service.go:205.2,205.14 1 0
github.com/moedahpos/backend/internal/service/expense_service.go:205.14,207.3 1 0
github.com/moedahpos/backend/internal/service/expense_service.go:208.2,208.36 1 0
github.com/moedahpos/backend/internal/service/expense_service.go:213.173,215.16 2 1
github.com/moedahpos/backend/internal/service/expense_service.go:215.16,217.3 1 0
github.com/moedahpos/backend/internal/service/expense_service.go:218.2,219.46 2 1
github.com/moedahpos/backend/internal/service/expense_service.go:219.46,221.17 2 0
github.com/moedahpos/backend/internal/service/expense_service.go:221.17,223.4 1 0
github.com/moedahpos/backend/internal/service/expense_service.go:224.3,224.16 1 0
github.com/moedahpos/backend/internal/service/expense_service.go:227.2,241.16 2 1
github.com/moedahpos/backend/internal/service/expense_service.go:241.16,243.3 1 0
github.com/moedahpos/backend/internal/service/expense_service.go:244.2,244.46 1 1
github.com/moedahpos/backend/internal/service/expense_service.go:247.160,250.16 3 1
github.com/moedahpos/backend/internal/service/expense_service.go:250.16,252.3 1 0
github.com/moedahpos/backend/internal/service/expense_service.go:254.2,255.29 2 1
github.com/moedahpos/backend/internal/service/expense_service.go:255.29,257.3 1 1
github.com/moedahpos/backend/internal/service/expense_service.go:258.2,258.62 1 1
github.com/moedahpos/backend/internal/service/expense_service.go:261.169,263.16 2 0
github.com/moedahpos/backend/internal/service/expense_service.go:263.16,265.3 1 0
github.com/moedahpos/backend/internal/service/expense_service.go:266.2,267.46 2 0
github.com/moedahpos/backend/internal/service/expense_service.go:267.46,269.17 2 0
github.com/moedahpos/backend/internal/service/expense_service.go:269.17,271.4 1 0
github.com/moedahpos/backend/internal/service/expense_service.go:272.3,272.16 1 0
github.com/moedahpos/backend/internal/service/expense_service.go:275.2,288.16 2 0
github.com/moedahpos/backend/internal/service/expense_service.go:288.16,290.3 1 0
github.com/moedahpos/backend/internal/service/expense_service.go:291.2,291.15 1 0
github.com/moedahpos/backend/internal/service/expense_service.go:291.15,293.3 1 0
github.com/moedahpos/backend/internal/service/expense_service.go:294.2,294.46 1 0
github.com/moedahpos/backend/internal/service/expense_service.go:297.96,298.72 1 0
github.com/moedahpos/backend/internal/service/expense_service.go:298.72,300.3 1 0
github.com/moedahpos/backend/internal/service/expense_service.go:301.2,301.12 1 0
github.com/moedahpos/backend/internal/service/expense_service.go:304.81,306.16 2 1
github.com/moedahpos/backend/internal/service/expense_service.go:306.16,308.3 1 0
github.com/moedahpos/backend/internal/service/expense_service.go:310.2,310.25 1 1
github.com/moedahpos/backend/internal/service/expense_service.go:310.25,322.17 3 1
github.com/moedahpos/backend/internal/service/expense_service.go:322.17,324.12 2 0
github.com/moedahpos/backend/internal/service/expense_service.go:328.3,329.22 2 1
github.com/moedahpos/backend/internal/service/expense_service.go:330.16,331.60 1 0
github.com/moedahpos/backend/internal/service/expense_service.go:332.17,333.62 1 0
github.com/moedahpos/backend/internal/service/expense_service.go:334.18,335.60 1 1
github.com/moedahpos/backend/internal/service/expense_service.go:336.17,337.60 1 0
github.com/moedahpos/backend/internal/service/expense_service.go:340.3,340.102 1 1
github.com/moedahpos/backend/internal/service/expense_service.go:340.102,342.4 1 0
github.com/moedahpos/backend/internal/service/expense_service.go:342.9,344.4 1 1
github.com/moedahpos/backend/internal/service/expense_service.go:346.2,346.12 1 1
github.com/moedahpos/backend/internal/service/expense_service.go:349.111,351.22 2 1
github.com/moedahpos/backend/internal/service/expense_service.go:351.22,354.3 2 0
github.com/moedahpos/backend/internal/service/expense_service.go:355.2,355.30 1 1
github.com/moedahpos/backend/internal/service/expense_service.go:355.30,358.3 2 0
github.com/moedahpos/backend/internal/service/expense_service.go:360.2,378.3 1 1
github.com/moedahpos/backend/internal/service/income_service.go:40.133,42.2 1 1
github.com/moedahpos/backend/internal/service/income_service.go:46.121,48.16 2 1
github.com/moedahpos/backend/internal/service/income_service.go:48.16,50.3 1 0
github.com/moedahpos/backend/internal/service/income_service.go:51.2,52.25 2 1
github.com/moedahpos/backend/internal/service/income_service.go:52.25,54.3 1 1
github.com/moedahpos/backend/internal/service/income_service.go:55.2,55.18 1 1
github.com/moedahpos/backend/internal/service/income_service.go:58.136,64.16 3 1
github.com/moedahpos/backend/internal/service/income_service.go:64.16,66.3 1 0
github.com/moedahpos/backend/internal/service/income_service.go:67.2,67.43 1 1
github.com/moedahpos/backend/internal/service/income_service.go:70.147,72.16 2 0
github.com/moedahpos/backend/internal/service/income_service.go:72.16,74.3 1 0
github.com/moedahpos/backend/internal/service/income_service.go:75.2,75.16 1 0
github.com/moedahpos/backend/internal/service/income_service.go:75.16,77.3 1 0
github.com/moedahpos/backend/internal/service/income_service.go:78.2,78.43 1 0
github.com/moedahpos/backend/internal/service/income_service.go:81.82,83.2 1 0
github.com/moedahpos/backend/internal/service/income_service.go:87.142,89.16 2 1
github.com/moedahpos/backend/internal/service/income_service.go:89.16,91.3 1 0
github.com/moedahpos/backend/internal/service/income_service.go:93.2,94.25 2 1
github.com/moedahpos/backend/internal/service/income_service.go:94.25,97.3 2 0
github.com/moedahpos/backend/internal/service/income_service.go:98.2,98.21 1 1
github.com/moedahpos/backend/internal/service/income_service.go:98.21,101.3 2 0
github.com/moedahpos/backend/internal/service/income_service.go:102.2,103.18 2 1
github.com/moedahpos/backend/internal/service/income_service.go:103.18,105.3 1 1
github.com/moedahpos/backend/internal/service/income_service.go:107.2,117.16 2 1
github.com/moedahpos/backend/internal/service/income_service.go:117.16,119.3 1 0
github.com/moedahpos/backend/internal/service/income_service.go:121.2,122.28 2 1
github.com/moedahpos/backend/internal/service/income_service.go:122.28,124.3 1 0
github.com/moedahpos/backend/internal/service/income_service.go:127.2,128.18 2 1
github.com/moedahpos/backend/internal/service/income_service.go:128.18,130.3 1 1
github.com/moedahpos/backend/internal/service/income_service.go:132.2,139.35 3 1
github.com/moedahpos/backend/internal/service/income_service.go:142.133,145.16 3 1
github.com/moedahpos/backend/internal/service/income_service.go:145.16,147.3 1 0
github.com/moedahpos/backend/internal/service/income_service.go:148.2,149.25 2 1
github.com/moedahpos/backend/internal/service/income_service.go:149.25,151.3 1 1
github.com/moedahpos/backend/internal/service/income_service.go:152.2,152.57 1 1
github.com/moedahpos/backend/internal/service/income_service.go:155.138,157.16 2 1
github.com/moedahpos/backend/internal/service/income_service.go:157.16,159.3 1 0
github.com/moedahpos/backend/internal/service/income_service.go:161.2,162.25 2 1
github.com/moedahpos/backend/internal/service/income_service.go:162.25,165.3 2 0
github.com/moedahpos/backend/internal/service/income_service.go:166.2,166.21 1 1
github.com/moedahpos/backend/internal/service/income_service.go:166.21,169.3 2 0
github.com/moedahpos/backend/internal/service/income_service.go:171.2,181.16 2 1
github.com/moedahpos/backend/internal/service/income_service.go:181.16,183.3 1 0
github.com/moedahpos/backend/internal/service/income_service.go:184.2,184.20 1 1
github.com/moedahpos/backend/internal/service/income_service.go:184.20,186.3 1 0
github.com/moedahpos/backend/internal/service/income_service.go:191.2,197.39 2 1
github.com/moedahpos/backend/internal/service/income_service.go:200.85,203.56 2 1
github.com/moedahpos/backend/internal/service/income_service.go:203.56,204.40 1 0
github.com/moedahpos/backend/internal/service/income_service.go:204.40,206.4 1 0
github.com/moedahpos/backend/internal/service/income_service.go:207.3,207.48 1 0
github.com/moedahpos/backend/internal/service/income_service.go:210.2,210.33 1 1
github.com/moedahpos/backend/internal/service/income_service.go:210.33,215.3 1 1
github.com/moedahpos/backend/internal/service/income_service.go:217.2,217.12 1 1
github.com/moedahpos/backend/internal/service/income_service.go:222.85,231.2 1 1
github.com/moedahpos/backend/internal/service/income_service.go:233.63,249.2 1 1
github.com/moedahpos/backend/internal/service/price_history_service.go:21.110,23.2 1 1
github.com/moedahpos/backend/internal/service/price_history_service.go:34.9,36.46 1 1
github.com/moedahpos/backend/internal/service/price_history_service.go:36.46,38.3 1 0
github.com/moedahpos/backend/internal/service/price_history_service.go:39.2,51.4 1 1
github.com/moedahpos/backend/internal/service/price_history_service.go:55.162,58.16 3 1
github.com/moedahpos/backend/internal/service/price_history_service.go:58.16,60.3 1 0
github.com/moedahpos/backend/internal/service/price_history_service.go:61.2,61.77 1 1
github.com/moedahpos/backend/internal/service/price_history_service.go:65.158,68.16 3 1
github.com/moedahpos/backend/internal/service/price_history_service.go:68.16,70.3 1 0
github.com/moedahpos/backend/internal/service/price_history_service.go:71.2,71.77 1 1
github.com/moedahpos/backend/internal/service/price_history_service.go:74.77,76.25 2 1
github.com/moedahpos/backend/internal/service/price_history_service.go:76.25,93.3 1 1
github.com/moedahpos/backend/internal/service/price_history_service.go:94.2,94.12 1 1
github.com/moedahpos/backend/internal/service/product_service.go:39.19,41.2 1 1
github.com/moedahpos/backend/internal/service/product_service.go:45.111,47.16 2 1
github.com/moedahpos/backend/internal/service/product_service.go:47.16,49.3 1 0
github.com/moedahpos/backend/internal/service/product_service.go:50.2,51.25 2 1
github.com/moedahpos/backend/internal/service/product_service.go:51.25,53.3 1 1
github.com/moedahpos/backend/internal/service/product_service.go:54.2,54.18 1 1
github.com/moedahpos/backend/internal/service/product_service.go:57.141,61.16 2 1
github.com/moedahpos/backend/internal/service/product_service.go:61.16,63.3 1 0
github.com/moedahpos/backend/internal/service/product_service.go:64.2,64.37 1 1
github.com/moedahpos/backend/internal/service/product_service.go:67.136,69.16 2 1
github.com/moedahpos/backend/internal/service/product_service.go:69.16,71.3 1 0
github.com/moedahpos/backend/internal/service/product_service.go:72.2,72.16 1 1
github.com/moedahpos/backend/internal/service/product_service.go:72.16,74.3 1 0
github.com/moedahpos/backend/internal/service/product_service.go:75.2,78.16 4 1
github.com/moedahpos/backend/internal/service/product_service.go:78.16,80.3 1 0
github.com/moedahpos/backend/internal/service/product_service.go:81.2,81.41 1 1
github.com/moedahpos/backend/internal/service/product_service.go:85.79,87.16 2 1
github.com/moedahpos/backend/internal/service/product_service.go:87.16,89.3 1 0
github.com/moedahpos/backend/internal/service/product_service.go:90.2,90.16 1 1
github.com/moedahpos/backend/internal/service/product_service.go:90.16,92.3 1 0
github.com/moedahpos/backend/internal/service/product_service.go:93.2,93.59 1 1
github.com/moedahpos/backend/internal/service/product_service.go:93.59,95.3 1 0
github.com/moedahpos/backend/internal/service/product_service.go:96.2,97.12 2 1
github.com/moedahpos/backend/internal/service/product_service.go:102.142,106.16 4 1
github.com/moedahpos/backend/internal/service/product_service.go:106.16,108.3 1 0
github.com/moedahpos/backend/internal/service/product_service.go:109.2,110.29 2 1
github.com/moedahpos/backend/internal/service/product_service.go:110.29,112.3 1 1
github.com/moedahpos/backend/internal/service/product_service.go:113.2,113.62 1 1
github.com/moedahpos/backend/internal/service/product_service.go:116.99,118.16 2 1
github.com/moedahpos/backend/internal/service/product_service.go:118.16,120.3 1 0
github.com/moedahpos/backend/internal/service/product_service.go:121.2,121.14 1 1
github.com/moedahpos/backend/internal/service/product_service.go:121.14,123.3 1 0
github.com/moedahpos/backend/internal/service/product_service.go:124.2,124.34 1 1
github.com/moedahpos/backend/internal/service/product_service.go:127.122,129.16 2 1
github.com/moedahpos/backend/internal/service/product_service.go:129.16,131.3 1 0
github.com/moedahpos/backend/internal/service/product_service.go:132.2,132.14 1 1
github.com/moedahpos/backend/internal/service/product_service.go:132.14,134.3 1 0
github.com/moedahpos/backend/internal/service/product_service.go:135.2,135.34 1 1
github.com/moedahpos/backend/internal/service/product_service.go:138.158,141.16 2 1
github.com/moedahpos/backend/internal/service/product_service.go:141.16,143.3 1 0
github.com/moedahpos/backend/internal/service/product_service.go:144.2,144.12 1 1
github.com/moedahpos/backend/internal/service/product_service.go:144.12,146.3 1 1
github.com/moedahpos/backend/internal/service/product_service.go:148.2,149.29 2 1
github.com/moedahpos/backend/internal/service/product_service.go:149.29,151.3 1 0
github.com/moedahpos/backend/internal/service/product_service.go:153.2,159.16 2 1
github.com/moedahpos/backend/internal/service/product_service.go:159.16,161.3 1 0
github.com/moedahpos/backend/internal/service/product_service.go:164.2,164.25 1 1
github.com/moedahpos/backend/internal/service/product_service.go:164.25,170.17 2 1
github.com/moedahpos/backend/internal/service/product_service.go:170.17,172.4 1 0
github.com/moedahpos/backend/internal/service/product_service.go:175.2,176.40 2 1
github.com/moedahpos/backend/internal/service/product_service.go:179.151,181.16 2 1
github.com/moedahpos/backend/internal/service/product_service.go:181.16,183.3 1 0
github.com/moedahpos/backend/internal/service/product_service.go:184.2,184.20 1 1
github.com/moedahpos/backend/internal/service/product_service.go:184.20,186.3 1 0
github.com/moedahpos/backend/internal/service/product_service.go:189.2,199.29 10 1
github.com/moedahpos/backend/internal/service/product_service.go:199.29,201.3 1 0
github.com/moedahpos/backend/internal/service/product_service.go:201.8,203.3 1 1
github.com/moedahpos/backend/internal/service/product_service.go:204.2,206.25 3 1
github.com/moedahpos/backend/internal/service/product_service.go:206.25,208.3 1 0
github.com/moedahpos/backend/internal/service/product_service.go:210.2,211.16 2 1
github.com/moedahpos/backend/internal/service/product_service.go:211.16,213.3 1 0
github.com/moedahpos/backend/internal/service/product_service.go:216.2,216.30 1 1
github.com/moedahpos/backend/internal/service/product_service.go:216.30,222.18 2 1
github.com/moedahpos/backend/internal/service/product_service.go:222.18,224.4 1 0
github.com/moedahpos/backend/internal/service/product_service.go:227.2,227.40 1 1
github.com/moedahpos/backend/internal/service/product_service.go:231.78,233.16 2 0
github.com/moedahpos/backend/internal/service/product_service.go:233.16,235.3 1 0
github.com/moedahpos/backend/internal/service/product_service.go:236.2,236.20 1 0
github.com/moedahpos/backend/internal/service/product_service.go:236.20,238.3 1 0
github.com/moedahpos/backend/internal/service/product_service.go:239.2,239.58 1 0
github.com/moedahpos/backend/internal/service/product_service.go:239.58,241.3 1 0
github.com/moedahpos/backend/internal/service/product_service.go:242.2,243.12 2 0
github.com/moedahpos/backend/internal/service/product_service.go:248.67,258.24 2 1
github.com/moedahpos/backend/internal/service/product_service.go:258.24,261.3 2 0
github.com/moedahpos/backend/internal/service/product_service.go:262.2,262.10 1 1
github.com/moedahpos/backend/internal/service/product_service.go:265.64,267.26 2 1
github.com/moedahpos/backend/internal/service/product_service.go:267.26,269.3 1 0
github.com/moedahpos/backend/internal/service/product_service.go:270.2,291.24 2 1
github.com/moedahpos/backend/internal/service/product_service.go:291.24,294.3 2 0
github.com/moedahpos/backend/internal/service/product_service.go:295.2,295.10 1 1
github.com/moedahpos/backend/internal/service/purchase_order_service.go:46.25,57.2 1 1
github.com/moedahpos/backend/internal/service/purchase_order_service.go:59.133,62.16 3 1
github.com/moedahpos/backend/internal/service/purchase_order_service.go:62.16,64.3 1 0
github.com/moedahpos/backend/internal/service/purchase_order_service.go:66.2,68.25 3 1
github.com/moedahpos/backend/internal/service/purchase_order_service.go:68.25,70.3 1 1
github.com/moedahpos/backend/internal/service/purchase_order_service.go:71.2,71.62 1 1
github.com/moedahpos/backend/internal/service/purchase_order_service.go:74.95,76.16 2 1
github.com/moedahpos/backend/internal/service/purchase_order_service.go:76.16,78.3 1 0
github.com/moedahpos/backend/internal/service/purchase_order_service.go:79.2,79.15 1 1
github.com/moedahpos/backend/internal/service/purchase_order_service.go:79.15,81.3 1 0
github.com/moedahpos/backend/internal/service/purchase_order_service.go:83.2,84.16 2 1
github.com/moedahpos/backend/internal/service/purchase_order_service.go:84.16,87.3 2 1
github.com/moedahpos/backend/internal/service/purchase_order_service.go:88.2,88.30 1 1
github.com/moedahpos/backend/internal/service/purchase_order_service.go:91.144,93.16 2 1
github.com/moedahpos/backend/internal/service/purchase_order_service.go:93.16,95.3 1 0
github.com/moedahpos/backend/internal/service/purchase_order_service.go:97.2,108.16 4 1
github.com/moedahpos/backend/internal/service/purchase_order_service.go:108.16,110.3 1 0
github.com/moedahpos/backend/internal/service/purchase_order_service.go:112.2,113.53 2 1
github.com/moedahpos/backend/internal/service/purchase_order_service.go:113.53,115.3 1 0
github.com/moedahpos/backend/internal/service/purchase_order_service.go:116.2,124.30 3 1
github.com/moedahpos/backend/internal/service/purchase_order_service.go:127.140,129.16 2 1
github.com/moedahpos/backend/internal/service/purchase_order_service.go:129.16,131.3 1 0
github.com/moedahpos/backend/internal/service/purchase_order_service.go:132.2,132.21 1 1
github.com/moedahpos/backend/internal/service/purchase_order_service.go:132.21,134.3 1 1
github.com/moedahpos/backend/internal/service/purchase_order_service.go:135.2,135.36 1 1
github.com/moedahpos/backend/internal/service/purchase_order_service.go:135.36,137.3 1 1
github.com/moedahpos/backend/internal/service/purchase_order_service.go:139.2,140.16 2 1
github.com/moedahpos/backend/internal/service/purchase_order_service.go:140.16,142.3 1 0
github.com/moedahpos/backend/internal/service/purchase_order_service.go:144.2,149.16 5 1
github.com/moedahpos/backend/internal/service/purchase_order_service.go:149.16,151.3 1 0
github.com/moedahpos/backend/internal/service/purchase_order_service.go:152.2,152.15 1 1
github.com/moedahpos/backend/internal/service/purchase_order_service.go:152.15,154.3 1 0
github.com/moedahpos/backend/internal/service/purchase_order_service.go:155.2,155.30 1 1
github.com/moedahpos/backend/internal/service/purchase_order_service.go:159.87,161.16 2 1
github.com/moedahpos/backend/internal/service/purchase_order_service.go:161.16,163.3 1 0
github.com/moedahpos/backend/internal/service/purchase_order_service.go:164.2,164.15 1 1
github.com/moedahpos/backend/internal/service/purchase_order_service.go:164.15,166.3 1 0
github.com/moedahpos/backend/internal/service/purchase_order_service.go:167.2,167.30 1 1
github.com/moedahpos/backend/internal/service/purchase_order_service.go:167.30,169.3 1 0
github.com/moedahpos/backend/internal/service/purchase_order_service.go:170.2,170.57 1 1
github.com/moedahpos/backend/internal/service/purchase_order_service.go:170.57,172.3 1 0
github.com/moedahpos/backend/internal/service/purchase_order_service.go:173.2,174.12 2 1
github.com/moedahpos/backend/internal/service/purchase_order_service.go:178.88,180.16 2 1
github.com/moedahpos/backend/internal/service/purchase_order_service.go:180.16,182.3 1 0
github.com/moedahpos/backend/internal/service/purchase_order_service.go:183.2,183.15 1 1
github.com/moedahpos/backend/internal/service/purchase_order_service.go:183.15,185.3 1 0
github.com/moedahpos/backend/internal/service/purchase_order_service.go:186.2,186.28 1 1
github.com/moedahpos/backend/internal/service/purchase_order_service.go:186.28,188.3 1 0
github.com/moedahpos/backend/internal/service/purchase_order_service.go:190.2,195.32 3 1
github.com/moedahpos/backend/internal/service/purchase_order_service.go:195.32,197.35 2 1
github.com/moedahpos/backend/internal/service/purchase_order_service.go:197.35,202.4 1 1
github.com/moedahpos/backend/internal/service/purchase_order_service.go:205.2,205.58 1 1
github.com/moedahpos/backend/internal/service/purchase_order_service.go:205.58,207.3 1 0
github.com/moedahpos/backend/internal/service/purchase_order_service.go:210.2,210.30 1 1
github.com/moedahpos/backend/internal/service/purchase_order_service.go:210.30,212.33 2 1
github.com/moedahpos/backend/internal/service/purchase_order_service.go:212.33,214.15 2 1
github.com/moedahpos/backend/internal/service/purchase_order_service.go:214.15,215.13 1 0
github.com/moedahpos/backend/internal/service/purchase_order_service.go:217.4,217.39 1 1
github.com/moedahpos/backend/internal/service/purchase_order_service.go:217.39,218.13 1 0
github.com/moedahpos/backend/internal/service/purchase_order_service.go:220.4,226.5 2 1
github.com/moedahpos/backend/internal/service/purchase_order_service.go:230.2,231.12 2 1
github.com/moedahpos/backend/internal/service/purchase_order_service.go:235.79,237.16 2 1
github.com/moedahpos/backend/internal/service/purchase_order_service.go:237.16,239.3 1 0
github.com/moedahpos/backend/internal/service/purchase_order_service.go:240.2,240.15 1 1
github.com/moedahpos/backend/internal/service/purchase_order_service.go:240.15,242.3 1 0
github.com/moedahpos/backend/internal/service/purchase_order_service.go:243.2,244.57 2 1
github.com/moedahpos/backend/internal/service/purchase_order_service.go:244.57,246.3 1 1
github.com/moedahpos/backend/internal/service/purchase_order_service.go:247.2,247.33 1 1
github.com/moedahpos/backend/internal/service/purchase_order_service.go:252.140,255.31 3 1
github.com/moedahpos/backend/internal/service/purchase_order_service.go:255.31,257.17 2 1
github.com/moedahpos/backend/internal/service/purchase_order_service.go:257.17,259.4 1 0
github.com/moedahpos/backend/internal/service/purchase_order_service.go:260.3,260.51 1 1
github.com/moedahpos/backend/internal/service/purchase_order_service.go:260.51,262.4 1 0
github.com/moedahpos/backend/internal/service/purchase_order_service.go:263.3,270.5 3 1
github.com/moedahpos/backend/internal/service/purchase_order_service.go:272.2,272.29 1 1
github.com/moedahpos/backend/internal/service/purchase_order_service.go:277.61,296.28 2 1
github.com/moedahpos/backend/internal/service/purchase_order_service.go:296.28,298.3 1 1
github.com/moedahpos/backend/internal/service/purchase_order_service.go:299.2,299.25 1 1
github.com/moedahpos/backend/internal/service/purchase_order_service.go:299.25,302.3 2 0
github.com/moedahpos/backend/internal/service/purchase_order_service.go:303.2,303.26 1 1
github.com/moedahpos/backend/internal/service/purchase_order_service.go:303.26,306.3 2 0
github.com/moedahpos/backend/internal/service/purchase_order_service.go:307.2,307.28 1 1
github.com/moedahpos/backend/internal/service/purchase_order_service.go:307.28,310.3 2 0
github.com/moedahpos/backend/internal/service/purchase_order_service.go:311.2,311.32 1 1
github.com/moedahpos/backend/internal/service/purchase_order_service.go:311.32,323.3 1 0
github.com/moedahpos/backend/internal/service/purchase_order_service.go:324.2,324.13 1 1
github.com/moedahpos/backend/internal/service/purchase_order_service.go:330.155,332.16 2 1
github.com/moedahpos/backend/internal/service/purchase_order_service.go:332.16,334.3 1 0
github.com/moedahpos/backend/internal/service/purchase_order_service.go:335.2,335.15 1 1
github.com/moedahpos/backend/internal/service/purchase_order_service.go:335.15,337.3 1 0
github.com/moedahpos/backend/internal/service/purchase_order_service.go:338.2,338.29 1 1
github.com/moedahpos/backend/internal/service/purchase_order_service.go:338.29,340.3 1 0
github.com/moedahpos/backend/internal/service/purchase_order_service.go:342.2,344.16 3 1
github.com/moedahpos/backend/internal/service/purchase_order_service.go:344.16,346.3 1 0
github.com/moedahpos/backend/internal/service/purchase_order_service.go:348.2,355.16 2 1
github.com/moedahpos/backend/internal/service/purchase_order_service.go:355.16,357.3 1 0
github.com/moedahpos/backend/internal/service/purchase_order_service.go:359.2,367.36 3 1
github.com/moedahpos/backend/internal/service/purchase_order_service.go:370.121,372.43 2 1
github.com/moedahpos/backend/internal/service/purchase_order_service.go:372.43,374.3 1 0
github.com/moedahpos/backend/internal/service/purchase_order_service.go:376.2,377.28 2 1
github.com/moedahpos/backend/internal/service/purchase_order_service.go:377.28,378.24 1 1
github.com/moedahpos/backend/internal/service/purchase_order_service.go:378.24,379.9 1 0
github.com/moedahpos/backend/internal/service/purchase_order_service.go:382.3,383.21 2 1
github.com/moedahpos/backend/internal/service/purchase_order_service.go:383.21,384.12 1 0
github.com/moedahpos/backend/internal/service/purchase_order_service.go:387.3,388.28 2 1
github.com/moedahpos/backend/internal/service/purchase_order_service.go:388.28,390.4 1 1
github.com/moedahpos/backend/internal/service/purchase_order_service.go:392.3,401.17 2 1
github.com/moedahpos/backend/internal/service/purchase_order_service.go:401.17,403.4 1 0
github.com/moedahpos/backend/internal/service/purchase_order_service.go:403.9,405.4 1 1
github.com/moedahpos/backend/internal/service/purchase_order_service.go:407.3,407.25 1 1
github.com/moedahpos/backend/internal/service/purchase_order_service.go:412.113,414.16 2 1
github.com/moedahpos/backend/internal/service/purchase_order_service.go:414.16,416.3 1 0
github.com/moedahpos/backend/internal/service/purchase_order_service.go:417.2,418.25 2 1
github.com/moedahpos/backend/internal/service/purchase_order_service.go:418.25,420.3 1 1
github.com/moedahpos/backend/internal/service/purchase_order_service.go:421.2,421.17 1 1
github.com/moedahpos/backend/internal/service/purchase_order_service.go:425.113,427.2 1 1
github.com/moedahpos/backend/internal/service/purchase_order_service.go:429.68,439.2 1 1
github.com/moedahpos/backend/internal/service/report_service.go:20.98,22.2 1 1
github.com/moedahpos/backend/internal/service/report_service.go:25.71,30.50 4 1
github.com/moedahpos/backend/internal/service/report_service.go:30.50,33.3 2 1
github.com/moedahpos/backend/internal/service/report_service.go:35.2,36.27 2 1
github.com/moedahpos/backend/internal/service/report_service.go:36.27,37.64 1 1
github.com/moedahpos/backend/internal/service/report_service.go:37.64,39.4 1 1
github.com/moedahpos/backend/internal/service/report_service.go:41.2,41.25 1 1
github.com/moedahpos/backend/internal/service/report_service.go:41.25,42.62 1 1
github.com/moedahpos/backend/internal/service/report_service.go:42.62,44.4 1 1
github.com/moedahpos/backend/internal/service/report_service.go:46.2,46.17 1 1
github.com/moedahpos/backend/internal/service/report_service.go:50.119,53.16 3 1
github.com/moedahpos/backend/internal/service/report_service.go:53.16,55.3 1 0
github.com/moedahpos/backend/internal/service/report_service.go:57.2,59.25 3 1
github.com/moedahpos/backend/internal/service/report_service.go:59.25,66.3 6 1
github.com/moedahpos/backend/internal/service/report_service.go:67.2,68.20 2 1
github.com/moedahpos/backend/internal/service/report_service.go:68.20,70.3 1 1
github.com/moedahpos/backend/internal/service/report_service.go:71.2,80.8 1 1
github.com/moedahpos/backend/internal/service/report_service.go:84.119,87.16 3 0
github.com/moedahpos/backend/internal/service/report_service.go:87.16,89.3 1 0
github.com/moedahpos/backend/internal/service/report_service.go:90.2,90.18 1 0
github.com/moedahpos/backend/internal/service/report_service.go:94.119,97.16 3 0
github.com/moedahpos/backend/internal/service/report_service.go:97.16,99.3 1 0
github.com/moedahpos/backend/internal/service/report_service.go:100.2,100.18 1 0
github.com/moedahpos/backend/internal/service/report_service.go:104.114,106.16 2 1
github.com/moedahpos/backend/internal/service/report_service.go:106.16,108.3 1 0
github.com/moedahpos/backend/internal/service/report_service.go:109.2,110.25 2 1
github.com/moedahpos/backend/internal/service/report_service.go:110.25,112.3 1 1
github.com/moedahpos/backend/internal/service/report_service.go:113.2,116.8 1 1
github.com/moedahpos/backend/internal/service/report_service.go:120.137,123.16 3 0
github.com/moedahpos/backend/internal/service/report_service.go:123.16,125.3 1 0
github.com/moedahpos/backend/internal/service/report_service.go:126.2,127.25 2 0
github.com/moedahpos/backend/internal/service/report_service.go:127.25,133.3 5 0
github.com/moedahpos/backend/internal/service/report_service.go:134.2,135.20 2 0
github.com/moedahpos/backend/internal/service/report_service.go:135.20,137.3 1 0
github.com/moedahpos/backend/internal/service/report_service.go:138.2,146.8 1 0
github.com/moedahpos/backend/internal/service/report_service.go:150.111,153.16 3 1
github.com/moedahpos/backend/internal/service/report_service.go:153.16,155.3 1 0
github.com/moedahpos/backend/internal/service/report_service.go:157.2,159.25 3 1
github.com/moedahpos/backend/internal/service/report_service.go:159.25,164.45 5 1
github.com/moedahpos/backend/internal/service/report_service.go:164.45,166.4 1 1
github.com/moedahpos/backend/internal/service/report_service.go:168.2,176.8 1 1
github.com/moedahpos/backend/internal/service/report_service.go:180.128,186.19 5 0
github.com/moedahpos/backend/internal/service/report_service.go:186.19,187.56 1 0
github.com/moedahpos/backend/internal/service/report_service.go:187.56,190.4 2 0
github.com/moedahpos/backend/internal/service/report_service.go:193.2,194.16 2 0
github.com/moedahpos/backend/internal/service/report_service.go:194.16,196.3 1 0
github.com/moedahpos/backend/internal/service/report_service.go:197.2,197.18 1 0
github.com/moedahpos/backend/internal/service/restaurant_service.go:48.78,50.2 1 1
github.com/moedahpos/backend/internal/service/restaurant_service.go:52.96,54.16 2 1
github.com/moedahpos/backend/internal/service/restaurant_service.go:54.16,56.3 1 0
github.com/moedahpos/backend/internal/service/restaurant_service.go:57.2,58.27 2 1
github.com/moedahpos/backend/internal/service/restaurant_service.go:58.27,60.3 1 1
github.com/moedahpos/backend/internal/service/restaurant_service.go:61.2,61.18 1 1
github.com/moedahpos/backend/internal/service/restaurant_service.go:64.125,73.16 3 1
github.com/moedahpos/backend/internal/service/restaurant_service.go:73.16,75.3 1 0
github.com/moedahpos/backend/internal/service/restaurant_service.go:76.2,77.38 2 1
github.com/moedahpos/backend/internal/service/restaurant_service.go:80.120,82.16 2 0
github.com/moedahpos/backend/internal/service/restaurant_service.go:82.16,84.3 1 0
github.com/moedahpos/backend/internal/service/restaurant_service.go:85.2,85.21 1 0
github.com/moedahpos/backend/internal/service/restaurant_service.go:85.21,87.3 1 0
github.com/moedahpos/backend/internal/service/restaurant_service.go:88.2,91.25 4 0
github.com/moedahpos/backend/internal/service/restaurant_service.go:91.25,93.3 1 0
github.com/moedahpos/backend/internal/service/restaurant_service.go:94.2,95.16 2 0
github.com/moedahpos/backend/internal/service/restaurant_service.go:95.16,97.3 1 0
github.com/moedahpos/backend/internal/service/restaurant_service.go:98.2,98.38 1 0
github.com/moedahpos/backend/internal/service/restaurant_service.go:101.102,102.61 1 0
github.com/moedahpos/backend/internal/service/restaurant_service.go:102.61,104.3 1 0
github.com/moedahpos/backend/internal/service/restaurant_service.go:105.2,105.12 1 0
github.com/moedahpos/backend/internal/service/restaurant_service.go:108.69,109.51 1 0
github.com/moedahpos/backend/internal/service/restaurant_service.go:109.51,111.3 1 0
github.com/moedahpos/backend/internal/service/restaurant_service.go:112.2,112.12 1 0
github.com/moedahpos/backend/internal/service/restaurant_service.go:122.87,124.2 1 1
github.com/moedahpos/backend/internal/service/restaurant_service.go:126.102,128.16 2 1
github.com/moedahpos/backend/internal/service/restaurant_service.go:128.16,130.3 1 0
github.com/moedahpos/backend/internal/service/restaurant_service.go:131.2,132.29 2 1
github.com/moedahpos/backend/internal/service/restaurant_service.go:132.29,134.3 1 1
github.com/moedahpos/backend/internal/service/restaurant_service.go:135.2,135.18 1 1
github.com/moedahpos/backend/internal/service/restaurant_service.go:138.134,141.29 3 1
github.com/moedahpos/backend/internal/service/restaurant_service.go:141.29,143.3 1 0
github.com/moedahpos/backend/internal/service/restaurant_service.go:145.2,158.16 3 1
github.com/moedahpos/backend/internal/service/restaurant_service.go:158.16,160.3 1 0
github.com/moedahpos/backend/internal/service/restaurant_service.go:163.2,163.30 1 1
github.com/moedahpos/backend/internal/service/restaurant_service.go:163.30,165.39 2 0
github.com/moedahpos/backend/internal/service/restaurant_service.go:165.39,171.4 1 0
github.com/moedahpos/backend/internal/service/restaurant_service.go:172.3,172.74 1 0
github.com/moedahpos/backend/internal/service/restaurant_service.go:172.74,174.4 1 0
github.com/moedahpos/backend/internal/service/restaurant_service.go:177.2,179.38 3 1
github.com/moedahpos/backend/internal/service/restaurant_service.go:182.129,184.16 2 0
github.com/moedahpos/backend/internal/service/restaurant_service.go:184.16,186.3 1 0
github.com/moedahpos/backend/internal/service/restaurant_service.go:187.2,187.21 1 0
github.com/moedahpos/backend/internal/service/restaurant_service.go:187.21,189.3 1 0
github.com/moedahpos/backend/internal/service/restaurant_service.go:191.2,196.29 6 0
github.com/moedahpos/backend/internal/service/restaurant_service.go:196.29,198.3 1 0
github.com/moedahpos/backend/internal/service/restaurant_service.go:198.8,200.3 1 0
github.com/moedahpos/backend/internal/service/restaurant_service.go:201.2,205.25 5 0
github.com/moedahpos/backend/internal/service/restaurant_service.go:205.25,207.3 1 0
github.com/moedahpos/backend/internal/service/restaurant_service.go:209.2,210.16 2 0
github.com/moedahpos/backend/internal/service/restaurant_service.go:210.16,212.3 1 0
github.com/moedahpos/backend/internal/service/restaurant_service.go:215.2,216.38 2 0
github.com/moedahpos/backend/internal/service/restaurant_service.go:216.38,222.3 1 0
github.com/moedahpos/backend/internal/service/restaurant_service.go:223.2,223.73 1 0
github.com/moedahpos/backend/internal/service/restaurant_service.go:223.73,225.3 1 0
github.com/moedahpos/backend/internal/service/restaurant_service.go:227.2,228.38 2 0
github.com/moedahpos/backend/internal/service/restaurant_service.go:231.72,232.51 1 0
github.com/moedahpos/backend/internal/service/restaurant_service.go:232.51,234.3 1 0
github.com/moedahpos/backend/internal/service/restaurant_service.go:235.2,235.12 1 0
github.com/moedahpos/backend/internal/service/restaurant_service.go:240.68,251.20 2 1
github.com/moedahpos/backend/internal/service/restaurant_service.go:251.20,253.3 1 0
github.com/moedahpos/backend/internal/service/restaurant_service.go:254.2,254.10 1 1
github.com/moedahpos/backend/internal/service/restaurant_service.go:257.70,258.17 1 1
github.com/moedahpos/backend/internal/service/restaurant_service.go:258.17,260.3 1 0
github.com/moedahpos/backend/internal/service/restaurant_service.go:261.2,262.29 2 1
github.com/moedahpos/backend/internal/service/restaurant_service.go:262.29,264.3 1 0
github.com/moedahpos/backend/internal/service/restaurant_service.go:267.2,269.39 3 1
github.com/moedahpos/backend/internal/service/restaurant_service.go:269.39,280.3 2 0
github.com/moedahpos/backend/internal/service/restaurant_service.go:282.2,305.26 3 1
github.com/moedahpos/backend/internal/service/restaurant_service.go:305.26,307.3 1 0
github.com/moedahpos/backend/internal/service/restaurant_service.go:308.2,308.10 1 1
github.com/moedahpos/backend/internal/service/stock_adjustment_service.go:16.140,18.2 1 1
github.com/moedahpos/backend/internal/service/stock_adjustment_service.go:20.138,24.124 2 1
github.com/moedahpos/backend/internal/service/stock_adjustment_service.go:24.124,26.3 1 0
github.com/moedahpos/backend/internal/service/stock_adjustment_service.go:28.2,28.66 1 1
github.com/moedahpos/backend/internal/service/stock_adjustment_service.go:28.66,30.3 1 1
github.com/moedahpos/backend/internal/service/stock_adjustment_service.go:32.2,32.65 1 1
github.com/moedahpos/backend/internal/service/stock_adjustment_service.go:32.65,34.3 1 0
github.com/moedahpos/backend/internal/service/stock_adjustment_service.go:36.2,36.77 1 1
github.com/moedahpos/backend/internal/service/stock_adjustment_service.go:36.77,38.3 1 0
github.com/moedahpos/backend/internal/service/stock_adjustment_service.go:40.2,47.12 2 1
github.com/moedahpos/backend/internal/service/stock_adjustment_service.go:50.146,52.2 1 0
github.com/moedahpos/backend/internal/service/stock_service.go:29.136,31.2 1 1
github.com/moedahpos/backend/internal/service/stock_service.go:34.130,36.16 2 1
github.com/moedahpos/backend/internal/service/stock_service.go:36.16,38.3 1 1
github.com/moedahpos/backend/internal/service/stock_service.go:39.2,40.27 2 1
github.com/moedahpos/backend/internal/service/stock_service.go:40.27,42.3 1 1
github.com/moedahpos/backend/internal/service/stock_service.go:43.2,43.18 1 1
github.com/moedahpos/backend/internal/service/stock_service.go:47.121,49.16 2 1
github.com/moedahpos/backend/internal/service/stock_service.go:49.16,51.3 1 0
github.com/moedahpos/backend/internal/service/stock_service.go:52.2,52.18 1 1
github.com/moedahpos/backend/internal/service/stock_service.go:52.18,54.3 1 1
github.com/moedahpos/backend/internal/service/stock_service.go:55.2,55.41 1 1
github.com/moedahpos/backend/internal/service/stock_service.go:59.150,62.16 2 1
github.com/moedahpos/backend/internal/service/stock_service.go:62.16,64.3 1 0
github.com/moedahpos/backend/internal/service/stock_service.go:65.2,65.50 1 1
github.com/moedahpos/backend/internal/service/stock_service.go:65.50,67.3 1 1
github.com/moedahpos/backend/internal/service/stock_service.go:69.2,77.16 2 1
github.com/moedahpos/backend/internal/service/stock_service.go:77.16,79.3 1 0
github.com/moedahpos/backend/internal/service/stock_service.go:81.2,87.41 2 1
github.com/moedahpos/backend/internal/service/stock_service.go:91.108,93.16 2 1
github.com/moedahpos/backend/internal/service/stock_service.go:93.16,95.3 1 0
github.com/moedahpos/backend/internal/service/stock_service.go:96.2,96.50 1 1
github.com/moedahpos/backend/internal/service/stock_service.go:96.50,98.3 1 1
github.com/moedahpos/backend/internal/service/stock_service.go:99.2,99.81 1 1
github.com/moedahpos/backend/internal/service/stock_service.go:103.148,106.16 3 1
github.com/moedahpos/backend/internal/service/stock_service.go:106.16,108.3 1 0
github.com/moedahpos/backend/internal/service/stock_service.go:109.2,110.30 2 1
github.com/moedahpos/backend/internal/service/stock_service.go:110.30,112.3 1 1
github.com/moedahpos/backend/internal/service/stock_service.go:113.2,113.62 1 1
github.com/moedahpos/backend/internal/service/stock_service.go:118.73,131.2 1 1
github.com/moedahpos/backend/internal/service/stock_service.go:133.77,147.2 1 1
github.com/moedahpos/backend/internal/service/store_service.go:31.130,33.2 1 1
github.com/moedahpos/backend/internal/service/store_service.go:35.134,38.16 3 1
github.com/moedahpos/backend/internal/service/store_service.go:38.16,40.3 1 0
github.com/moedahpos/backend/internal/service/store_service.go:41.2,42.28 2 1
github.com/moedahpos/backend/internal/service/store_service.go:42.28,44.3 1 1
github.com/moedahpos/backend/internal/service/store_service.go:45.2,45.62 1 1
github.com/moedahpos/backend/internal/service/store_service.go:48.93,50.16 2 1
github.com/moedahpos/backend/internal/service/store_service.go:50.16,52.3 1 0
github.com/moedahpos/backend/internal/service/store_service.go:53.2,53.18 1 1
github.com/moedahpos/backend/internal/service/store_service.go:53.18,55.3 1 1
github.com/moedahpos/backend/internal/service/store_service.go:56.2,56.36 1 1
github.com/moedahpos/backend/internal/service/store_service.go:59.114,60.24 1 1
github.com/moedahpos/backend/internal/service/store_service.go:60.24,62.3 1 1
github.com/moedahpos/backend/internal/service/store_service.go:63.2,63.25 1 1
github.com/moedahpos/backend/internal/service/store_service.go:63.25,65.3 1 1
github.com/moedahpos/backend/internal/service/store_service.go:66.2,71.16 2 1
github.com/moedahpos/backend/internal/service/store_service.go:71.16,73.3 1 0
github.com/moedahpos/backend/internal/service/store_service.go:74.2,75.36 2 1
github.com/moedahpos/backend/internal/service/store_service.go:78.125,80.16 2 1
github.com/moedahpos/backend/internal/service/store_service.go:80.16,82.3 1 0
github.com/moedahpos/backend/internal/service/store_service.go:83.2,83.18 1 1
github.com/moedahpos/backend/internal/service/store_service.go:83.18,85.3 1 0
github.com/moedahpos/backend/internal/service/store_service.go:86.2,91.24 6 1
github.com/moedahpos/backend/internal/service/store_service.go:91.24,93.3 1 0
github.com/moedahpos/backend/internal/service/store_service.go:94.2,94.25 1 1
github.com/moedahpos/backend/internal/service/store_service.go:94.25,96.3 1 0
github.com/moedahpos/backend/internal/service/store_service.go:97.2,97.25 1 1
github.com/moedahpos/backend/internal/service/store_service.go:97.25,99.3 1 0
github.com/moedahpos/backend/internal/service/store_service.go:100.2,101.16 2 1
github.com/moedahpos/backend/internal/service/store_service.go:101.16,103.3 1 0
github.com/moedahpos/backend/internal/service/store_service.go:104.2,104.38 1 1
github.com/moedahpos/backend/internal/service/store_service.go:108.74,110.16 2 1
github.com/moedahpos/backend/internal/service/store_service.go:110.16,112.3 1 0
github.com/moedahpos/backend/internal/service/store_service.go:113.2,113.18 1 1
github.com/moedahpos/backend/internal/service/store_service.go:113.18,115.3 1 0
github.com/moedahpos/backend/internal/service/store_service.go:116.2,116.56 1 1
github.com/moedahpos/backend/internal/service/store_service.go:116.56,118.3 1 0
github.com/moedahpos/backend/internal/service/store_service.go:119.2,120.12 2 1
github.com/moedahpos/backend/internal/service/store_service.go:125.104,126.52 1 1
github.com/moedahpos/backend/internal/service/store_service.go:126.52,128.3 1 0
github.com/moedahpos/backend/internal/service/store_service.go:129.2,130.16 2 1
github.com/moedahpos/backend/internal/service/store_service.go:130.16,132.3 1 0
github.com/moedahpos/backend/internal/service/store_service.go:133.2,134.28 2 1
github.com/moedahpos/backend/internal/service/store_service.go:134.28,136.3 1 1
github.com/moedahpos/backend/internal/service/store_service.go:137.2,137.18 1 1
github.com/moedahpos/backend/internal/service/store_service.go:140.104,141.52 1 1
github.com/moedahpos/backend/internal/service/store_service.go:141.52,143.3 1 0
github.com/moedahpos/backend/internal/service/store_service.go:144.2,145.16 2 1
github.com/moedahpos/backend/internal/service/store_service.go:145.16,147.3 1 0
github.com/moedahpos/backend/internal/service/store_service.go:148.2,148.42 1 1
github.com/moedahpos/backend/internal/service/store_service.go:148.42,150.3 1 1
github.com/moedahpos/backend/internal/service/store_service.go:151.2,153.4 1 1
github.com/moedahpos/backend/internal/service/store_service.go:156.126,158.16 2 1
github.com/moedahpos/backend/internal/service/store_service.go:158.16,160.3 1 0
github.com/moedahpos/backend/internal/service/store_service.go:161.2,161.14 1 1
github.com/moedahpos/backend/internal/service/store_service.go:161.14,163.3 1 0
github.com/moedahpos/backend/internal/service/store_service.go:164.2,164.71 1 1
github.com/moedahpos/backend/internal/service/store_service.go:168.88,170.16 2 1
github.com/moedahpos/backend/internal/service/store_service.go:170.16,172.3 1 0
github.com/moedahpos/backend/internal/service/store_service.go:173.2,173.14 1 1
github.com/moedahpos/backend/internal/service/store_service.go:173.14,175.3 1 1
github.com/moedahpos/backend/internal/service/store_service.go:176.2,176.59 1 1
github.com/moedahpos/backend/internal/service/store_service.go:181.58,183.21 2 1
github.com/moedahpos/backend/internal/service/store_service.go:183.21,185.3 1 1
github.com/moedahpos/backend/internal/service/store_service.go:186.2,199.24 2 1
github.com/moedahpos/backend/internal/service/store_service.go:199.24,202.3 2 0
github.com/moedahpos/backend/internal/service/store_service.go:203.2,203.10 1 1
github.com/moedahpos/backend/internal/service/store_service.go:206.66,216.2 1 1
github.com/moedahpos/backend/internal/service/supplier_service.go:27.106,29.2 1 1
github.com/moedahpos/backend/internal/service/supplier_service.go:31.146,34.16 3 1
github.com/moedahpos/backend/internal/service/supplier_service.go:34.16,36.3 1 0
github.com/moedahpos/backend/internal/service/supplier_service.go:37.2,38.30 2 1
github.com/moedahpos/backend/internal/service/supplier_service.go:38.30,40.3 1 1
github.com/moedahpos/backend/internal/service/supplier_service.go:41.2,41.62 1 1
github.com/moedahpos/backend/internal/service/supplier_service.go:44.102,46.16 2 1
github.com/moedahpos/backend/internal/service/supplier_service.go:46.16,48.3 1 0
github.com/moedahpos/backend/internal/service/supplier_service.go:49.2,49.21 1 1
github.com/moedahpos/backend/internal/service/supplier_service.go:49.21,51.3 1 1
github.com/moedahpos/backend/internal/service/supplier_service.go:52.2,52.42 1 1
github.com/moedahpos/backend/internal/service/supplier_service.go:55.126,64.16 2 1
github.com/moedahpos/backend/internal/service/supplier_service.go:64.16,66.3 1 0
github.com/moedahpos/backend/internal/service/supplier_service.go:67.2,68.42 2 1
github.com/moedahpos/backend/internal/service/supplier_service.go:71.137,73.16 2 1
github.com/moedahpos/backend/internal/service/supplier_service.go:73.16,75.3 1 0
github.com/moedahpos/backend/internal/service/supplier_service.go:76.2,76.21 1 1
github.com/moedahpos/backend/internal/service/supplier_service.go:76.21,78.3 1 0
github.com/moedahpos/backend/internal/service/supplier_service.go:79.2,84.25 6 1
github.com/moedahpos/backend/internal/service/supplier_service.go:84.25,86.3 1 0
github.com/moedahpos/backend/internal/service/supplier_service.go:87.2,88.16 2 1
github.com/moedahpos/backend/internal/service/supplier_service.go:88.16,90.3 1 0
github.com/moedahpos/backend/internal/service/supplier_service.go:91.2,91.41 1 1
github.com/moedahpos/backend/internal/service/supplier_service.go:95.80,97.16 2 1
github.com/moedahpos/backend/internal/service/supplier_service.go:97.16,99.3 1 0
github.com/moedahpos/backend/internal/service/supplier_service.go:100.2,100.21 1 1
github.com/moedahpos/backend/internal/service/supplier_service.go:100.21,102.3 1 0
github.com/moedahpos/backend/internal/service/supplier_service.go:103.2,103.59 1 1
github.com/moedahpos/backend/internal/service/supplier_service.go:103.59,105.3 1 0
github.com/moedahpos/backend/internal/service/supplier_service.go:106.2,107.12 2 1
github.com/moedahpos/backend/internal/service/supplier_service.go:110.67,122.24 2 1
github.com/moedahpos/backend/internal/service/supplier_service.go:122.24,125.3 2 0
github.com/moedahpos/backend/internal/service/supplier_service.go:126.2,126.10 1 1
github.com/moedahpos/backend/internal/service/termin_service.go:53.18,62.2 1 1
github.com/moedahpos/backend/internal/service/termin_service.go:69.147,71.16 2 1
github.com/moedahpos/backend/internal/service/termin_service.go:71.16,73.3 1 0
github.com/moedahpos/backend/internal/service/termin_service.go:74.2,74.15 1 1
github.com/moedahpos/backend/internal/service/termin_service.go:74.15,76.3 1 0
github.com/moedahpos/backend/internal/service/termin_service.go:77.2,77.35 1 1
github.com/moedahpos/backend/internal/service/termin_service.go:77.35,79.3 1 0
github.com/moedahpos/backend/internal/service/termin_service.go:82.2,84.32 3 1
github.com/moedahpos/backend/internal/service/termin_service.go:84.32,86.17 2 1
github.com/moedahpos/backend/internal/service/termin_service.go:86.17,88.4 1 0
github.com/moedahpos/backend/internal/service/termin_service.go:89.3,96.26 2 1
github.com/moedahpos/backend/internal/service/termin_service.go:100.2,100.35 1 1
github.com/moedahpos/backend/internal/service/termin_service.go:100.35,106.3 1 0
github.com/moedahpos/backend/internal/service/termin_service.go:108.2,108.72 1 1
github.com/moedahpos/backend/internal/service/termin_service.go:108.72,110.3 1 0
github.com/moedahpos/backend/internal/service/termin_service.go:111.2,113.39 2 1
github.com/moedahpos/backend/internal/service/termin_service.go:117.107,119.16 2 1
github.com/moedahpos/backend/internal/service/termin_service.go:119.16,121.3 1 0
github.com/moedahpos/backend/internal/service/termin_service.go:123.2,125.28 3 1
github.com/moedahpos/backend/internal/service/termin_service.go:125.28,128.17 2 1
github.com/moedahpos/backend/internal/service/termin_service.go:128.17,130.4 1 0
github.com/moedahpos/backend/internal/service/termin_service.go:131.3,132.61 2 1
github.com/moedahpos/backend/internal/service/termin_service.go:134.2,134.17 1 1
github.com/moedahpos/backend/internal/service/termin_service.go:144.151,146.16 2 1
github.com/moedahpos/backend/internal/service/termin_service.go:146.16,148.3 1 0
github.com/moedahpos/backend/internal/service/termin_service.go:149.2,149.19 1 1
github.com/moedahpos/backend/internal/service/termin_service.go:149.19,151.3 1 0
github.com/moedahpos/backend/internal/service/termin_service.go:154.2,154.39 1 1
github.com/moedahpos/backend/internal/service/termin_service.go:154.39,157.3 1 1
github.com/moedahpos/backend/internal/service/termin_service.go:159.2,160.16 2 1
github.com/moedahpos/backend/internal/service/termin_service.go:160.16,162.3 1 0
github.com/moedahpos/backend/internal/service/termin_service.go:164.2,172.16 2 1
github.com/moedahpos/backend/internal/service/termin_service.go:172.16,174.3 1 0
github.com/moedahpos/backend/internal/service/termin_service.go:177.2,177.65 1 1
github.com/moedahpos/backend/internal/service/termin_service.go:177.65,179.3 1 0
github.com/moedahpos/backend/internal/service/termin_service.go:181.2,184.31 4 1
github.com/moedahpos/backend/internal/service/termin_service.go:184.31,187.3 2 1
github.com/moedahpos/backend/internal/service/termin_service.go:189.2,200.45 3 1
github.com/moedahpos/backend/internal/service/termin_service.go:206.111,208.29 2 1
github.com/moedahpos/backend/internal/service/termin_service.go:208.29,210.3 1 0
github.com/moedahpos/backend/internal/service/termin_service.go:211.2,212.16 2 1
github.com/moedahpos/backend/internal/service/termin_service.go:212.16,214.3 1 0
github.com/moedahpos/backend/internal/service/termin_service.go:215.2,225.8 1 1
github.com/moedahpos/backend/internal/service/termin_service.go:233.118,235.29 2 0
github.com/moedahpos/backend/internal/service/termin_service.go:235.29,237.3 1 0
github.com/moedahpos/backend/internal/service/termin_service.go:239.2,240.16 2 0
github.com/moedahpos/backend/internal/service/termin_service.go:240.16,242.3 1 0
github.com/moedahpos/backend/internal/service/termin_service.go:243.2,244.16 2 0
github.com/moedahpos/backend/internal/service/termin_service.go:244.16,246.3 1 0
github.com/moedahpos/backend/internal/service/termin_service.go:248.2,249.28 2 0
github.com/moedahpos/backend/internal/service/termin_service.go:249.28,251.3 1 0
github.com/moedahpos/backend/internal/service/termin_service.go:254.2,274.8 2 0
github.com/moedahpos/backend/internal/service/termin_service.go:279.111,281.28 2 1
github.com/moedahpos/backend/internal/service/termin_service.go:281.28,283.3 1 0
github.com/moedahpos/backend/internal/service/termin_service.go:284.2,297.3 1 1
github.com/moedahpos/backend/internal/service/termin_service.go:300.82,311.2 1 1
github.com/moedahpos/backend/internal/service/transaction_service.go:42.3,43.22 1 1
github.com/moedahpos/backend/internal/service/transaction_service.go:44.25,45.45 1 1
github.com/moedahpos/backend/internal/service/transaction_service.go:46.28,47.29 1 1
github.com/moedahpos/backend/internal/service/transaction_service.go:48.10,49.55 1 1
github.com/moedahpos/backend/internal/service/transaction_service.go:51.2,51.20 1 1
github.com/moedahpos/backend/internal/service/transaction_service.go:51.20,53.3 1 1
github.com/moedahpos/backend/internal/service/transaction_service.go:54.2,58.8 5 1
github.com/moedahpos/backend/internal/service/transaction_service.go:70.72,71.24 1 1
github.com/moedahpos/backend/internal/service/transaction_service.go:71.24,73.3 1 0
github.com/moedahpos/backend/internal/service/transaction_service.go:76.2,77.27 2 1
github.com/moedahpos/backend/internal/service/transaction_service.go:77.27,79.3 1 1
github.com/moedahpos/backend/internal/service/transaction_service.go:80.2,80.23 1 1
github.com/moedahpos/backend/internal/service/transaction_service.go:80.23,82.3 1 0
github.com/moedahpos/backend/internal/service/transaction_service.go:85.2,86.22 2 1
github.com/moedahpos/backend/internal/service/transaction_service.go:87.25,88.30 1 1
github.com/moedahpos/backend/internal/service/transaction_service.go:89.10,90.51 1 1
github.com/moedahpos/backend/internal/service/transaction_service.go:93.2,93.32 1 1
github.com/moedahpos/backend/internal/service/transaction_service.go:93.32,95.3 1 1
github.com/moedahpos/backend/internal/service/transaction_service.go:97.2,100.27 3 1
github.com/moedahpos/backend/internal/service/transaction_service.go:100.27,102.24 2 1
github.com/moedahpos/backend/internal/service/transaction_service.go:102.24,106.4 2 1
github.com/moedahpos/backend/internal/service/transaction_service.go:106.9,107.24 1 1
github.com/moedahpos/backend/internal/service/transaction_service.go:108.27,112.50 3 1
github.com/moedahpos/backend/internal/service/transaction_service.go:113.12,114.58 1 1
github.com/moedahpos/backend/internal/service/transaction_service.go:116.4,116.52 1 1
github.com/moedahpos/backend/internal/service/transaction_service.go:119.3,120.25 2 1
github.com/moedahpos/backend/internal/service/transaction_service.go:120.25,122.4 1 0
github.com/moedahpos/backend/internal/service/transaction_service.go:123.3,129.42 6 1
github.com/moedahpos/backend/internal/service/transaction_service.go:132.2,133.8 2 1
github.com/moedahpos/backend/internal/service/transaction_service.go:155.23,165.2 1 1
github.com/moedahpos/backend/internal/service/transaction_service.go:168.163,176.33 2 1
github.com/moedahpos/backend/internal/service/transaction_service.go:176.33,177.28 1 1
github.com/moedahpos/backend/internal/service/transaction_service.go:177.28,180.18 2 1
github.com/moedahpos/backend/internal/service/transaction_service.go:180.18,182.5 1 0
github.com/moedahpos/backend/internal/service/transaction_service.go:183.4,183.54 1 1
github.com/moedahpos/backend/internal/service/transaction_service.go:183.54,185.5 1 0
github.com/moedahpos/backend/internal/service/transaction_service.go:188.4,188.45 1 1
github.com/moedahpos/backend/internal/service/transaction_service.go:188.45,191.19 3 1
github.com/moedahpos/backend/internal/service/transaction_service.go:191.19,193.6 1 0
github.com/moedahpos/backend/internal/service/transaction_service.go:194.5,194.48 1 1
github.com/moedahpos/backend/internal/service/transaction_service.go:194.48,197.6 1 1
github.com/moedahpos/backend/internal/service/transaction_service.go:201.4,203.22 3 1
github.com/moedahpos/backend/internal/service/transaction_service.go:203.22,206.5 2 1
github.com/moedahpos/backend/internal/service/transaction_service.go:208.4,217.45 6 1
github.com/moedahpos/backend/internal/service/transaction_service.go:217.45,219.26 2 1
github.com/moedahpos/backend/internal/service/transaction_service.go:219.26,221.6 1 1
github.com/moedahpos/backend/internal/service/transaction_service.go:224.4,239.6 2 1
github.com/moedahpos/backend/internal/service/transaction_service.go:240.9,243.18 2 1
github.com/moedahpos/backend/internal/service/transaction_service.go:243.18,245.5 1 0
github.com/moedahpos/backend/internal/service/transaction_service.go:246.4,246.52 1 1
github.com/moedahpos/backend/internal/service/transaction_service.go:246.52,248.5 1 0
github.com/moedahpos/backend/internal/service/transaction_service.go:249.4,249.25 1 1
github.com/moedahpos/backend/internal/service/transaction_service.go:249.25,251.5 1 1
github.com/moedahpos/backend/internal/service/transaction_service.go:253.4,254.18 2 1
github.com/moedahpos/backend/internal/service/transaction_service.go:254.18,256.5 1 0
github.com/moedahpos/backend/internal/service/transaction_service.go:257.4,257.54 1 1
github.com/moedahpos/backend/internal/service/transaction_service.go:257.54,260.5 1 1
github.com/moedahpos/backend/internal/service/transaction_service.go:263.4,266.22 3 1
github.com/moedahpos/backend/internal/service/transaction_service.go:266.22,269.5 2 1
github.com/moedahpos/backend/internal/service/transaction_service.go:271.4,292.6 6 1
github.com/moedahpos/backend/internal/service/transaction_service.go:297.2,298.24 2 1
github.com/moedahpos/backend/internal/service/transaction_service.go:298.24,300.3 1 1
github.com/moedahpos/backend/internal/service/transaction_service.go:301.2,302.31 2 1
github.com/moedahpos/backend/internal/service/transaction_service.go:302.31,306.33 3 1
github.com/moedahpos/backend/internal/service/transaction_service.go:306.33,311.4 4 1
github.com/moedahpos/backend/internal/service/transaction_service.go:312.3,312.18 1 1
github.com/moedahpos/backend/internal/service/transaction_service.go:315.2,316.31 2 1
github.com/moedahpos/backend/internal/service/transaction_service.go:316.31,318.3 1 1
github.com/moedahpos/backend/internal/service/transaction_service.go:320.2,339.16 2 1
github.com/moedahpos/backend/internal/service/transaction_service.go:339.16,341.3 1 0
github.com/moedahpos/backend/internal/service/transaction_service.go:344.2,344.33 1 1
github.com/moedahpos/backend/internal/service/transaction_service.go:344.33,345.28 1 1
github.com/moedahpos/backend/internal/service/transaction_service.go:345.28,346.12 1 1
github.com/moedahpos/backend/internal/service/transaction_service.go:348.3,349.22 2 1
github.com/moedahpos/backend/internal/service/transaction_service.go:349.22,350.12 1 0
github.com/moedahpos/backend/internal/service/transaction_service.go:352.3,352.44 1 1
github.com/moedahpos/backend/internal/service/transaction_service.go:352.44,356.90 3 1
github.com/moedahpos/backend/internal/service/transaction_service.go:356.90,358.5 1 0
github.com/moedahpos/backend/internal/service/transaction_service.go:365.2,365.33 1 1
github.com/moedahpos/backend/internal/service/transaction_service.go:365.33,366.28 1 1
github.com/moedahpos/backend/internal/service/transaction_service.go:366.28,367.12 1 1
github.com/moedahpos/backend/internal/service/transaction_service.go:369.3,369.97 1 1
github.com/moedahpos/backend/internal/service/transaction_service.go:369.97,374.4 1 0
github.com/moedahpos/backend/internal/service/transaction_service.go:377.2,385.31 3 1
github.com/moedahpos/backend/internal/service/transaction_service.go:385.31,390.3 1 1
github.com/moedahpos/backend/internal/service/transaction_service.go:391.2,394.31 2 1
github.com/moedahpos/backend/internal/service/transaction_service.go:394.31,396.3 1 1
github.com/moedahpos/backend/internal/service/transaction_service.go:398.2,398.33 1 1
github.com/moedahpos/backend/internal/service/transaction_service.go:398.33,399.56 1 1
github.com/moedahpos/backend/internal/service/transaction_service.go:399.56,401.39 2 0
github.com/moedahpos/backend/internal/service/transaction_service.go:401.39,403.5 1 0
github.com/moedahpos/backend/internal/service/transaction_service.go:404.4,409.6 1 0
github.com/moedahpos/backend/internal/service/transaction_service.go:413.2,413.40 1 1
github.com/moedahpos/backend/internal/service/transaction_service.go:417.158,420.16 3 1
github.com/moedahpos/backend/internal/service/transaction_service.go:420.16,422.3 1 1
github.com/moedahpos/backend/internal/service/transaction_service.go:423.2,424.25 2 1
github.com/moedahpos/backend/internal/service/transaction_service.go:424.25,426.3 1 1
github.com/moedahpos/backend/internal/service/transaction_service.go:427.2,427.62 1 1
github.com/moedahpos/backend/internal/service/transaction_service.go:431.111,433.16 2 1
github.com/moedahpos/backend/internal/service/transaction_service.go:433.16,435.3 1 0
github.com/moedahpos/backend/internal/service/transaction_service.go:436.2,436.16 1 1
github.com/moedahpos/backend/internal/service/transaction_service.go:436.16,438.3 1 0
github.com/moedahpos/backend/internal/service/transaction_service.go:439.2,439.40 1 1
github.com/moedahpos/backend/internal/service/transaction_service.go:443.92,445.16 2 1
github.com/moedahpos/backend/internal/service/transaction_service.go:445.16,447.3 1 0
github.com/moedahpos/backend/internal/service/transaction_service.go:448.2,448.16 1 1
github.com/moedahpos/backend/internal/service/transaction_service.go:448.16,450.3 1 1
github.com/moedahpos/backend/internal/service/transaction_service.go:451.2,451.28 1 1
github.com/moedahpos/backend/internal/service/transaction_service.go:451.28,453.3 1 1
github.com/moedahpos/backend/internal/service/transaction_service.go:454.2,454.56 1 1
github.com/moedahpos/backend/internal/service/transaction_service.go:454.56,456.3 1 1
github.com/moedahpos/backend/internal/service/transaction_service.go:457.2,463.12 3 1
github.com/moedahpos/backend/internal/service/transaction_service.go:469.196,472.20 3 1
github.com/moedahpos/backend/internal/service/transaction_service.go:472.20,475.3 2 1
github.com/moedahpos/backend/internal/service/transaction_service.go:477.2,481.43 3 1
github.com/moedahpos/backend/internal/service/transaction_service.go:481.43,483.24 2 1
github.com/moedahpos/backend/internal/service/transaction_service.go:483.24,485.4 1 1
github.com/moedahpos/backend/internal/service/transaction_service.go:488.2,489.20 2 1
github.com/moedahpos/backend/internal/service/transaction_service.go:489.20,491.3 1 0
github.com/moedahpos/backend/internal/service/transaction_service.go:493.2,508.39 3 1
github.com/moedahpos/backend/internal/service/transaction_service.go:512.181,515.20 3 1
github.com/moedahpos/backend/internal/service/transaction_service.go:515.20,518.3 2 1
github.com/moedahpos/backend/internal/service/transaction_service.go:520.2,539.39 4 1
github.com/moedahpos/backend/internal/service/transaction_service.go:544.75,548.32 3 1
github.com/moedahpos/backend/internal/service/transaction_service.go:548.32,549.28 1 1
github.com/moedahpos/backend/internal/service/transaction_service.go:549.28,551.68 2 1
github.com/moedahpos/backend/internal/service/transaction_service.go:551.68,553.5 1 0
github.com/moedahpos/backend/internal/service/transaction_service.go:554.4,555.18 2 1
github.com/moedahpos/backend/internal/service/transaction_service.go:555.18,557.5 1 0
github.com/moedahpos/backend/internal/service/transaction_service.go:558.4,561.21 4 1
github.com/moedahpos/backend/internal/service/transaction_service.go:562.9,564.66 2 1
github.com/moedahpos/backend/internal/service/transaction_service.go:564.66,566.5 1 0
github.com/moedahpos/backend/internal/service/transaction_service.go:567.4,568.18 2 1
github.com/moedahpos/backend/internal/service/transaction_service.go:568.18,570.5 1 0
github.com/moedahpos/backend/internal/service/transaction_service.go:571.4,574.21 4 1
github.com/moedahpos/backend/internal/service/transaction_service.go:577.2,577.55 1 1
github.com/moedahpos/backend/internal/service/transaction_service.go:581.126,583.16 2 1
github.com/moedahpos/backend/internal/service/transaction_service.go:583.16,585.3 1 0
github.com/moedahpos/backend/internal/service/transaction_service.go:586.2,586.16 1 1
github.com/moedahpos/backend/internal/service/transaction_service.go:586.16,588.3 1 1
github.com/moedahpos/backend/internal/service/transaction_service.go:589.2,589.40 1 1
github.com/moedahpos/backend/internal/service/transaction_service.go:593.153,595.16 2 1
github.com/moedahpos/backend/internal/service/transaction_service.go:595.16,597.3 1 0
github.com/moedahpos/backend/internal/service/transaction_service.go:600.2,601.24 2 1
github.com/moedahpos/backend/internal/service/transaction_service.go:601.24,603.3 1 1
github.com/moedahpos/backend/internal/service/transaction_service.go:604.2,604.31 1 1
github.com/moedahpos/backend/internal/service/transaction_service.go:604.31,607.33 3 0
github.com/moedahpos/backend/internal/service/transaction_service.go:607.33,612.4 4 0
github.com/moedahpos/backend/internal/service/transaction_service.go:615.2,631.16 3 1
github.com/moedahpos/backend/internal/service/transaction_service.go:631.16,633.3 1 0
github.com/moedahpos/backend/internal/service/transaction_service.go:634.2,635.40 2 1
github.com/moedahpos/backend/internal/service/transaction_service.go:639.154,642.35 2 1
github.com/moedahpos/backend/internal/service/transaction_service.go:642.35,644.3 1 1
github.com/moedahpos/backend/internal/service/transaction_service.go:645.2,645.67 1 1
github.com/moedahpos/backend/internal/service/transaction_service.go:645.67,647.3 1 0
github.com/moedahpos/backend/internal/service/transaction_service.go:649.2,650.16 2 1
github.com/moedahpos/backend/internal/service/transaction_service.go:650.16,652.3 1 0
github.com/moedahpos/backend/internal/service/transaction_service.go:655.2,656.24 2 1
github.com/moedahpos/backend/internal/service/transaction_service.go:656.24,658.3 1 1
github.com/moedahpos/backend/internal/service/transaction_service.go:659.2,659.31 1 1
github.com/moedahpos/backend/internal/service/transaction_service.go:659.31,662.33 3 0
github.com/moedahpos/backend/internal/service/transaction_service.go:662.33,667.4 4 0
github.com/moedahpos/backend/internal/service/transaction_service.go:670.2,672.16 3 1
github.com/moedahpos/backend/internal/service/transaction_service.go:672.16,674.3 1 0
github.com/moedahpos/backend/internal/service/transaction_service.go:675.2,676.40 2 1
github.com/moedahpos/backend/internal/service/transaction_service.go:680.154,682.35 2 1
github.com/moedahpos/backend/internal/service/transaction_service.go:682.35,684.3 1 1
github.com/moedahpos/backend/internal/service/transaction_service.go:685.2,685.67 1 1
github.com/moedahpos/backend/internal/service/transaction_service.go:685.67,687.3 1 0
github.com/moedahpos/backend/internal/service/transaction_service.go:688.2,688.40 1 1
github.com/moedahpos/backend/internal/service/transaction_service.go:688.40,690.3 1 1
github.com/moedahpos/backend/internal/service/transaction_service.go:692.2,700.16 2 1
github.com/moedahpos/backend/internal/service/transaction_service.go:700.16,702.3 1 0
github.com/moedahpos/backend/internal/service/transaction_service.go:705.2,705.38 1 1
github.com/moedahpos/backend/internal/service/transaction_service.go:705.38,706.28 1 0
github.com/moedahpos/backend/internal/service/transaction_service.go:706.28,707.12 1 0
github.com/moedahpos/backend/internal/service/transaction_service.go:714.2,725.40 4 1
github.com/moedahpos/backend/internal/service/transaction_service.go:731.117,733.16 2 1
github.com/moedahpos/backend/internal/service/transaction_service.go:733.16,735.3 1 0
github.com/moedahpos/backend/internal/service/transaction_service.go:736.2,737.25 2 1
github.com/moedahpos/backend/internal/service/transaction_service.go:737.25,739.3 1 1
github.com/moedahpos/backend/internal/service/transaction_service.go:740.2,740.18 1 1
github.com/moedahpos/backend/internal/service/transaction_service.go:744.129,745.79 1 1
github.com/moedahpos/backend/internal/service/transaction_service.go:745.79,747.3 1 0
github.com/moedahpos/backend/internal/service/transaction_service.go:748.2,748.12 1 1
github.com/moedahpos/backend/internal/service/transaction_service.go:753.76,755.29 2 1
github.com/moedahpos/backend/internal/service/transaction_service.go:755.29,773.28 2 1
github.com/moedahpos/backend/internal/service/transaction_service.go:773.28,776.4 2 1
github.com/moedahpos/backend/internal/service/transaction_service.go:778.2,801.3 1 1
github.com/moedahpos/backend/internal/service/user_admin_service.go:34.21,36.2 1 1
github.com/moedahpos/backend/internal/service/user_admin_service.go:39.148,40.14 1 1
github.com/moedahpos/backend/internal/service/user_admin_service.go:40.14,42.3 1 0
github.com/moedahpos/backend/internal/service/user_admin_service.go:43.2,43.34 1 1
github.com/moedahpos/backend/internal/service/user_admin_service.go:43.34,45.3 1 0
github.com/moedahpos/backend/internal/service/user_admin_service.go:46.2,47.16 2 1
github.com/moedahpos/backend/internal/service/user_admin_service.go:47.16,49.3 1 1
github.com/moedahpos/backend/internal/service/user_admin_service.go:51.2,52.26 2 1
github.com/moedahpos/backend/internal/service/user_admin_service.go:52.26,56.3 3 1
github.com/moedahpos/backend/internal/service/user_admin_service.go:57.2,57.25 1 1
github.com/moedahpos/backend/internal/service/user_admin_service.go:61.95,63.16 2 1
github.com/moedahpos/backend/internal/service/user_admin_service.go:63.16,65.3 1 0
github.com/moedahpos/backend/internal/service/user_admin_service.go:66.2,66.14 1 1
github.com/moedahpos/backend/internal/service/user_admin_service.go:66.14,68.3 1 1
github.com/moedahpos/backend/internal/service/user_admin_service.go:69.2,71.16 3 1
github.com/moedahpos/backend/internal/service/user_admin_service.go:75.115,77.12 2 1
github.com/moedahpos/backend/internal/service/user_admin_service.go:77.12,79.3 1 1
github.com/moedahpos/backend/internal/service/user_admin_service.go:81.2,82.16 2 1
github.com/moedahpos/backend/internal/service/user_admin_service.go:82.16,84.3 1 0
github.com/moedahpos/backend/internal/service/user_admin_service.go:86.2,91.16 2 1
github.com/moedahpos/backend/internal/service/user_admin_service.go:91.16,93.3 1 0
github.com/moedahpos/backend/internal/service/user_admin_service.go:95.2,95.25 1 1
github.com/moedahpos/backend/internal/service/user_admin_service.go:95.25,97.32 2 1
github.com/moedahpos/backend/internal/service/user_admin_service.go:97.32,99.4 1 1
github.com/moedahpos/backend/internal/service/user_admin_service.go:100.3,100.51 1 1
github.com/moedahpos/backend/internal/service/user_admin_service.go:103.2,105.16 3 1
github.com/moedahpos/backend/internal/service/user_admin_service.go:109.126,112.42 2 1
github.com/moedahpos/backend/internal/service/user_admin_service.go:112.42,114.3 1 1
github.com/moedahpos/backend/internal/service/user_admin_service.go:116.2,117.16 2 1
github.com/moedahpos/backend/internal/service/user_admin_service.go:117.16,118.43 1 0
github.com/moedahpos/backend/internal/service/user_admin_service.go:118.43,120.4 1 0
github.com/moedahpos/backend/internal/service/user_admin_service.go:121.3,121.48 1 0
github.com/moedahpos/backend/internal/service/user_admin_service.go:123.2,125.16 3 1
github.com/moedahpos/backend/internal/service/user_admin_service.go:129.81,130.55 1 1
github.com/moedahpos/backend/internal/service/user_admin_service.go:130.55,131.43 1 1
github.com/moedahpos/backend/internal/service/user_admin_service.go:131.43,133.4 1 1
github.com/moedahpos/backend/internal/service/user_admin_service.go:134.3,134.47 1 0
github.com/moedahpos/backend/internal/service/user_admin_service.go:136.2,136.12 1 1
github.com/moedahpos/backend/internal/service/user_admin_service.go:140.111,142.16 2 1
github.com/moedahpos/backend/internal/service/user_admin_service.go:142.16,144.3 1 0
github.com/moedahpos/backend/internal/service/user_admin_service.go:145.2,145.72 1 1
github.com/moedahpos/backend/internal/service/user_admin_service.go:145.72,146.43 1 0
github.com/moedahpos/backend/internal/service/user_admin_service.go:146.43,148.4 1 0
github.com/moedahpos/backend/internal/service/user_admin_service.go:149.3,149.46 1 0
github.com/moedahpos/backend/internal/service/user_admin_service.go:151.2,151.12 1 1
github.com/moedahpos/backend/internal/service/user_admin_service.go:155.136,157.28 2 1
github.com/moedahpos/backend/internal/service/user_admin_service.go:157.28,159.3 1 0
github.com/moedahpos/backend/internal/service/user_admin_service.go:161.2,162.32 2 1
github.com/moedahpos/backend/internal/service/user_admin_service.go:162.32,164.3 1 1
github.com/moedahpos/backend/internal/service/user_admin_service.go:165.2,165.71 1 1
github.com/moedahpos/backend/internal/service/user_admin_service.go:165.71,167.3 1 0
github.com/moedahpos/backend/internal/service/user_admin_service.go:169.2,171.16 3 1
github.com/moedahpos/backend/internal/service/user_admin_service.go:175.83,177.2 1 1
github.com/moedahpos/backend/internal/service/user_admin_service.go:181.81,183.27 2 1
github.com/moedahpos/backend/internal/service/user_admin_service.go:183.27,192.3 1 1
github.com/moedahpos/backend/internal/service/user_admin_service.go:194.2,195.24 2 1
github.com/moedahpos/backend/internal/service/user_admin_service.go:195.24,198.3 2 0
github.com/moedahpos/backend/internal/service/user_admin_service.go:200.2,210.3 1 1
github.com/moedahpos/backend/internal/service/util.go:4.36,5.13 1 1
github.com/moedahpos/backend/internal/service/util.go:5.13,7.3 1 1
github.com/moedahpos/backend/internal/service/util.go:8.2,8.11 1 1
github.com/moedahpos/backend/internal/service/util.go:12.36,13.14 1 1
github.com/moedahpos/backend/internal/service/util.go:13.14,15.3 1 1
github.com/moedahpos/backend/internal/service/util.go:16.2,16.11 1 0
